192.168.1.66 - - [10/Sep/2012:07:28:25 +0200] "GET /SiteWebIF/Intranet-etudiant.php?ticket=ST-34623-4JrgbB3pxlRWsp7eMlJq-dsi-vm04 HTTP/1.1" 302 - "-" "Mozilla/5.0 (X11; Ubuntu; Linux i686; rv:15.0) Gecko/20100101 Firefox/15.0"
192.168.1.66 - - [10/Sep/2012:07:28:25 +0200] "GET /SiteWebIF/Intranet-etudiant.php HTTP/1.1" 200 3833 "-" "Mozilla/5.0 (X11; Ubuntu; Linux i686; rv:15.0) Gecko/20100101 Firefox/15.0"
192.168.1.66 - - [10/Sep/2012:07:28:25 +0200] "GET /stages/style_pfe.css HTTP/1.1" 200 895 "http://intranet-if.insa-lyon.fr/SiteWebIF/Intranet-etudiant.php" "Mozilla/5.0 (X11; Ubuntu; Linux i686; rv:15.0) Gecko/20100101 Firefox/15.0"
192.168.1.66 - - [10/Sep/2012:07:28:25 +0200] "GET /stages/bandeauFinal.jpg HTTP/1.1" 200 50390 "http://intranet-if.insa-lyon.fr/SiteWebIF/Intranet-etudiant.php" "Mozilla/5.0 (X11; Ubuntu; Linux i686; rv:15.0) Gecko/20100101 Firefox/15.0"
192.168.1.66 - - [10/Sep/2012:07:28:26 +0200] "GET /stages/FondInsa.jpg HTTP/1.1" 200 2828 "http://intranet-if.insa-lyon.fr/stages/style_pfe.css" "Mozilla/5.0 (X11; Ubuntu; Linux i686; rv:15.0) Gecko/20100101 Firefox/15.0"
192.168.1.66 - - [10/Sep/2012:07:28:26 +0200] "GET /stages/InsaIF.ico HTTP/1.1" 200 766 "-" "Mozilla/5.0 (X11; Ubuntu; Linux i686; rv:15.0) Gecko/20100101 Firefox/15.0"
192.168.1.65 - - [10/Sep/2012:07:28:28 +0200] "GET /temps/3IF37.html HTTP/1.1" 200 17269 "http://intranet-if.insa-lyon.fr/temps/3IF38.html" "Mozilla/5.0 (Macintosh; Intel Mac OS X 10.7; rv:14.0) Gecko/20100101 Firefox/14.0.1"
192.168.1.65 - - [10/Sep/2012:07:28:28 +0200] "GET /temps/style_emploi_du_temps.css HTTP/1.1" 200 1216 "http://intranet-if.insa-lyon.fr/temps/3IF37.html" "Mozilla/5.0 (Macintosh; Intel Mac OS X 10.7; rv:14.0) Gecko/20100101 Firefox/14.0.1"
192.168.1.65 - - [10/Sep/2012:07:28:28 +0200] "GET /temps/FondInsa.jpg HTTP/1.1" 200 2828 "http://intranet-if.insa-lyon.fr/temps/style_emploi_du_temps.css" "Mozilla/5.0 (Macintosh; Intel Mac OS X 10.7; rv:14.0) Gecko/20100101 Firefox/14.0.1"
192.168.1.65 - - [10/Sep/2012:07:28:28 +0200] "GET /temps/precedent.gif HTTP/1.1" 200 1906 "http://intranet-if.insa-lyon.fr/temps/3IF37.html" "Mozilla/5.0 (Macintosh; Intel Mac OS X 10.7; rv:14.0) Gecko/20100101 Firefox/14.0.1"
192.168.1.65 - - [10/Sep/2012:07:28:28 +0200] "GET /temps/choix.gif HTTP/1.1" 200 2836 "http://intranet-if.insa-lyon.fr/temps/3IF37.html" "Mozilla/5.0 (Macintosh; Intel Mac OS X 10.7; rv:14.0) Gecko/20100101 Firefox/14.0.1"
192.168.1.65 - - [10/Sep/2012:07:28:28 +0200] "GET /temps/suivant.gif HTTP/1.1" 200 1634 "http://intranet-if.insa-lyon.fr/temps/3IF37.html" "Mozilla/5.0 (Macintosh; Intel Mac OS X 10.7; rv:14.0) Gecko/20100101 Firefox/14.0.1"
192.168.1.66 - - [10/Sep/2012:07:28:33 +0200] "GET /temps/ HTTP/1.1" 200 6835 "http://intranet-if.insa-lyon.fr/SiteWebIF/Intranet-etudiant.php" "Mozilla/5.0 (X11; Ubuntu; Linux i686; rv:15.0) Gecko/20100101 Firefox/15.0"
192.168.1.66 - - [10/Sep/2012:07:28:33 +0200] "GET /temps/style_emploi_du_temps.css HTTP/1.1" 200 1216 "http://intranet-if.insa-lyon.fr/temps/" "Mozilla/5.0 (X11; Ubuntu; Linux i686; rv:15.0) Gecko/20100101 Firefox/15.0"
192.168.1.66 - - [10/Sep/2012:07:28:34 +0200] "GET /temps/FondInsa.jpg HTTP/1.1" 200 2828 "http://intranet-if.insa-lyon.fr/temps/style_emploi_du_temps.css" "Mozilla/5.0 (X11; Ubuntu; Linux i686; rv:15.0) Gecko/20100101 Firefox/15.0"
192.168.1.66 - - [10/Sep/2012:07:28:34 +0200] "GET /temps/InsaIF.ico HTTP/1.1" 200 766 "-" "Mozilla/5.0 (X11; Ubuntu; Linux i686; rv:15.0) Gecko/20100101 Firefox/15.0"
192.168.1.66 - - [10/Sep/2012:07:28:37 +0200] "GET /temps/3IF37.html HTTP/1.1" 200 17269 "http://intranet-if.insa-lyon.fr/temps/" "Mozilla/5.0 (X11; Ubuntu; Linux i686; rv:15.0) Gecko/20100101 Firefox/15.0"
192.168.1.66 - - [10/Sep/2012:07:28:37 +0200] "GET /temps/precedent.gif HTTP/1.1" 200 1906 "http://intranet-if.insa-lyon.fr/temps/3IF37.html" "Mozilla/5.0 (X11; Ubuntu; Linux i686; rv:15.0) Gecko/20100101 Firefox/15.0"
192.168.1.66 - - [10/Sep/2012:07:28:37 +0200] "GET /temps/choix.gif HTTP/1.1" 200 2836 "http://intranet-if.insa-lyon.fr/temps/3IF37.html" "Mozilla/5.0 (X11; Ubuntu; Linux i686; rv:15.0) Gecko/20100101 Firefox/15.0"
192.168.1.66 - - [10/Sep/2012:07:28:37 +0200] "GET /temps/suivant.gif HTTP/1.1" 200 1634 "http://intranet-if.insa-lyon.fr/temps/3IF37.html" "Mozilla/5.0 (X11; Ubuntu; Linux i686; rv:15.0) Gecko/20100101 Firefox/15.0"
192.168.0.21 - - [10/Sep/2012:07:32:16 +0200] "GET /temps/3IF2.ics HTTP/1.1" 304 - "-" "iOS/5.1.1 (9B206) dataaccessd/1.0"
192.168.1.67 - - [10/Sep/2012:07:34:08 +0200] "GET /SiteWebIF/Intranet-etudiant.php HTTP/1.1" 302 477 "http://if.insa-lyon.fr/" "Mozilla/5.0 (Windows NT 6.1; WOW64) AppleWebKit/537.1 (KHTML, like Gecko) Chrome/21.0.1180.89 Safari/537.1"
192.168.1.67 - - [10/Sep/2012:07:34:16 +0200] "GET /SiteWebIF/Intranet-etudiant.php?ticket=ST-34725-bym6aPLsAmfAaYacUi3u-dsi-vm04 HTTP/1.1" 302 - "-" "Mozilla/5.0 (Windows NT 6.1; WOW64) AppleWebKit/537.1 (KHTML, like Gecko) Chrome/21.0.1180.89 Safari/537.1"
192.168.1.67 - - [10/Sep/2012:07:34:16 +0200] "GET /SiteWebIF/Intranet-etudiant.php HTTP/1.1" 200 3834 "-" "Mozilla/5.0 (Windows NT 6.1; WOW64) AppleWebKit/537.1 (KHTML, like Gecko) Chrome/21.0.1180.89 Safari/537.1"
192.168.1.67 - - [10/Sep/2012:07:34:16 +0200] "GET /stages/style_pfe.css HTTP/1.1" 200 895 "http://intranet-if.insa-lyon.fr/SiteWebIF/Intranet-etudiant.php" "Mozilla/5.0 (Windows NT 6.1; WOW64) AppleWebKit/537.1 (KHTML, like Gecko) Chrome/21.0.1180.89 Safari/537.1"
192.168.1.67 - - [10/Sep/2012:07:34:16 +0200] "GET /stages/bandeauFinal.jpg HTTP/1.1" 200 50390 "http://intranet-if.insa-lyon.fr/SiteWebIF/Intranet-etudiant.php" "Mozilla/5.0 (Windows NT 6.1; WOW64) AppleWebKit/537.1 (KHTML, like Gecko) Chrome/21.0.1180.89 Safari/537.1"
192.168.1.67 - - [10/Sep/2012:07:34:16 +0200] "GET /stages/FondInsa.jpg HTTP/1.1" 200 2828 "http://intranet-if.insa-lyon.fr/SiteWebIF/Intranet-etudiant.php" "Mozilla/5.0 (Windows NT 6.1; WOW64) AppleWebKit/537.1 (KHTML, like Gecko) Chrome/21.0.1180.89 Safari/537.1"
192.168.1.67 - - [10/Sep/2012:07:34:16 +0200] "GET /stages/InsaIF.ico HTTP/1.1" 200 766 "-" "Mozilla/5.0 (Windows NT 6.1; WOW64) AppleWebKit/537.1 (KHTML, like Gecko) Chrome/21.0.1180.89 Safari/537.1"
192.168.1.67 - - [10/Sep/2012:07:34:22 +0200] "GET /temps/ HTTP/1.1" 200 6835 "http://intranet-if.insa-lyon.fr/SiteWebIF/Intranet-etudiant.php" "Mozilla/5.0 (Windows NT 6.1; WOW64) AppleWebKit/537.1 (KHTML, like Gecko) Chrome/21.0.1180.89 Safari/537.1"
192.168.1.67 - - [10/Sep/2012:07:34:22 +0200] "GET /temps/style_emploi_du_temps.css HTTP/1.1" 200 1216 "http://intranet-if.insa-lyon.fr/temps/" "Mozilla/5.0 (Windows NT 6.1; WOW64) AppleWebKit/537.1 (KHTML, like Gecko) Chrome/21.0.1180.89 Safari/537.1"
192.168.1.67 - - [10/Sep/2012:07:34:22 +0200] "GET /temps/FondInsa.jpg HTTP/1.1" 200 2828 "http://intranet-if.insa-lyon.fr/temps/" "Mozilla/5.0 (Windows NT 6.1; WOW64) AppleWebKit/537.1 (KHTML, like Gecko) Chrome/21.0.1180.89 Safari/537.1"
192.168.1.67 - - [10/Sep/2012:07:34:22 +0200] "GET /temps/InsaIF.ico HTTP/1.1" 200 766 "-" "Mozilla/5.0 (Windows NT 6.1; WOW64) AppleWebKit/537.1 (KHTML, like Gecko) Chrome/21.0.1180.89 Safari/537.1"
192.168.1.67 - - [10/Sep/2012:07:34:24 +0200] "GET /temps/3IF37.html HTTP/1.1" 200 17269 "http://intranet-if.insa-lyon.fr/temps/" "Mozilla/5.0 (Windows NT 6.1; WOW64) AppleWebKit/537.1 (KHTML, like Gecko) Chrome/21.0.1180.89 Safari/537.1"
192.168.1.67 - - [10/Sep/2012:07:34:24 +0200] "GET /temps/choix.gif HTTP/1.1" 200 2836 "http://intranet-if.insa-lyon.fr/temps/3IF37.html" "Mozilla/5.0 (Windows NT 6.1; WOW64) AppleWebKit/537.1 (KHTML, like Gecko) Chrome/21.0.1180.89 Safari/537.1"
192.168.1.67 - - [10/Sep/2012:07:34:24 +0200] "GET /temps/suivant.gif HTTP/1.1" 200 1634 "http://intranet-if.insa-lyon.fr/temps/3IF37.html" "Mozilla/5.0 (Windows NT 6.1; WOW64) AppleWebKit/537.1 (KHTML, like Gecko) Chrome/21.0.1180.89 Safari/537.1"
192.168.1.67 - - [10/Sep/2012:07:34:24 +0200] "GET /temps/precedent.gif HTTP/1.1" 200 1906 "http://intranet-if.insa-lyon.fr/temps/3IF37.html" "Mozilla/5.0 (Windows NT 6.1; WOW64) AppleWebKit/537.1 (KHTML, like Gecko) Chrome/21.0.1180.89 Safari/537.1"
192.168.0.59 - - [10/Sep/2012:07:34:37 +0200] "GET /notesif/RSS/RSS_4IF.xml HTTP/1.1" 200 57760 "http://intranet-if.insa-lyon.fr/notesif/RSS/RSS_4IF.xml" "Blogtrottr/2.0"
192.168.1.67 - - [10/Sep/2012:07:34:38 +0200] "GET /SiteWebIF/Intranet-etudiant.php HTTP/1.1" 200 1815 "-" "Mozilla/5.0 (Windows NT 6.1; WOW64) AppleWebKit/537.1 (KHTML, like Gecko) Chrome/21.0.1180.89 Safari/537.1"
192.168.1.67 - - [10/Sep/2012:07:34:38 +0200] "GET /stages/style_pfe.css HTTP/1.1" 304 - "http://intranet-if.insa-lyon.fr/SiteWebIF/Intranet-etudiant.php" "Mozilla/5.0 (Windows NT 6.1; WOW64) AppleWebKit/537.1 (KHTML, like Gecko) Chrome/21.0.1180.89 Safari/537.1"
192.168.1.67 - - [10/Sep/2012:07:34:38 +0200] "GET /stages/bandeauFinal.jpg HTTP/1.1" 304 - "http://intranet-if.insa-lyon.fr/SiteWebIF/Intranet-etudiant.php" "Mozilla/5.0 (Windows NT 6.1; WOW64) AppleWebKit/537.1 (KHTML, like Gecko) Chrome/21.0.1180.89 Safari/537.1"
192.168.1.67 - - [10/Sep/2012:07:35:08 +0200] "GET /temps/INSA.jpg HTTP/1.1" 200 184548 "http://intranet-if.insa-lyon.fr/temps/3IF37.html" "Mozilla/5.0 (Windows NT 6.1; WOW64) AppleWebKit/537.1 (KHTML, like Gecko) Chrome/21.0.1180.89 Safari/537.1"
192.168.1.67 - - [10/Sep/2012:07:35:09 +0200] "GET /favicon.ico HTTP/1.1" 200 1700 "-" "Mozilla/5.0 (Windows NT 6.1; WOW64) AppleWebKit/537.1 (KHTML, like Gecko) Chrome/21.0.1180.89 Safari/537.1"
192.168.1.68 - - [10/Sep/2012:07:35:18 +0200] "GET /temps/3IF37.html HTTP/1.1" 200 17269 "-" "Mozilla/5.0 (Windows NT 6.1; WOW64) AppleWebKit/537.1 (KHTML, like Gecko) Chrome/21.0.1180.89 Safari/537.1"
192.168.1.68 - - [10/Sep/2012:07:35:19 +0200] "GET /temps/style_emploi_du_temps.css HTTP/1.1" 200 1216 "http://intranet-if.insa-lyon.fr/temps/3IF37.html" "Mozilla/5.0 (Windows NT 6.1; WOW64) AppleWebKit/537.1 (KHTML, like Gecko) Chrome/21.0.1180.89 Safari/537.1"
192.168.1.68 - - [10/Sep/2012:07:35:19 +0200] "GET /temps/FondInsa.jpg HTTP/1.1" 200 2828 "http://intranet-if.insa-lyon.fr/temps/3IF37.html" "Mozilla/5.0 (Windows NT 6.1; WOW64) AppleWebKit/537.1 (KHTML, like Gecko) Chrome/21.0.1180.89 Safari/537.1"
192.168.1.68 - - [10/Sep/2012:07:35:19 +0200] "GET /temps/precedent.gif HTTP/1.1" 200 1906 "http://intranet-if.insa-lyon.fr/temps/3IF37.html" "Mozilla/5.0 (Windows NT 6.1; WOW64) AppleWebKit/537.1 (KHTML, like Gecko) Chrome/21.0.1180.89 Safari/537.1"
192.168.1.68 - - [10/Sep/2012:07:35:19 +0200] "GET /temps/choix.gif HTTP/1.1" 200 2836 "http://intranet-if.insa-lyon.fr/temps/3IF37.html" "Mozilla/5.0 (Windows NT 6.1; WOW64) AppleWebKit/537.1 (KHTML, like Gecko) Chrome/21.0.1180.89 Safari/537.1"
192.168.1.68 - - [10/Sep/2012:07:35:19 +0200] "GET /temps/suivant.gif HTTP/1.1" 200 1634 "http://intranet-if.insa-lyon.fr/temps/3IF37.html" "Mozilla/5.0 (Windows NT 6.1; WOW64) AppleWebKit/537.1 (KHTML, like Gecko) Chrome/21.0.1180.89 Safari/537.1"
192.168.0.12 - - [10/Sep/2012:07:35:28 +0200] "GET /notesif/RSS/RSS_3IF.xml HTTP/1.1" 200 95847 "-" "Feedfetcher-Google; (+http://www.google.com/feedfetcher.html; 2 subscribers; feed-id=16425187501328177924)"
192.168.1.68 - - [10/Sep/2012:07:35:38 +0200] "GET /SiteWebIF/Intranet-etudiant.php HTTP/1.1" 302 477 "-" "Mozilla/5.0 (Windows NT 6.1; WOW64) AppleWebKit/537.1 (KHTML, like Gecko) Chrome/21.0.1180.89 Safari/537.1"
192.168.1.68 - - [10/Sep/2012:07:35:38 +0200] "GET /SiteWebIF/Intranet-etudiant.php?ticket=ST-357764-dLeacgrziobg0ugcedEy-dsi-vm03 HTTP/1.1" 302 - "-" "Mozilla/5.0 (Windows NT 6.1; WOW64) AppleWebKit/537.1 (KHTML, like Gecko) Chrome/21.0.1180.89 Safari/537.1"
192.168.1.68 - - [10/Sep/2012:07:35:38 +0200] "GET /SiteWebIF/Intranet-etudiant.php HTTP/1.1" 200 3796 "-" "Mozilla/5.0 (Windows NT 6.1; WOW64) AppleWebKit/537.1 (KHTML, like Gecko) Chrome/21.0.1180.89 Safari/537.1"
192.168.1.68 - - [10/Sep/2012:07:35:38 +0200] "GET /stages/style_pfe.css HTTP/1.1" 200 895 "http://intranet-if.insa-lyon.fr/SiteWebIF/Intranet-etudiant.php" "Mozilla/5.0 (Windows NT 6.1; WOW64) AppleWebKit/537.1 (KHTML, like Gecko) Chrome/21.0.1180.89 Safari/537.1"
192.168.1.68 - - [10/Sep/2012:07:35:38 +0200] "GET /stages/FondInsa.jpg HTTP/1.1" 200 2828 "http://intranet-if.insa-lyon.fr/SiteWebIF/Intranet-etudiant.php" "Mozilla/5.0 (Windows NT 6.1; WOW64) AppleWebKit/537.1 (KHTML, like Gecko) Chrome/21.0.1180.89 Safari/537.1"
192.168.1.68 - - [10/Sep/2012:07:35:38 +0200] "GET /stages/bandeauFinal.jpg HTTP/1.1" 200 50390 "http://intranet-if.insa-lyon.fr/SiteWebIF/Intranet-etudiant.php" "Mozilla/5.0 (Windows NT 6.1; WOW64) AppleWebKit/537.1 (KHTML, like Gecko) Chrome/21.0.1180.89 Safari/537.1"
192.168.0.29 - - [10/Sep/2012:07:35:45 +0200] "GET /temps/3IF1.ics HTTP/1.1" 304 - "-" "DataAccess/1.0 (8C148)"
192.168.1.68 - - [10/Sep/2012:07:35:49 +0200] "GET /temps/ HTTP/1.1" 200 6835 "http://intranet-if.insa-lyon.fr/SiteWebIF/Intranet-etudiant.php" "Mozilla/5.0 (Windows NT 6.1; WOW64) AppleWebKit/537.1 (KHTML, like Gecko) Chrome/21.0.1180.89 Safari/537.1"
192.168.1.68 - - [10/Sep/2012:07:36:49 +0200] "GET /temps/3IF38.html HTTP/1.1" 200 21722 "http://intranet-if.insa-lyon.fr/temps/3IF37.html" "Mozilla/5.0 (Windows NT 6.1; WOW64) AppleWebKit/537.1 (KHTML, like Gecko) Chrome/21.0.1180.89 Safari/537.1"
192.168.1.68 - - [10/Sep/2012:07:37:18 +0200] "GET /temps/INSA.jpg HTTP/1.1" 200 184548 "http://intranet-if.insa-lyon.fr/temps/3IF37.html" "Mozilla/5.0 (Windows NT 6.1; WOW64) AppleWebKit/537.1 (KHTML, like Gecko) Chrome/21.0.1180.89 Safari/537.1"
192.168.1.51 - - [10/Sep/2012:07:37:57 +0200] "GET /SiteWebIF/Intranet-etudiant.php HTTP/1.1" 302 477 "http://if.insa-lyon.fr/" "Mozilla/5.0 (Macintosh; Intel Mac OS X 10_6_8) AppleWebKit/537.1 (KHTML, like Gecko) Chrome/21.0.1180.89 Safari/537.1"
192.168.1.51 - - [10/Sep/2012:07:38:03 +0200] "GET /SiteWebIF/Intranet-etudiant.php?ticket=ST-357783-CP1uVbQi4RULRjwhcO5e-dsi-vm03 HTTP/1.1" 302 - "-" "Mozilla/5.0 (Macintosh; Intel Mac OS X 10_6_8) AppleWebKit/537.1 (KHTML, like Gecko) Chrome/21.0.1180.89 Safari/537.1"
192.168.1.51 - - [10/Sep/2012:07:38:04 +0200] "GET /SiteWebIF/Intranet-etudiant.php HTTP/1.1" 200 3846 "-" "Mozilla/5.0 (Macintosh; Intel Mac OS X 10_6_8) AppleWebKit/537.1 (KHTML, like Gecko) Chrome/21.0.1180.89 Safari/537.1"
192.168.0.11 - - [10/Sep/2012:07:38:16 +0200] "GET /notesif HTTP/1.1" 301 248 "-" "Tiny Tiny RSS/1.5.11 (http://tt-rss.org/)"
192.168.0.11 - - [10/Sep/2012:07:38:16 +0200] "GET /notesif/ HTTP/1.1" 302 - "-" "Tiny Tiny RSS/1.5.11 (http://tt-rss.org/)"
192.168.0.11 - - [10/Sep/2012:07:38:16 +0200] "GET /cas/themes/insa/media/favicon.ico;jsessionid=DB264437C6BD0394D2A802A795F6DDAD.dsi-vm03 HTTP/1.1" 404 284 "-" "Tiny Tiny RSS/1.5.11 (http://tt-rss.org/)"
192.168.1.45 - - [10/Sep/2012:07:40:00 +0200] "GET /SiteWebIF/Intranet-etudiant.php HTTP/1.1" 302 477 "http://if.insa-lyon.fr/" "Mozilla/5.0 (Macintosh; Intel Mac OS X 10_7_2) AppleWebKit/537.1 (KHTML, like Gecko) Chrome/21.0.1180.89 Safari/537.1"
192.168.1.45 - - [10/Sep/2012:07:40:28 +0200] "GET /SiteWebIF/Intranet-etudiant.php?ticket=ST-34789-XVQTvLBaZLKRtQLjkcb4-dsi-vm04 HTTP/1.1" 302 - "-" "Mozilla/5.0 (Macintosh; Intel Mac OS X 10_7_2) AppleWebKit/537.1 (KHTML, like Gecko) Chrome/21.0.1180.89 Safari/537.1"
192.168.1.45 - - [10/Sep/2012:07:40:28 +0200] "GET /SiteWebIF/Intranet-etudiant.php HTTP/1.1" 200 3835 "-" "Mozilla/5.0 (Macintosh; Intel Mac OS X 10_7_2) AppleWebKit/537.1 (KHTML, like Gecko) Chrome/21.0.1180.89 Safari/537.1"
192.168.1.45 - - [10/Sep/2012:07:40:33 +0200] "GET /temps/ HTTP/1.1" 200 6835 "http://intranet-if.insa-lyon.fr/SiteWebIF/Intranet-etudiant.php" "Mozilla/5.0 (Macintosh; Intel Mac OS X 10_7_2) AppleWebKit/537.1 (KHTML, like Gecko) Chrome/21.0.1180.89 Safari/537.1"
192.168.1.45 - - [10/Sep/2012:07:40:33 +0200] "GET /temps/style_emploi_du_temps.css HTTP/1.1" 200 1216 "http://intranet-if.insa-lyon.fr/temps/" "Mozilla/5.0 (Macintosh; Intel Mac OS X 10_7_2) AppleWebKit/537.1 (KHTML, like Gecko) Chrome/21.0.1180.89 Safari/537.1"
192.168.1.45 - - [10/Sep/2012:07:40:33 +0200] "GET /temps/FondInsa.jpg HTTP/1.1" 200 2828 "http://intranet-if.insa-lyon.fr/temps/" "Mozilla/5.0 (Macintosh; Intel Mac OS X 10_7_2) AppleWebKit/537.1 (KHTML, like Gecko) Chrome/21.0.1180.89 Safari/537.1"
192.168.1.45 - - [10/Sep/2012:07:40:35 +0200] "GET /temps/3IF37.html HTTP/1.1" 200 17269 "http://intranet-if.insa-lyon.fr/temps/" "Mozilla/5.0 (Macintosh; Intel Mac OS X 10_7_2) AppleWebKit/537.1 (KHTML, like Gecko) Chrome/21.0.1180.89 Safari/537.1"
192.168.1.45 - - [10/Sep/2012:07:40:35 +0200] "GET /temps/precedent.gif HTTP/1.1" 200 1906 "http://intranet-if.insa-lyon.fr/temps/3IF37.html" "Mozilla/5.0 (Macintosh; Intel Mac OS X 10_7_2) AppleWebKit/537.1 (KHTML, like Gecko) Chrome/21.0.1180.89 Safari/537.1"
192.168.1.45 - - [10/Sep/2012:07:40:35 +0200] "GET /temps/choix.gif HTTP/1.1" 200 2836 "http://intranet-if.insa-lyon.fr/temps/3IF37.html" "Mozilla/5.0 (Macintosh; Intel Mac OS X 10_7_2) AppleWebKit/537.1 (KHTML, like Gecko) Chrome/21.0.1180.89 Safari/537.1"
192.168.1.45 - - [10/Sep/2012:07:40:35 +0200] "GET /temps/suivant.gif HTTP/1.1" 200 1634 "http://intranet-if.insa-lyon.fr/temps/3IF37.html" "Mozilla/5.0 (Macintosh; Intel Mac OS X 10_7_2) AppleWebKit/537.1 (KHTML, like Gecko) Chrome/21.0.1180.89 Safari/537.1"
192.168.0.7 - - [10/Sep/2012:07:43:00 +0200] "GET /temps/EA.ics HTTP/1.1" 200 11831 "-" "Mozilla/5.0 (compatible; Googlebot/2.1; +http://www.google.com/bot.html)"
192.168.0.21 - - [10/Sep/2012:07:45:14 +0200] "GET /temps/3IF2.ics HTTP/1.1" 304 - "-" "iOS/5.1.1 (9B206) dataaccessd/1.0"
192.168.1.69 - - [10/Sep/2012:07:49:55 +0200] "GET /SiteWebIF/Intranet-etudiant.php HTTP/1.1" 302 477 "http://if.insa-lyon.fr/" "Mozilla/5.0 (Linux; U; Android 4.0.4; en-us; GT-I9300-ORANGE/I9300BVALF4 Build/IMM76D) AppleWebKit/534.30 (KHTML, like Gecko) Version/4.0 Mobile Safari/534.30"
192.168.1.69 - - [10/Sep/2012:07:50:16 +0200] "GET /SiteWebIF/Intranet-etudiant.php?ticket=ST-357915-ozcAJOaTQO5iSRW5aNUt-dsi-vm03 HTTP/1.1" 302 - "-" "Mozilla/5.0 (Linux; U; Android 4.0.4; en-us; GT-I9300-ORANGE/I9300BVALF4 Build/IMM76D) AppleWebKit/534.30 (KHTML, like Gecko) Version/4.0 Mobile Safari/534.30"
192.168.1.69 - - [10/Sep/2012:07:50:16 +0200] "GET /SiteWebIF/Intranet-etudiant.php HTTP/1.1" 200 3828 "-" "Mozilla/5.0 (Linux; U; Android 4.0.4; en-us; GT-I9300-ORANGE/I9300BVALF4 Build/IMM76D) AppleWebKit/534.30 (KHTML, like Gecko) Version/4.0 Mobile Safari/534.30"
192.168.1.69 - - [10/Sep/2012:07:50:16 +0200] "GET /stages/style_pfe.css HTTP/1.1" 200 895 "http://intranet-if.insa-lyon.fr/SiteWebIF/Intranet-etudiant.php" "Mozilla/5.0 (Linux; U; Android 4.0.4; en-us; GT-I9300-ORANGE/I9300BVALF4 Build/IMM76D) AppleWebKit/534.30 (KHTML, like Gecko) Version/4.0 Mobile Safari/534.30"
192.168.1.69 - - [10/Sep/2012:07:50:16 +0200] "GET /stages/bandeauFinal.jpg HTTP/1.1" 200 50390 "http://intranet-if.insa-lyon.fr/SiteWebIF/Intranet-etudiant.php" "Mozilla/5.0 (Linux; U; Android 4.0.4; en-us; GT-I9300-ORANGE/I9300BVALF4 Build/IMM76D) AppleWebKit/534.30 (KHTML, like Gecko) Version/4.0 Mobile Safari/534.30"
192.168.1.69 - - [10/Sep/2012:07:50:16 +0200] "GET /stages/FondInsa.jpg HTTP/1.1" 200 2828 "http://intranet-if.insa-lyon.fr/SiteWebIF/Intranet-etudiant.php" "Mozilla/5.0 (Linux; U; Android 4.0.4; en-us; GT-I9300-ORANGE/I9300BVALF4 Build/IMM76D) AppleWebKit/534.30 (KHTML, like Gecko) Version/4.0 Mobile Safari/534.30"
192.168.1.69 - - [10/Sep/2012:07:50:17 +0200] "GET /stages/InsaIF.ico HTTP/1.1" 200 766 "http://intranet-if.insa-lyon.fr/SiteWebIF/Intranet-etudiant.php" "Mozilla/5.0 (Linux; U; Android 4.0.4; en-us; GT-I9300-ORANGE/I9300BVALF4 Build/IMM76D) AppleWebKit/534.30 (KHTML, like Gecko) Version/4.0 Mobile Safari/534.30"
192.168.1.69 - - [10/Sep/2012:07:50:23 +0200] "GET /temps/ HTTP/1.1" 200 6835 "http://intranet-if.insa-lyon.fr/SiteWebIF/Intranet-etudiant.php" "Mozilla/5.0 (Linux; U; Android 4.0.4; en-us; GT-I9300-ORANGE/I9300BVALF4 Build/IMM76D) AppleWebKit/534.30 (KHTML, like Gecko) Version/4.0 Mobile Safari/534.30"
192.168.1.69 - - [10/Sep/2012:07:50:24 +0200] "GET /temps/style_emploi_du_temps.css HTTP/1.1" 200 1216 "http://intranet-if.insa-lyon.fr/temps/" "Mozilla/5.0 (Linux; U; Android 4.0.4; en-us; GT-I9300-ORANGE/I9300BVALF4 Build/IMM76D) AppleWebKit/534.30 (KHTML, like Gecko) Version/4.0 Mobile Safari/534.30"
192.168.1.69 - - [10/Sep/2012:07:50:24 +0200] "GET /temps/FondInsa.jpg HTTP/1.1" 200 2828 "http://intranet-if.insa-lyon.fr/temps/" "Mozilla/5.0 (Linux; U; Android 4.0.4; en-us; GT-I9300-ORANGE/I9300BVALF4 Build/IMM76D) AppleWebKit/534.30 (KHTML, like Gecko) Version/4.0 Mobile Safari/534.30"
192.168.1.69 - - [10/Sep/2012:07:50:24 +0200] "GET /temps/InsaIF.ico HTTP/1.1" 200 766 "http://intranet-if.insa-lyon.fr/temps/" "Mozilla/5.0 (Linux; U; Android 4.0.4; en-us; GT-I9300-ORANGE/I9300BVALF4 Build/IMM76D) AppleWebKit/534.30 (KHTML, like Gecko) Version/4.0 Mobile Safari/534.30"
192.168.1.69 - - [10/Sep/2012:07:50:32 +0200] "GET /temps/3IF37.html HTTP/1.1" 200 17269 "http://intranet-if.insa-lyon.fr/temps/" "Mozilla/5.0 (Linux; U; Android 4.0.4; en-us; GT-I9300-ORANGE/I9300BVALF4 Build/IMM76D) AppleWebKit/534.30 (KHTML, like Gecko) Version/4.0 Mobile Safari/534.30"
192.168.1.69 - - [10/Sep/2012:07:50:32 +0200] "GET /temps/precedent.gif HTTP/1.1" 200 1906 "http://intranet-if.insa-lyon.fr/temps/3IF37.html" "Mozilla/5.0 (Linux; U; Android 4.0.4; en-us; GT-I9300-ORANGE/I9300BVALF4 Build/IMM76D) AppleWebKit/534.30 (KHTML, like Gecko) Version/4.0 Mobile Safari/534.30"
192.168.1.69 - - [10/Sep/2012:07:50:32 +0200] "GET /temps/choix.gif HTTP/1.1" 200 2836 "http://intranet-if.insa-lyon.fr/temps/3IF37.html" "Mozilla/5.0 (Linux; U; Android 4.0.4; en-us; GT-I9300-ORANGE/I9300BVALF4 Build/IMM76D) AppleWebKit/534.30 (KHTML, like Gecko) Version/4.0 Mobile Safari/534.30"
192.168.1.69 - - [10/Sep/2012:07:50:32 +0200] "GET /temps/suivant.gif HTTP/1.1" 200 1634 "http://intranet-if.insa-lyon.fr/temps/3IF37.html" "Mozilla/5.0 (Linux; U; Android 4.0.4; en-us; GT-I9300-ORANGE/I9300BVALF4 Build/IMM76D) AppleWebKit/534.30 (KHTML, like Gecko) Version/4.0 Mobile Safari/534.30"
192.168.0.122 - - [10/Sep/2012:07:50:51 +0200] "GET /temps/3IF1.ics HTTP/1.1" 304 - "-" "DataAccess/1.0 (8C148)"
192.168.1.69 - - [10/Sep/2012:07:50:55 +0200] "GET /temps/INSA.jpg HTTP/1.1" 200 184548 "http://intranet-if.insa-lyon.fr/temps/3IF37.html" "Mozilla/5.0 (Linux; U; Android 4.0.4; en-us; GT-I9300-ORANGE/I9300BVALF4 Build/IMM76D) AppleWebKit/534.30 (KHTML, like Gecko) Version/4.0 Mobile Safari/534.30"
192.168.1.69 - - [10/Sep/2012:07:50:56 +0200] "GET /favicon.ico HTTP/1.1" 200 1700 "http://intranet-if.insa-lyon.fr/temps/INSA.jpg" "Mozilla/5.0 (Linux; U; Android 4.0.4; en-us; GT-I9300-ORANGE/I9300BVALF4 Build/IMM76D) AppleWebKit/534.30 (KHTML, like Gecko) Version/4.0 Mobile Safari/534.30"
192.168.0.11 - - [10/Sep/2012:07:54:32 +0200] "GET /notesif HTTP/1.1" 301 248 "-" "Tiny Tiny RSS/1.5.11 (http://tt-rss.org/)"
192.168.0.11 - - [10/Sep/2012:07:54:32 +0200] "GET /notesif/ HTTP/1.1" 302 - "-" "Tiny Tiny RSS/1.5.11 (http://tt-rss.org/)"
192.168.0.11 - - [10/Sep/2012:07:54:32 +0200] "GET /cas/themes/insa/media/favicon.ico;jsessionid=B70DD527B1B6A25D1A7EDAA59A303ABD.dsi-vm04 HTTP/1.1" 404 284 "-" "Tiny Tiny RSS/1.5.11 (http://tt-rss.org/)"
192.168.1.70 - - [10/Sep/2012:07:56:28 +0200] "GET /temps/INSA.jpg HTTP/1.1" 200 184548 "http://intranet-if.insa-lyon.fr/temps/3IF37.html" "Mozilla/5.0 (iPhone; CPU iPhone OS 5_1_1 like Mac OS X) AppleWebKit/534.46 (KHTML, like Gecko) Version/5.1 Mobile/9B206 Safari/7534.48.3"
192.168.0.21 - - [10/Sep/2012:08:01:09 +0200] "GET /temps/4IF2.ics HTTP/1.1" 200 78443 "-" "iOS/5.1.1 (9B206) dataaccessd/1.0"
192.168.0.21 - - [10/Sep/2012:08:02:29 +0200] "GET /temps/4IF2.ics HTTP/1.1" 304 - "-" "iOS/5.1.1 (9B206) dataaccessd/1.0"
192.168.0.65 - - [10/Sep/2012:08:04:16 +0200] "GET /temps/4IF4.ics HTTP/1.1" 200 78500 "-" "DataAccess/1.0 (8J2)"
192.168.0.76 - - [10/Sep/2012:08:05:58 +0200] "GET /temps/3IF1.ics HTTP/1.1" 304 - "-" "DataAccess/1.0 (8C148)"
192.168.0.7 - - [10/Sep/2012:08:07:19 +0200] "GET /temps/ML.ics HTTP/1.1" 200 11865 "-" "Mozilla/5.0 (compatible; Googlebot/2.1; +http://www.google.com/bot.html)"
192.168.0.21 - - [10/Sep/2012:08:07:35 +0200] "GET /temps/4IF2.ics HTTP/1.1" 304 - "-" "iOS/5.1.1 (9B206) dataaccessd/1.0"
192.168.1.71 - - [10/Sep/2012:08:09:34 +0200] "GET /temps/3IF39.html HTTP/1.1" 200 22495 "http://intranet-if.insa-lyon.fr/temps/3IF38.html" "Mozilla/5.0 (iPhone; CPU iPhone OS 5_0_1 like Mac OS X) AppleWebKit/534.46 (KHTML, like Gecko) Version/5.1 Mobile/9A405 Safari/7534.48.3"
192.168.1.71 - - [10/Sep/2012:08:10:07 +0200] "GET /temps/3IF40.html HTTP/1.1" 200 23907 "http://intranet-if.insa-lyon.fr/temps/3IF39.html" "Mozilla/5.0 (iPhone; CPU iPhone OS 5_0_1 like Mac OS X) AppleWebKit/534.46 (KHTML, like Gecko) Version/5.1 Mobile/9A405 Safari/7534.48.3"
192.168.0.11 - - [10/Sep/2012:08:11:25 +0200] "GET /notesif HTTP/1.1" 301 248 "-" "Tiny Tiny RSS/1.5.11 (http://tt-rss.org/)"
192.168.0.11 - - [10/Sep/2012:08:11:25 +0200] "GET /notesif/ HTTP/1.1" 302 - "-" "Tiny Tiny RSS/1.5.11 (http://tt-rss.org/)"
192.168.0.11 - - [10/Sep/2012:08:11:26 +0200] "GET /cas/themes/insa/media/favicon.ico;jsessionid=A06FDEFD34A8A68F9493334AF0E0E3C0.dsi-vm04 HTTP/1.1" 404 284 "-" "Tiny Tiny RSS/1.5.11 (http://tt-rss.org/)"
192.168.1.72 - - [10/Sep/2012:08:12:49 +0200] "GET /SiteWebIF/Intranet-etudiant.php HTTP/1.1" 302 477 "http://if.insa-lyon.fr/" "Mozilla/5.0 (Windows NT 6.1; WOW64; rv:15.0) Gecko/20100101 Firefox/15.0.1"
192.168.1.72 - - [10/Sep/2012:08:12:49 +0200] "GET /SiteWebIF/Intranet-etudiant.php?ticket=ST-358175-FbUEdU4R9ii4KOQ53smL-dsi-vm03 HTTP/1.1" 302 - "http://if.insa-lyon.fr/" "Mozilla/5.0 (Windows NT 6.1; WOW64; rv:15.0) Gecko/20100101 Firefox/15.0.1"
192.168.1.72 - - [10/Sep/2012:08:12:50 +0200] "GET /SiteWebIF/Intranet-etudiant.php HTTP/1.1" 200 3778 "http://if.insa-lyon.fr/" "Mozilla/5.0 (Windows NT 6.1; WOW64; rv:15.0) Gecko/20100101 Firefox/15.0.1"
192.168.1.72 - - [10/Sep/2012:08:12:50 +0200] "GET /stages/style_pfe.css HTTP/1.1" 200 895 "http://intranet-if.insa-lyon.fr/SiteWebIF/Intranet-etudiant.php" "Mozilla/5.0 (Windows NT 6.1; WOW64; rv:15.0) Gecko/20100101 Firefox/15.0.1"
192.168.1.72 - - [10/Sep/2012:08:12:50 +0200] "GET /stages/InsaIF.ico HTTP/1.1" 200 766 "-" "Mozilla/5.0 (Windows NT 6.1; WOW64; rv:15.0) Gecko/20100101 Firefox/15.0.1"
192.168.1.72 - - [10/Sep/2012:08:12:50 +0200] "GET /stages/FondInsa.jpg HTTP/1.1" 200 2828 "http://intranet-if.insa-lyon.fr/stages/style_pfe.css" "Mozilla/5.0 (Windows NT 6.1; WOW64; rv:15.0) Gecko/20100101 Firefox/15.0.1"
192.168.1.72 - - [10/Sep/2012:08:12:50 +0200] "GET /stages/bandeauFinal.jpg HTTP/1.1" 200 50390 "http://intranet-if.insa-lyon.fr/SiteWebIF/Intranet-etudiant.php" "Mozilla/5.0 (Windows NT 6.1; WOW64; rv:15.0) Gecko/20100101 Firefox/15.0.1"
192.168.1.72 - - [10/Sep/2012:08:12:52 +0200] "GET /notesif HTTP/1.1" 301 248 "http://intranet-if.insa-lyon.fr/SiteWebIF/Intranet-etudiant.php" "Mozilla/5.0 (Windows NT 6.1; WOW64; rv:15.0) Gecko/20100101 Firefox/15.0.1"
192.168.1.72 - - [10/Sep/2012:08:12:52 +0200] "GET /notesif/ HTTP/1.1" 302 - "http://intranet-if.insa-lyon.fr/SiteWebIF/Intranet-etudiant.php" "Mozilla/5.0 (Windows NT 6.1; WOW64; rv:15.0) Gecko/20100101 Firefox/15.0.1"
192.168.0.221 - - [10/Sep/2012:08:21:05 +0200] "GET /temps/3IF1.ics HTTP/1.1" 304 - "-" "DataAccess/1.0 (8C148)"
192.168.0.11 - - [10/Sep/2012:08:27:02 +0200] "GET /notesif HTTP/1.1" 301 248 "-" "Tiny Tiny RSS/1.5.11 (http://tt-rss.org/)"
192.168.0.11 - - [10/Sep/2012:08:27:02 +0200] "GET /notesif/ HTTP/1.1" 302 - "-" "Tiny Tiny RSS/1.5.11 (http://tt-rss.org/)"
192.168.0.11 - - [10/Sep/2012:08:27:03 +0200] "GET /cas/themes/insa/media/favicon.ico;jsessionid=EB2EF9E5888844E5C32D862ACD171946.dsi-vm04 HTTP/1.1" 404 284 "-" "Tiny Tiny RSS/1.5.11 (http://tt-rss.org/)"
192.168.0.12 - - [10/Sep/2012:08:33:38 +0200] "GET /notesif/RSS/RSS_3IF.xml HTTP/1.1" 200 95847 "-" "Feedfetcher-Google; (+http://www.google.com/feedfetcher.html; 2 subscribers; feed-id=16425187501328177924)"
192.168.0.10 - - [10/Sep/2012:08:34:24 +0200] "GET /notesif/RSS/RSS_4IF.xml HTTP/1.1" 200 57760 "http://intranet-if.insa-lyon.fr/notesif/RSS/RSS_4IF.xml" "Blogtrottr/2.0"
192.168.0.29 - - [10/Sep/2012:08:36:04 +0200] "GET /temps/3IF1.ics HTTP/1.1" 304 - "-" "DataAccess/1.0 (8C148)"
192.168.0.12 - - [10/Sep/2012:08:38:55 +0200] "GET /notesif/RSS/RSS_4IF.xml HTTP/1.1" 200 57760 "-" "Feedfetcher-Google; (+http://www.google.com/feedfetcher.html; 1 subscribers; feed-id=16457623470660127987)"
192.168.1.73 - - [10/Sep/2012:08:40:36 +0200] "GET /SiteWebIF/Intranet-personnel.php HTTP/1.1" 302 478 "http://if.insa-lyon.fr/" "Mozilla/4.0 (compatible; MSIE 7.0; Windows NT 6.1; Trident/5.0; SLCC2; .NET CLR 2.0.50727; .NET CLR 3.5.30729; .NET CLR 3.0.30729; Media Center PC 6.0; .NET4.0C; InfoPath.1; AskTbTKR/5.14.1.20007; BRI/2)"
192.168.1.73 - - [10/Sep/2012:08:40:49 +0200] "GET /SiteWebIF/Intranet-personnel.php?ticket=ST-358577-xeYPdkh6oXdi2Cdv6wdS-dsi-vm03 HTTP/1.1" 302 - "-" "Mozilla/4.0 (compatible; MSIE 7.0; Windows NT 6.1; Trident/5.0; SLCC2; .NET CLR 2.0.50727; .NET CLR 3.5.30729; .NET CLR 3.0.30729; Media Center PC 6.0; .NET4.0C; InfoPath.1; AskTbTKR/5.14.1.20007; BRI/2)"
192.168.1.73 - - [10/Sep/2012:08:40:49 +0200] "GET /SiteWebIF/Intranet-personnel.php HTTP/1.1" 200 5076 "-" "Mozilla/4.0 (compatible; MSIE 7.0; Windows NT 6.1; Trident/5.0; SLCC2; .NET CLR 2.0.50727; .NET CLR 3.5.30729; .NET CLR 3.0.30729; Media Center PC 6.0; .NET4.0C; InfoPath.1; AskTbTKR/5.14.1.20007; BRI/2)"
192.168.1.73 - - [10/Sep/2012:08:40:53 +0200] "GET /temps/ HTTP/1.1" 304 - "http://intranet-if.insa-lyon.fr/SiteWebIF/Intranet-personnel.php" "Mozilla/4.0 (compatible; MSIE 7.0; Windows NT 6.1; Trident/5.0; SLCC2; .NET CLR 2.0.50727; .NET CLR 3.5.30729; .NET CLR 3.0.30729; Media Center PC 6.0; .NET4.0C; InfoPath.1; AskTbTKR/5.14.1.20007; BRI/2)"
192.168.1.73 - - [10/Sep/2012:08:40:56 +0200] "GET /temps/3IF37.html HTTP/1.1" 304 - "-" "Mozilla/4.0 (compatible; MSIE 7.0; Windows NT 6.1; Trident/5.0; SLCC2; .NET CLR 2.0.50727; .NET CLR 3.5.30729; .NET CLR 3.0.30729; Media Center PC 6.0; .NET4.0C; InfoPath.1; AskTbTKR/5.14.1.20007; BRI/2)"
192.168.1.73 - - [10/Sep/2012:08:41:22 +0200] "GET /temps/3IF38.html HTTP/1.1" 304 - "http://intranet-if.insa-lyon.fr/temps/3IF37.html" "Mozilla/4.0 (compatible; MSIE 7.0; Windows NT 6.1; Trident/5.0; SLCC2; .NET CLR 2.0.50727; .NET CLR 3.5.30729; .NET CLR 3.0.30729; Media Center PC 6.0; .NET4.0C; InfoPath.1; AskTbTKR/5.14.1.20007; BRI/2)"
192.168.1.73 - - [10/Sep/2012:08:41:27 +0200] "GET /temps/3IF39.html HTTP/1.1" 304 - "http://intranet-if.insa-lyon.fr/temps/3IF38.html" "Mozilla/4.0 (compatible; MSIE 7.0; Windows NT 6.1; Trident/5.0; SLCC2; .NET CLR 2.0.50727; .NET CLR 3.5.30729; .NET CLR 3.0.30729; Media Center PC 6.0; .NET4.0C; InfoPath.1; AskTbTKR/5.14.1.20007; BRI/2)"
192.168.1.73 - - [10/Sep/2012:08:41:32 +0200] "GET /temps/3IF40.html HTTP/1.1" 304 - "http://intranet-if.insa-lyon.fr/temps/3IF39.html" "Mozilla/4.0 (compatible; MSIE 7.0; Windows NT 6.1; Trident/5.0; SLCC2; .NET CLR 2.0.50727; .NET CLR 3.5.30729; .NET CLR 3.0.30729; Media Center PC 6.0; .NET4.0C; InfoPath.1; AskTbTKR/5.14.1.20007; BRI/2)"
192.168.1.74 - - [10/Sep/2012:08:43:30 +0200] "GET /SiteWebIF/Intranet-etudiant.php HTTP/1.1" 302 477 "-" "Mozilla/5.0 (Windows NT 6.1; WOW64) AppleWebKit/537.1 (KHTML, like Gecko) Chrome/21.0.1180.89 Safari/537.1"
192.168.1.74 - - [10/Sep/2012:08:43:35 +0200] "GET /SiteWebIF/Intranet-etudiant.php?ticket=ST-35564-uw50yyK2PqxmmkyScILz-dsi-vm04 HTTP/1.1" 302 - "-" "Mozilla/5.0 (Windows NT 6.1; WOW64) AppleWebKit/537.1 (KHTML, like Gecko) Chrome/21.0.1180.89 Safari/537.1"
192.168.1.74 - - [10/Sep/2012:08:43:35 +0200] "GET /SiteWebIF/Intranet-etudiant.php HTTP/1.1" 200 3798 "-" "Mozilla/5.0 (Windows NT 6.1; WOW64) AppleWebKit/537.1 (KHTML, like Gecko) Chrome/21.0.1180.89 Safari/537.1"
192.168.1.74 - - [10/Sep/2012:08:43:39 +0200] "GET /temps/4IF37.html HTTP/1.1" 200 5197 "http://intranet-if.insa-lyon.fr/temps/" "Mozilla/5.0 (Windows NT 6.1; WOW64) AppleWebKit/537.1 (KHTML, like Gecko) Chrome/21.0.1180.89 Safari/537.1"
192.168.1.74 - - [10/Sep/2012:08:43:40 +0200] "GET /temps/4IF38.html HTTP/1.1" 200 15555 "http://intranet-if.insa-lyon.fr/temps/4IF37.html" "Mozilla/5.0 (Windows NT 6.1; WOW64) AppleWebKit/537.1 (KHTML, like Gecko) Chrome/21.0.1180.89 Safari/537.1"
192.168.0.11 - - [10/Sep/2012:08:43:50 +0200] "GET /notesif HTTP/1.1" 301 248 "-" "Tiny Tiny RSS/1.5.11 (http://tt-rss.org/)"
192.168.0.11 - - [10/Sep/2012:08:43:50 +0200] "GET /notesif/ HTTP/1.1" 302 - "-" "Tiny Tiny RSS/1.5.11 (http://tt-rss.org/)"
192.168.0.11 - - [10/Sep/2012:08:43:50 +0200] "GET /cas/themes/insa/media/favicon.ico;jsessionid=31237527DA4D36CDF2377FA176DCFCCB.dsi-vm04 HTTP/1.1" 404 284 "-" "Tiny Tiny RSS/1.5.11 (http://tt-rss.org/)"
192.168.1.75 - - [10/Sep/2012:08:45:05 +0200] "GET / HTTP/1.1" 200 216 "-" "Mozilla/5.0 (iPhone; CPU iPhone OS 5_1_1 like Mac OS X) AppleWebKit/534.46 (KHTML, like Gecko) Version/5.1 Mobile/9B206 Safari/7534.48.3"
192.168.1.75 - - [10/Sep/2012:08:45:34 +0200] "GET /SiteWebIF/Intranet-personnel.php HTTP/1.1" 302 478 "http://if.insa-lyon.fr/" "Mozilla/5.0 (iPhone; CPU iPhone OS 5_1_1 like Mac OS X) AppleWebKit/534.46 (KHTML, like Gecko) Version/5.1 Mobile/9B206 Safari/7534.48.3"
192.168.1.76 - - [10/Sep/2012:08:46:19 +0200] "GET / HTTP/1.1" 200 216 "-" "Mozilla/5.0 (iPhone; CPU iPhone OS 5_1_1 like Mac OS X) AppleWebKit/534.46 (KHTML, like Gecko) Version/5.1 Mobile/9B206 Safari/7534.48.3"
192.168.0.43 - - [10/Sep/2012:08:48:26 +0200] "GET /temps/3IF1.ics HTTP/1.1" 304 - "-" "DataAccess/1.0 (8C148)"
192.168.1.74 - - [10/Sep/2012:08:49:18 +0200] "GET /SiteWebIF/Intranet-etudiant.php?ticket=ST-35641-hYbEzf1YoXRespuKfkgB-dsi-vm04 HTTP/1.1" 302 - "-" "Mozilla/5.0 (Windows NT 6.1; WOW64) AppleWebKit/537.1 (KHTML, like Gecko) Chrome/21.0.1180.89 Safari/537.1"
192.168.1.74 - - [10/Sep/2012:08:49:18 +0200] "GET /SiteWebIF/Intranet-etudiant.php HTTP/1.1" 200 1815 "-" "Mozilla/5.0 (Windows NT 6.1; WOW64) AppleWebKit/537.1 (KHTML, like Gecko) Chrome/21.0.1180.89 Safari/537.1"
192.168.1.74 - - [10/Sep/2012:08:49:20 +0200] "GET /SiteWebIF/Intranet-etudiant.php HTTP/1.1" 200 1815 "-" "Mozilla/5.0 (Windows NT 6.1; WOW64) AppleWebKit/537.1 (KHTML, like Gecko) Chrome/21.0.1180.89 Safari/537.1"
192.168.1.74 - - [10/Sep/2012:08:49:20 +0200] "GET /SiteWebIF/Intranet-etudiant.php HTTP/1.1" 200 1815 "-" "Mozilla/5.0 (Windows NT 6.1; WOW64) AppleWebKit/537.1 (KHTML, like Gecko) Chrome/21.0.1180.89 Safari/537.1"
192.168.1.77 - - [10/Sep/2012:08:50:04 +0200] "GET /SiteWebIF/Intranet-etudiant.php HTTP/1.1" 302 477 "http://if.insa-lyon.fr/" "Mozilla/5.0 (Windows NT 6.1; rv:15.0) Gecko/20100101 Firefox/15.0.1"
192.168.1.77 - - [10/Sep/2012:08:50:04 +0200] "GET /SiteWebIF/Intranet-etudiant.php?ticket=ST-35662-zcr7xbve6k2qa2EAqMAr-dsi-vm04 HTTP/1.1" 302 - "http://if.insa-lyon.fr/" "Mozilla/5.0 (Windows NT 6.1; rv:15.0) Gecko/20100101 Firefox/15.0.1"
192.168.1.77 - - [10/Sep/2012:08:50:05 +0200] "GET /SiteWebIF/Intranet-etudiant.php HTTP/1.1" 200 3812 "http://if.insa-lyon.fr/" "Mozilla/5.0 (Windows NT 6.1; rv:15.0) Gecko/20100101 Firefox/15.0.1"
192.168.1.77 - - [10/Sep/2012:08:50:05 +0200] "GET /stages/style_pfe.css HTTP/1.1" 200 895 "http://intranet-if.insa-lyon.fr/SiteWebIF/Intranet-etudiant.php" "Mozilla/5.0 (Windows NT 6.1; rv:15.0) Gecko/20100101 Firefox/15.0.1"
192.168.1.77 - - [10/Sep/2012:08:50:05 +0200] "GET /stages/InsaIF.ico HTTP/1.1" 200 766 "-" "Mozilla/5.0 (Windows NT 6.1; rv:15.0) Gecko/20100101 Firefox/15.0.1"
192.168.1.77 - - [10/Sep/2012:08:50:05 +0200] "GET /stages/FondInsa.jpg HTTP/1.1" 200 2828 "http://intranet-if.insa-lyon.fr/stages/style_pfe.css" "Mozilla/5.0 (Windows NT 6.1; rv:15.0) Gecko/20100101 Firefox/15.0.1"
192.168.1.77 - - [10/Sep/2012:08:50:05 +0200] "GET /stages/bandeauFinal.jpg HTTP/1.1" 200 50390 "http://intranet-if.insa-lyon.fr/SiteWebIF/Intranet-etudiant.php" "Mozilla/5.0 (Windows NT 6.1; rv:15.0) Gecko/20100101 Firefox/15.0.1"
192.168.1.77 - - [10/Sep/2012:08:50:09 +0200] "GET /notesif HTTP/1.1" 301 248 "http://intranet-if.insa-lyon.fr/SiteWebIF/Intranet-etudiant.php" "Mozilla/5.0 (Windows NT 6.1; rv:15.0) Gecko/20100101 Firefox/15.0.1"
192.168.1.77 - - [10/Sep/2012:08:50:09 +0200] "GET /notesif/ HTTP/1.1" 302 - "http://intranet-if.insa-lyon.fr/SiteWebIF/Intranet-etudiant.php" "Mozilla/5.0 (Windows NT 6.1; rv:15.0) Gecko/20100101 Firefox/15.0.1"
192.168.0.41 - - [10/Sep/2012:08:51:58 +0200] "GET /temps/ML.ics HTTP/1.1" 304 - "-" "Mozilla/4.0 (compatible; MSIE 6.0; Windows NT 5.1; SV1; .NET CLR 1.1.4322) Zimbra/2.0"
192.168.0.7 - - [10/Sep/2012:08:52:27 +0200] "GET /temps/3IF4.ics HTTP/1.1" 200 121204 "-" "Mozilla/5.0 (compatible; Googlebot/2.1; +http://www.google.com/bot.html)"
192.168.1.78 - - [10/Sep/2012:08:53:31 +0200] "GET / HTTP/1.1" 200 216 "-" "Reeder/1.5.5 CFNetwork/548.1.4 Darwin/11.0.0"
192.168.1.78 - - [10/Sep/2012:08:53:32 +0200] "GET /apple-touch-icon.png HTTP/1.1" 404 218 "-" "Reeder/1.5.5 CFNetwork/548.1.4 Darwin/11.0.0"
192.168.1.78 - - [10/Sep/2012:08:53:32 +0200] "GET /apple-touch-icon-precomposed.png HTTP/1.1" 404 230 "-" "Reeder/1.5.5 CFNetwork/548.1.4 Darwin/11.0.0"
192.168.1.79 - - [10/Sep/2012:08:58:24 +0200] "GET /temps/ HTTP/1.1" 200 6835 "http://intranet-if.insa-lyon.fr/SiteWebIF/Intranet-etudiant.php" "Mozilla/5.0 (Linux; U; Android 4.0.4; en-us; GT-I9300-ORANGE/I9300BVALF4 Build/IMM76D) AppleWebKit/534.30 (KHTML, like Gecko) Version/4.0 Mobile Safari/534.30"
192.168.1.79 - - [10/Sep/2012:08:58:24 +0200] "GET /temps/style_emploi_du_temps.css HTTP/1.1" 200 1216 "http://intranet-if.insa-lyon.fr/temps/" "Mozilla/5.0 (Linux; U; Android 4.0.4; en-us; GT-I9300-ORANGE/I9300BVALF4 Build/IMM76D) AppleWebKit/534.30 (KHTML, like Gecko) Version/4.0 Mobile Safari/534.30"
192.168.1.79 - - [10/Sep/2012:08:58:24 +0200] "GET /temps/FondInsa.jpg HTTP/1.1" 200 2828 "http://intranet-if.insa-lyon.fr/temps/" "Mozilla/5.0 (Linux; U; Android 4.0.4; en-us; GT-I9300-ORANGE/I9300BVALF4 Build/IMM76D) AppleWebKit/534.30 (KHTML, like Gecko) Version/4.0 Mobile Safari/534.30"
192.168.1.79 - - [10/Sep/2012:08:58:24 +0200] "GET /temps/InsaIF.ico HTTP/1.1" 200 766 "http://intranet-if.insa-lyon.fr/temps/" "Mozilla/5.0 (Linux; U; Android 4.0.4; en-us; GT-I9300-ORANGE/I9300BVALF4 Build/IMM76D) AppleWebKit/534.30 (KHTML, like Gecko) Version/4.0 Mobile Safari/534.30"
192.168.1.79 - - [10/Sep/2012:08:58:59 +0200] "GET /temps/3IF9.html HTTP/1.1" 200 5196 "http://intranet-if.insa-lyon.fr/temps/" "Mozilla/5.0 (Linux; U; Android 4.0.4; en-us; GT-I9300-ORANGE/I9300BVALF4 Build/IMM76D) AppleWebKit/534.30 (KHTML, like Gecko) Version/4.0 Mobile Safari/534.30"
192.168.1.79 - - [10/Sep/2012:08:58:59 +0200] "GET /temps/precedent.gif HTTP/1.1" 200 1906 "http://intranet-if.insa-lyon.fr/temps/3IF9.html" "Mozilla/5.0 (Linux; U; Android 4.0.4; en-us; GT-I9300-ORANGE/I9300BVALF4 Build/IMM76D) AppleWebKit/534.30 (KHTML, like Gecko) Version/4.0 Mobile Safari/534.30"
192.168.1.79 - - [10/Sep/2012:08:58:59 +0200] "GET /temps/choix.gif HTTP/1.1" 200 2836 "http://intranet-if.insa-lyon.fr/temps/3IF9.html" "Mozilla/5.0 (Linux; U; Android 4.0.4; en-us; GT-I9300-ORANGE/I9300BVALF4 Build/IMM76D) AppleWebKit/534.30 (KHTML, like Gecko) Version/4.0 Mobile Safari/534.30"
192.168.1.79 - - [10/Sep/2012:08:58:59 +0200] "GET /temps/suivant.gif HTTP/1.1" 200 1634 "http://intranet-if.insa-lyon.fr/temps/3IF9.html" "Mozilla/5.0 (Linux; U; Android 4.0.4; en-us; GT-I9300-ORANGE/I9300BVALF4 Build/IMM76D) AppleWebKit/534.30 (KHTML, like Gecko) Version/4.0 Mobile Safari/534.30"
192.168.1.79 - - [10/Sep/2012:08:59:03 +0200] "GET /temps/3IF10.html HTTP/1.1" 200 23296 "http://intranet-if.insa-lyon.fr/temps/3IF9.html" "Mozilla/5.0 (Linux; U; Android 4.0.4; en-us; GT-I9300-ORANGE/I9300BVALF4 Build/IMM76D) AppleWebKit/534.30 (KHTML, like Gecko) Version/4.0 Mobile Safari/534.30"
192.168.1.79 - - [10/Sep/2012:08:59:23 +0200] "GET /temps/3IF11.html HTTP/1.1" 200 22727 "http://intranet-if.insa-lyon.fr/temps/3IF10.html" "Mozilla/5.0 (Linux; U; Android 4.0.4; en-us; GT-I9300-ORANGE/I9300BVALF4 Build/IMM76D) AppleWebKit/534.30 (KHTML, like Gecko) Version/4.0 Mobile Safari/534.30"
192.168.0.65 - - [10/Sep/2012:08:59:30 +0200] "GET /temps/4IF4.ics HTTP/1.1" 200 78500 "-" "DataAccess/1.0 (8J2)"
192.168.0.11 - - [10/Sep/2012:09:00:12 +0200] "GET /notesif HTTP/1.1" 301 248 "-" "Tiny Tiny RSS/1.5.11 (http://tt-rss.org/)"
192.168.0.11 - - [10/Sep/2012:09:00:12 +0200] "GET /notesif/ HTTP/1.1" 302 - "-" "Tiny Tiny RSS/1.5.11 (http://tt-rss.org/)"
192.168.0.11 - - [10/Sep/2012:09:00:13 +0200] "GET /cas/themes/insa/media/favicon.ico;jsessionid=E117B4FE06644E798C7EB5D8BE432F47.dsi-vm03 HTTP/1.1" 404 284 "-" "Tiny Tiny RSS/1.5.11 (http://tt-rss.org/)"
192.168.0.60 - - [10/Sep/2012:09:03:26 +0200] "GET /temps/3IF1.ics HTTP/1.1" 304 - "-" "DataAccess/1.0 (8C148)"
192.168.0.7 - - [10/Sep/2012:09:04:54 +0200] "GET /temps/PF.ics HTTP/1.1" 200 11812 "-" "Mozilla/5.0 (compatible; Googlebot/2.1; +http://www.google.com/bot.html)"
192.168.0.11 - - [10/Sep/2012:09:16:05 +0200] "GET /notesif HTTP/1.1" 301 248 "-" "Tiny Tiny RSS/1.5.11 (http://tt-rss.org/)"
192.168.0.11 - - [10/Sep/2012:09:16:05 +0200] "GET /notesif/ HTTP/1.1" 302 - "-" "Tiny Tiny RSS/1.5.11 (http://tt-rss.org/)"
192.168.0.11 - - [10/Sep/2012:09:16:05 +0200] "GET /cas/themes/insa/media/favicon.ico;jsessionid=DF02FB1F369F65EEA8E569F098DED7B5.dsi-vm04 HTTP/1.1" 404 284 "-" "Tiny Tiny RSS/1.5.11 (http://tt-rss.org/)"
192.168.1.80 - - [10/Sep/2012:09:16:11 +0200] "GET /temps/4IF1.ics HTTP/1.1" 304 - "-" "iOS/5.1.1 (9B208) dataaccessd/1.0"
192.168.0.7 - - [10/Sep/2012:09:17:08 +0200] "GET /temps/4IF3.ics HTTP/1.1" 200 78494 "-" "Mozilla/5.0 (compatible; Googlebot/2.1; +http://www.google.com/bot.html)"
192.168.0.47 - - [10/Sep/2012:09:18:26 +0200] "GET /temps/3IF1.ics HTTP/1.1" 304 - "-" "DataAccess/1.0 (8C148)"
192.168.1.81 - - [10/Sep/2012:09:22:37 +0200] "GET /temps/PL.ics HTTP/1.1" 200 10935 "-" "CalendarStore/5.0.3 (1204.1); iCal/5.0.3 (1605.3); Mac OS X/10.7.4 (11E53)"
192.168.0.32 - - [10/Sep/2012:09:23:34 +0200] "GET /temps/4IF1.ics HTTP/1.1" 200 78480 "-" "Mozilla/4.0 (compatible; MSIE 7.0; Windows NT 6.0)"
192.168.1.82 - - [10/Sep/2012:09:24:51 +0200] "GET /notesif HTTP/1.1" 301 248 "-" "Mozilla/5.0 (Windows NT 5.1) AppleWebKit/537.1 (KHTML, like Gecko) Chrome/21.0.1180.89 Safari/537.1"
192.168.1.82 - - [10/Sep/2012:09:24:51 +0200] "GET /notesif/ HTTP/1.1" 302 - "-" "Mozilla/5.0 (Windows NT 5.1) AppleWebKit/537.1 (KHTML, like Gecko) Chrome/21.0.1180.89 Safari/537.1"
192.168.1.82 - - [10/Sep/2012:09:24:51 +0200] "GET /notesif/ HTTP/1.1" 302 - "-" "Mozilla/5.0 (Windows NT 5.1) AppleWebKit/537.1 (KHTML, like Gecko) Chrome/21.0.1180.89 Safari/537.1"
192.168.0.175 - - [10/Sep/2012:09:25:31 +0200] "GET /temps/4IF1.ics HTTP/1.1" 304 - "-" "iOS/5.1.1 (9B208) dataaccessd/1.0"
192.168.1.83 - - [10/Sep/2012:09:28:36 +0200] "GET /SiteWebIF/Intranet-etudiant.php HTTP/1.1" 302 477 "http://if.insa-lyon.fr/" "Mozilla/5.0 (X11; Ubuntu; Linux x86_64; rv:15.0) Gecko/20100101 Firefox/15.0"
192.168.1.83 - - [10/Sep/2012:09:28:40 +0200] "GET /SiteWebIF/Intranet-etudiant.php?ticket=ST-359352-UZAIOF1HlmZffIYSpvL5-dsi-vm03 HTTP/1.1" 302 - "-" "Mozilla/5.0 (X11; Ubuntu; Linux x86_64; rv:15.0) Gecko/20100101 Firefox/15.0"
192.168.1.83 - - [10/Sep/2012:09:28:40 +0200] "GET /SiteWebIF/Intranet-etudiant.php HTTP/1.1" 200 3777 "-" "Mozilla/5.0 (X11; Ubuntu; Linux x86_64; rv:15.0) Gecko/20100101 Firefox/15.0"
192.168.1.83 - - [10/Sep/2012:09:28:45 +0200] "GET /temps/SoutenancesPFE.html HTTP/1.1" 200 95230 "http://intranet-if.insa-lyon.fr/SiteWebIF/Intranet-etudiant.php" "Mozilla/5.0 (X11; Ubuntu; Linux x86_64; rv:15.0) Gecko/20100101 Firefox/15.0"
192.168.1.83 - - [10/Sep/2012:09:28:45 +0200] "GET /temps/style_pfe.css HTTP/1.1" 200 895 "http://intranet-if.insa-lyon.fr/temps/SoutenancesPFE.html" "Mozilla/5.0 (X11; Ubuntu; Linux x86_64; rv:15.0) Gecko/20100101 Firefox/15.0"
192.168.1.83 - - [10/Sep/2012:09:28:45 +0200] "GET /temps/loupe.gif HTTP/1.1" 200 326 "http://intranet-if.insa-lyon.fr/temps/SoutenancesPFE.html" "Mozilla/5.0 (X11; Ubuntu; Linux x86_64; rv:15.0) Gecko/20100101 Firefox/15.0"
192.168.1.83 - - [10/Sep/2012:09:28:45 +0200] "GET /temps/FondInsa.jpg HTTP/1.1" 200 2828 "http://intranet-if.insa-lyon.fr/temps/style_pfe.css" "Mozilla/5.0 (X11; Ubuntu; Linux x86_64; rv:15.0) Gecko/20100101 Firefox/15.0"
192.168.1.83 - - [10/Sep/2012:09:28:45 +0200] "GET /temps/InsaIF.ico HTTP/1.1" 200 766 "-" "Mozilla/5.0 (X11; Ubuntu; Linux x86_64; rv:15.0) Gecko/20100101 Firefox/15.0"
192.168.1.79 - - [10/Sep/2012:09:30:44 +0200] "GET /temps/index.html HTTP/1.1" 200 6835 "http://intranet-if.insa-lyon.fr/temps/3IF11.html" "Mozilla/5.0 (Linux; U; Android 4.0.4; en-us; GT-I9300-ORANGE/I9300BVALF4 Build/IMM76D) AppleWebKit/534.30 (KHTML, like Gecko) Version/4.0 Mobile Safari/534.30"
192.168.1.79 - - [10/Sep/2012:09:30:44 +0200] "GET /temps/style_emploi_du_temps.css HTTP/1.1" 200 1216 "http://intranet-if.insa-lyon.fr/temps/index.html" "Mozilla/5.0 (Linux; U; Android 4.0.4; en-us; GT-I9300-ORANGE/I9300BVALF4 Build/IMM76D) AppleWebKit/534.30 (KHTML, like Gecko) Version/4.0 Mobile Safari/534.30"
192.168.1.79 - - [10/Sep/2012:09:30:44 +0200] "GET /temps/FondInsa.jpg HTTP/1.1" 200 2828 "http://intranet-if.insa-lyon.fr/temps/index.html" "Mozilla/5.0 (Linux; U; Android 4.0.4; en-us; GT-I9300-ORANGE/I9300BVALF4 Build/IMM76D) AppleWebKit/534.30 (KHTML, like Gecko) Version/4.0 Mobile Safari/534.30"
192.168.1.79 - - [10/Sep/2012:09:30:48 +0200] "GET /temps/3IF37.html HTTP/1.1" 200 17269 "http://intranet-if.insa-lyon.fr/temps/index.html" "Mozilla/5.0 (Linux; U; Android 4.0.4; en-us; GT-I9300-ORANGE/I9300BVALF4 Build/IMM76D) AppleWebKit/534.30 (KHTML, like Gecko) Version/4.0 Mobile Safari/534.30"
192.168.1.79 - - [10/Sep/2012:09:30:48 +0200] "GET /temps/precedent.gif HTTP/1.1" 200 1906 "http://intranet-if.insa-lyon.fr/temps/3IF37.html" "Mozilla/5.0 (Linux; U; Android 4.0.4; en-us; GT-I9300-ORANGE/I9300BVALF4 Build/IMM76D) AppleWebKit/534.30 (KHTML, like Gecko) Version/4.0 Mobile Safari/534.30"
192.168.1.79 - - [10/Sep/2012:09:30:48 +0200] "GET /temps/choix.gif HTTP/1.1" 200 2836 "http://intranet-if.insa-lyon.fr/temps/3IF37.html" "Mozilla/5.0 (Linux; U; Android 4.0.4; en-us; GT-I9300-ORANGE/I9300BVALF4 Build/IMM76D) AppleWebKit/534.30 (KHTML, like Gecko) Version/4.0 Mobile Safari/534.30"
192.168.1.79 - - [10/Sep/2012:09:30:48 +0200] "GET /temps/suivant.gif HTTP/1.1" 200 1634 "http://intranet-if.insa-lyon.fr/temps/3IF37.html" "Mozilla/5.0 (Linux; U; Android 4.0.4; en-us; GT-I9300-ORANGE/I9300BVALF4 Build/IMM76D) AppleWebKit/534.30 (KHTML, like Gecko) Version/4.0 Mobile Safari/534.30"
192.168.1.84 - - [10/Sep/2012:09:31:46 +0200] "GET /temps/GO.ics HTTP/1.1" 200 10471 "-" "iCal/1395.7 CFNetwork/454.12.4 Darwin/10.8.0 (i386) (MacBookPro5%2C2)"
192.168.1.85 - - [10/Sep/2012:09:32:17 +0200] "GET /SiteWebIF/Intranet-etudiant.php HTTP/1.1" 302 477 "-" "Mozilla/5.0 (Windows NT 6.1; WOW64; rv:13.0) Gecko/20100101 Firefox/13.0.1"
192.168.1.85 - - [10/Sep/2012:09:32:27 +0200] "GET /SiteWebIF/Intranet-etudiant.php?ticket=ST-359409-Vo6iOfFmjBEKQWait3mF-dsi-vm03 HTTP/1.1" 302 - "-" "Mozilla/5.0 (Windows NT 6.1; WOW64; rv:13.0) Gecko/20100101 Firefox/13.0.1"
192.168.0.11 - - [10/Sep/2012:09:32:28 +0200] "GET /notesif HTTP/1.1" 301 248 "-" "Tiny Tiny RSS/1.5.11 (http://tt-rss.org/)"
192.168.0.11 - - [10/Sep/2012:09:32:28 +0200] "GET /notesif/ HTTP/1.1" 302 - "-" "Tiny Tiny RSS/1.5.11 (http://tt-rss.org/)"
192.168.1.85 - - [10/Sep/2012:09:32:28 +0200] "GET /SiteWebIF/Intranet-etudiant.php HTTP/1.1" 200 3798 "-" "Mozilla/5.0 (Windows NT 6.1; WOW64; rv:13.0) Gecko/20100101 Firefox/13.0.1"
192.168.0.11 - - [10/Sep/2012:09:32:28 +0200] "GET /cas/themes/insa/media/favicon.ico;jsessionid=2970A3F29886B709D4E3079514D47E3A.dsi-vm04 HTTP/1.1" 404 284 "-" "Tiny Tiny RSS/1.5.11 (http://tt-rss.org/)"
192.168.1.85 - - [10/Sep/2012:09:32:28 +0200] "GET /stages/style_pfe.css HTTP/1.1" 200 895 "http://intranet-if.insa-lyon.fr/SiteWebIF/Intranet-etudiant.php" "Mozilla/5.0 (Windows NT 6.1; WOW64; rv:13.0) Gecko/20100101 Firefox/13.0.1"
192.168.1.85 - - [10/Sep/2012:09:32:28 +0200] "GET /stages/InsaIF.ico HTTP/1.1" 200 766 "-" "Mozilla/5.0 (Windows NT 6.1; WOW64; rv:13.0) Gecko/20100101 Firefox/13.0.1"
192.168.1.85 - - [10/Sep/2012:09:32:28 +0200] "GET /stages/bandeauFinal.jpg HTTP/1.1" 200 50390 "http://intranet-if.insa-lyon.fr/SiteWebIF/Intranet-etudiant.php" "Mozilla/5.0 (Windows NT 6.1; WOW64; rv:13.0) Gecko/20100101 Firefox/13.0.1"
192.168.1.85 - - [10/Sep/2012:09:32:30 +0200] "GET /stages/FondInsa.jpg HTTP/1.1" 200 2828 "http://intranet-if.insa-lyon.fr/stages/style_pfe.css" "Mozilla/5.0 (Windows NT 6.1; WOW64; rv:13.0) Gecko/20100101 Firefox/13.0.1"
192.168.0.31 - - [10/Sep/2012:09:32:43 +0200] "GET /SiteWebIF/Intranet-etudiant.php HTTP/1.1" 302 477 "http://if.insa-lyon.fr/" "Mozilla/5.0 (Windows NT 6.1; WOW64; rv:15.0) Gecko/20100101 Firefox/15.0.1"
192.168.0.31 - - [10/Sep/2012:09:32:49 +0200] "GET /SiteWebIF/Intranet-etudiant.php?ticket=ST-36293-4vOMHAzzE0osYblnxSLr-dsi-vm04 HTTP/1.1" 302 - "-" "Mozilla/5.0 (Windows NT 6.1; WOW64; rv:15.0) Gecko/20100101 Firefox/15.0.1"
192.168.0.31 - - [10/Sep/2012:09:32:50 +0200] "GET /SiteWebIF/Intranet-etudiant.php HTTP/1.1" 200 3806 "-" "Mozilla/5.0 (Windows NT 6.1; WOW64; rv:15.0) Gecko/20100101 Firefox/15.0.1"
192.168.0.31 - - [10/Sep/2012:09:32:52 +0200] "GET /stages/Listestage.php HTTP/1.1" 200 74698 "http://intranet-if.insa-lyon.fr/SiteWebIF/Intranet-etudiant.php" "Mozilla/5.0 (Windows NT 6.1; WOW64; rv:15.0) Gecko/20100101 Firefox/15.0.1"
192.168.0.31 - - [10/Sep/2012:09:32:53 +0200] "GET /notesif/ HTTP/1.1" 302 - "http://intranet-if.insa-lyon.fr/SiteWebIF/Intranet-etudiant.php" "Mozilla/5.0 (Windows NT 6.1; WOW64; rv:15.0) Gecko/20100101 Firefox/15.0.1"
