192.168.0.7 - - [10/Sep/2012:11:05:04 +0200] "GET /temps/MK.ics HTTP/1.1" 200 11362 "-" "Mozilla/5.0 (compatible; Googlebot/2.1; +http://www.google.com/bot.html)"
192.168.1.106 - - [10/Sep/2012:11:07:54 +0200] "GET /SiteWebIF/Intranet-etudiant.php HTTP/1.1" 302 477 "http://if.insa-lyon.fr/" "Mozilla/5.0 (Windows NT 5.1; rv:13.0) Gecko/20100101 Firefox/13.0.1"
192.168.1.106 - - [10/Sep/2012:11:08:01 +0200] "GET /SiteWebIF/Intranet-etudiant.php?ticket=ST-37948-x7VudUCuj9MS7QGnSyDv-dsi-vm04 HTTP/1.1" 302 - "-" "Mozilla/5.0 (Windows NT 5.1; rv:13.0) Gecko/20100101 Firefox/13.0.1"
192.168.1.106 - - [10/Sep/2012:11:08:01 +0200] "GET /SiteWebIF/Intranet-etudiant.php HTTP/1.1" 200 3827 "-" "Mozilla/5.0 (Windows NT 5.1; rv:13.0) Gecko/20100101 Firefox/13.0.1"
192.168.1.106 - - [10/Sep/2012:11:08:01 +0200] "GET /stages/style_pfe.css HTTP/1.1" 200 895 "http://intranet-if.insa-lyon.fr/SiteWebIF/Intranet-etudiant.php" "Mozilla/5.0 (Windows NT 5.1; rv:13.0) Gecko/20100101 Firefox/13.0.1"
192.168.1.106 - - [10/Sep/2012:11:08:01 +0200] "GET /stages/InsaIF.ico HTTP/1.1" 200 766 "-" "Mozilla/5.0 (Windows NT 5.1; rv:13.0) Gecko/20100101 Firefox/13.0.1"
192.168.1.106 - - [10/Sep/2012:11:08:01 +0200] "GET /stages/bandeauFinal.jpg HTTP/1.1" 200 50390 "http://intranet-if.insa-lyon.fr/SiteWebIF/Intranet-etudiant.php" "Mozilla/5.0 (Windows NT 5.1; rv:13.0) Gecko/20100101 Firefox/13.0.1"
192.168.1.106 - - [10/Sep/2012:11:08:01 +0200] "GET /stages/FondInsa.jpg HTTP/1.1" 200 2828 "http://intranet-if.insa-lyon.fr/stages/style_pfe.css" "Mozilla/5.0 (Windows NT 5.1; rv:13.0) Gecko/20100101 Firefox/13.0.1"
192.168.1.106 - - [10/Sep/2012:11:08:04 +0200] "GET /temps/SoutenancesPFE.html HTTP/1.1" 200 95366 "http://intranet-if.insa-lyon.fr/SiteWebIF/Intranet-etudiant.php" "Mozilla/5.0 (Windows NT 5.1; rv:13.0) Gecko/20100101 Firefox/13.0.1"
192.168.1.106 - - [10/Sep/2012:11:08:04 +0200] "GET /temps/style_pfe.css HTTP/1.1" 200 895 "http://intranet-if.insa-lyon.fr/temps/SoutenancesPFE.html" "Mozilla/5.0 (Windows NT 5.1; rv:13.0) Gecko/20100101 Firefox/13.0.1"
192.168.1.106 - - [10/Sep/2012:11:08:04 +0200] "GET /temps/loupe.gif HTTP/1.1" 200 326 "http://intranet-if.insa-lyon.fr/temps/SoutenancesPFE.html" "Mozilla/5.0 (Windows NT 5.1; rv:13.0) Gecko/20100101 Firefox/13.0.1"
192.168.1.106 - - [10/Sep/2012:11:08:04 +0200] "GET /temps/FondInsa.jpg HTTP/1.1" 200 2828 "http://intranet-if.insa-lyon.fr/temps/style_pfe.css" "Mozilla/5.0 (Windows NT 5.1; rv:13.0) Gecko/20100101 Firefox/13.0.1"
192.168.1.106 - - [10/Sep/2012:11:08:04 +0200] "GET /temps/InsaIF.ico HTTP/1.1" 200 766 "-" "Mozilla/5.0 (Windows NT 5.1; rv:13.0) Gecko/20100101 Firefox/13.0.1"
192.168.1.87 - - [10/Sep/2012:11:11:28 +0200] "GET /SiteWebIF/Intranet-etudiant.php HTTP/1.1" 302 477 "http://if.insa-lyon.fr/" "Mozilla/5.0 (Windows NT 5.1; rv:15.0) Gecko/20100101 Firefox/15.0.1"
192.168.1.87 - - [10/Sep/2012:11:11:36 +0200] "GET /SiteWebIF/Intranet-etudiant.php?ticket=ST-361144-NwX9btTk99oq73A0zLJi-dsi-vm03 HTTP/1.1" 302 - "-" "Mozilla/5.0 (Windows NT 5.1; rv:15.0) Gecko/20100101 Firefox/15.0.1"
192.168.1.87 - - [10/Sep/2012:11:11:36 +0200] "GET /SiteWebIF/Intranet-etudiant.php HTTP/1.1" 200 4208 "-" "Mozilla/5.0 (Windows NT 5.1; rv:15.0) Gecko/20100101 Firefox/15.0.1"
192.168.1.87 - - [10/Sep/2012:11:11:36 +0200] "GET /stages/style_pfe.css HTTP/1.1" 200 895 "http://intranet-if.insa-lyon.fr/SiteWebIF/Intranet-etudiant.php" "Mozilla/5.0 (Windows NT 5.1; rv:15.0) Gecko/20100101 Firefox/15.0.1"
192.168.1.87 - - [10/Sep/2012:11:11:36 +0200] "GET /stages/bandeauFinal.jpg HTTP/1.1" 200 50390 "http://intranet-if.insa-lyon.fr/SiteWebIF/Intranet-etudiant.php" "Mozilla/5.0 (Windows NT 5.1; rv:15.0) Gecko/20100101 Firefox/15.0.1"
192.168.1.87 - - [10/Sep/2012:11:11:36 +0200] "GET /stages/FondInsa.jpg HTTP/1.1" 200 2828 "http://intranet-if.insa-lyon.fr/stages/style_pfe.css" "Mozilla/5.0 (Windows NT 5.1; rv:15.0) Gecko/20100101 Firefox/15.0.1"
192.168.1.87 - - [10/Sep/2012:11:11:36 +0200] "GET /stages/InsaIF.ico HTTP/1.1" 200 766 "-" "Mozilla/5.0 (Windows NT 5.1; rv:15.0) Gecko/20100101 Firefox/15.0.1"
192.168.1.87 - - [10/Sep/2012:11:11:49 +0200] "GET /SiteWebIF/Intranet-etudiant.php HTTP/1.1" 200 1815 "-" "Mozilla/5.0 (Windows NT 5.1; rv:15.0) Gecko/20100101 Firefox/15.0.1"
192.168.1.87 - - [10/Sep/2012:11:11:49 +0200] "GET /stages/style_pfe.css HTTP/1.1" 304 - "http://intranet-if.insa-lyon.fr/SiteWebIF/Intranet-etudiant.php" "Mozilla/5.0 (Windows NT 5.1; rv:15.0) Gecko/20100101 Firefox/15.0.1"
192.168.1.87 - - [10/Sep/2012:11:11:49 +0200] "GET /stages/bandeauFinal.jpg HTTP/1.1" 304 - "http://intranet-if.insa-lyon.fr/SiteWebIF/Intranet-etudiant.php" "Mozilla/5.0 (Windows NT 5.1; rv:15.0) Gecko/20100101 Firefox/15.0.1"
192.168.1.87 - - [10/Sep/2012:11:11:49 +0200] "GET /stages/FondInsa.jpg HTTP/1.1" 304 - "http://intranet-if.insa-lyon.fr/stages/style_pfe.css" "Mozilla/5.0 (Windows NT 5.1; rv:15.0) Gecko/20100101 Firefox/15.0.1"
192.168.1.87 - - [10/Sep/2012:11:11:59 +0200] "GET /temps/ HTTP/1.1" 200 6835 "http://intranet-if.insa-lyon.fr/SiteWebIF/Intranet-etudiant.php" "Mozilla/5.0 (Windows NT 5.1; rv:15.0) Gecko/20100101 Firefox/15.0.1"
192.168.1.87 - - [10/Sep/2012:11:11:59 +0200] "GET /temps/style_emploi_du_temps.css HTTP/1.1" 200 1216 "http://intranet-if.insa-lyon.fr/temps/" "Mozilla/5.0 (Windows NT 5.1; rv:15.0) Gecko/20100101 Firefox/15.0.1"
192.168.1.87 - - [10/Sep/2012:11:11:59 +0200] "GET /temps/InsaIF.ico HTTP/1.1" 200 766 "-" "Mozilla/5.0 (Windows NT 5.1; rv:15.0) Gecko/20100101 Firefox/15.0.1"
192.168.1.87 - - [10/Sep/2012:11:11:59 +0200] "GET /temps/FondInsa.jpg HTTP/1.1" 200 2828 "http://intranet-if.insa-lyon.fr/temps/style_emploi_du_temps.css" "Mozilla/5.0 (Windows NT 5.1; rv:15.0) Gecko/20100101 Firefox/15.0.1"
192.168.1.87 - - [10/Sep/2012:11:12:04 +0200] "GET /temps/3IF37.html HTTP/1.1" 200 17269 "http://intranet-if.insa-lyon.fr/temps/" "Mozilla/5.0 (Windows NT 5.1; rv:15.0) Gecko/20100101 Firefox/15.0.1"
192.168.1.87 - - [10/Sep/2012:11:12:04 +0200] "GET /temps/precedent.gif HTTP/1.1" 200 1906 "http://intranet-if.insa-lyon.fr/temps/3IF37.html" "Mozilla/5.0 (Windows NT 5.1; rv:15.0) Gecko/20100101 Firefox/15.0.1"
192.168.1.87 - - [10/Sep/2012:11:12:04 +0200] "GET /temps/choix.gif HTTP/1.1" 200 2836 "http://intranet-if.insa-lyon.fr/temps/3IF37.html" "Mozilla/5.0 (Windows NT 5.1; rv:15.0) Gecko/20100101 Firefox/15.0.1"
192.168.1.87 - - [10/Sep/2012:11:12:04 +0200] "GET /temps/suivant.gif HTTP/1.1" 200 1634 "http://intranet-if.insa-lyon.fr/temps/3IF37.html" "Mozilla/5.0 (Windows NT 5.1; rv:15.0) Gecko/20100101 Firefox/15.0.1"
192.168.1.87 - - [10/Sep/2012:11:12:06 +0200] "GET /temps/3IF38.html HTTP/1.1" 200 21722 "http://intranet-if.insa-lyon.fr/temps/3IF37.html" "Mozilla/5.0 (Windows NT 5.1; rv:15.0) Gecko/20100101 Firefox/15.0.1"
192.168.1.87 - - [10/Sep/2012:11:12:06 +0200] "GET /temps/3IF39.html HTTP/1.1" 200 22495 "http://intranet-if.insa-lyon.fr/temps/3IF38.html" "Mozilla/5.0 (Windows NT 5.1; rv:15.0) Gecko/20100101 Firefox/15.0.1"
192.168.1.87 - - [10/Sep/2012:11:12:06 +0200] "GET /temps/3IF40.html HTTP/1.1" 200 23907 "http://intranet-if.insa-lyon.fr/temps/3IF39.html" "Mozilla/5.0 (Windows NT 5.1; rv:15.0) Gecko/20100101 Firefox/15.0.1"
192.168.1.87 - - [10/Sep/2012:11:12:07 +0200] "GET /temps/3IF41.html HTTP/1.1" 200 24047 "http://intranet-if.insa-lyon.fr/temps/3IF40.html" "Mozilla/5.0 (Windows NT 5.1; rv:15.0) Gecko/20100101 Firefox/15.0.1"
192.168.1.87 - - [10/Sep/2012:11:12:07 +0200] "GET /temps/3IF42.html HTTP/1.1" 200 22591 "http://intranet-if.insa-lyon.fr/temps/3IF41.html" "Mozilla/5.0 (Windows NT 5.1; rv:15.0) Gecko/20100101 Firefox/15.0.1"
192.168.1.87 - - [10/Sep/2012:11:12:07 +0200] "GET /temps/3IF43.html HTTP/1.1" 200 22193 "http://intranet-if.insa-lyon.fr/temps/3IF42.html" "Mozilla/5.0 (Windows NT 5.1; rv:15.0) Gecko/20100101 Firefox/15.0.1"
192.168.1.87 - - [10/Sep/2012:11:12:07 +0200] "GET /temps/3IF44.html HTTP/1.1" 200 5207 "http://intranet-if.insa-lyon.fr/temps/3IF43.html" "Mozilla/5.0 (Windows NT 5.1; rv:15.0) Gecko/20100101 Firefox/15.0.1"
192.168.1.87 - - [10/Sep/2012:11:12:07 +0200] "GET /temps/3IF45.html HTTP/1.1" 200 23840 "http://intranet-if.insa-lyon.fr/temps/3IF44.html" "Mozilla/5.0 (Windows NT 5.1; rv:15.0) Gecko/20100101 Firefox/15.0.1"
192.168.1.87 - - [10/Sep/2012:11:12:08 +0200] "GET /temps/3IF46.html HTTP/1.1" 200 23633 "http://intranet-if.insa-lyon.fr/temps/3IF45.html" "Mozilla/5.0 (Windows NT 5.1; rv:15.0) Gecko/20100101 Firefox/15.0.1"
192.168.1.87 - - [10/Sep/2012:11:12:08 +0200] "GET /temps/3IF47.html HTTP/1.1" 200 21648 "http://intranet-if.insa-lyon.fr/temps/3IF46.html" "Mozilla/5.0 (Windows NT 5.1; rv:15.0) Gecko/20100101 Firefox/15.0.1"
192.168.1.87 - - [10/Sep/2012:11:12:09 +0200] "GET /temps/3IF48.html HTTP/1.1" 200 23144 "http://intranet-if.insa-lyon.fr/temps/3IF47.html" "Mozilla/5.0 (Windows NT 5.1; rv:15.0) Gecko/20100101 Firefox/15.0.1"
192.168.1.87 - - [10/Sep/2012:11:12:09 +0200] "GET /temps/3IF49.html HTTP/1.1" 200 22437 "http://intranet-if.insa-lyon.fr/temps/3IF48.html" "Mozilla/5.0 (Windows NT 5.1; rv:15.0) Gecko/20100101 Firefox/15.0.1"
192.168.1.87 - - [10/Sep/2012:11:12:10 +0200] "GET /temps/3IF50.html HTTP/1.1" 200 21757 "http://intranet-if.insa-lyon.fr/temps/3IF49.html" "Mozilla/5.0 (Windows NT 5.1; rv:15.0) Gecko/20100101 Firefox/15.0.1"
192.168.1.87 - - [10/Sep/2012:11:12:10 +0200] "GET /temps/3IF51.html HTTP/1.1" 200 24012 "http://intranet-if.insa-lyon.fr/temps/3IF50.html" "Mozilla/5.0 (Windows NT 5.1; rv:15.0) Gecko/20100101 Firefox/15.0.1"
192.168.1.87 - - [10/Sep/2012:11:12:10 +0200] "GET /temps/3IF52.html HTTP/1.1" 200 5193 "http://intranet-if.insa-lyon.fr/temps/3IF51.html" "Mozilla/5.0 (Windows NT 5.1; rv:15.0) Gecko/20100101 Firefox/15.0.1"
192.168.1.87 - - [10/Sep/2012:11:12:10 +0200] "GET /temps/3IF1.html HTTP/1.1" 200 5211 "http://intranet-if.insa-lyon.fr/temps/3IF52.html" "Mozilla/5.0 (Windows NT 5.1; rv:15.0) Gecko/20100101 Firefox/15.0.1"
192.168.1.87 - - [10/Sep/2012:11:12:10 +0200] "GET /temps/3IF2.html HTTP/1.1" 200 23153 "http://intranet-if.insa-lyon.fr/temps/3IF1.html" "Mozilla/5.0 (Windows NT 5.1; rv:15.0) Gecko/20100101 Firefox/15.0.1"
192.168.1.87 - - [10/Sep/2012:11:12:11 +0200] "GET /temps/3IF3.html HTTP/1.1" 200 21548 "http://intranet-if.insa-lyon.fr/temps/3IF2.html" "Mozilla/5.0 (Windows NT 5.1; rv:15.0) Gecko/20100101 Firefox/15.0.1"
192.168.1.87 - - [10/Sep/2012:11:12:11 +0200] "GET /temps/3IF4.html HTTP/1.1" 200 18511 "http://intranet-if.insa-lyon.fr/temps/3IF3.html" "Mozilla/5.0 (Windows NT 5.1; rv:15.0) Gecko/20100101 Firefox/15.0.1"
192.168.1.87 - - [10/Sep/2012:11:12:11 +0200] "GET /temps/3IF5.html HTTP/1.1" 200 21934 "http://intranet-if.insa-lyon.fr/temps/3IF4.html" "Mozilla/5.0 (Windows NT 5.1; rv:15.0) Gecko/20100101 Firefox/15.0.1"
192.168.1.87 - - [10/Sep/2012:11:12:11 +0200] "GET /temps/3IF6.html HTTP/1.1" 200 22777 "http://intranet-if.insa-lyon.fr/temps/3IF5.html" "Mozilla/5.0 (Windows NT 5.1; rv:15.0) Gecko/20100101 Firefox/15.0.1"
192.168.1.87 - - [10/Sep/2012:11:12:12 +0200] "GET /temps/3IF7.html HTTP/1.1" 200 21809 "http://intranet-if.insa-lyon.fr/temps/3IF6.html" "Mozilla/5.0 (Windows NT 5.1; rv:15.0) Gecko/20100101 Firefox/15.0.1"
192.168.1.87 - - [10/Sep/2012:11:12:12 +0200] "GET /temps/3IF8.html HTTP/1.1" 200 21781 "http://intranet-if.insa-lyon.fr/temps/3IF7.html" "Mozilla/5.0 (Windows NT 5.1; rv:15.0) Gecko/20100101 Firefox/15.0.1"
192.168.1.87 - - [10/Sep/2012:11:12:13 +0200] "GET /temps/3IF9.html HTTP/1.1" 200 5196 "http://intranet-if.insa-lyon.fr/temps/3IF8.html" "Mozilla/5.0 (Windows NT 5.1; rv:15.0) Gecko/20100101 Firefox/15.0.1"
192.168.1.87 - - [10/Sep/2012:11:12:14 +0200] "GET /temps/3IF10.html HTTP/1.1" 200 23296 "http://intranet-if.insa-lyon.fr/temps/3IF9.html" "Mozilla/5.0 (Windows NT 5.1; rv:15.0) Gecko/20100101 Firefox/15.0.1"
192.168.1.87 - - [10/Sep/2012:11:12:30 +0200] "GET /temps/3IF11.html HTTP/1.1" 200 22727 "http://intranet-if.insa-lyon.fr/temps/3IF10.html" "Mozilla/5.0 (Windows NT 5.1; rv:15.0) Gecko/20100101 Firefox/15.0.1"
192.168.1.87 - - [10/Sep/2012:11:12:39 +0200] "GET /temps/3IF12.html HTTP/1.1" 200 22861 "http://intranet-if.insa-lyon.fr/temps/3IF11.html" "Mozilla/5.0 (Windows NT 5.1; rv:15.0) Gecko/20100101 Firefox/15.0.1"
192.168.0.11 - - [10/Sep/2012:11:12:41 +0200] "GET /notesif HTTP/1.1" 301 248 "-" "Tiny Tiny RSS/1.5.11 (http://tt-rss.org/)"
192.168.0.11 - - [10/Sep/2012:11:12:41 +0200] "GET /notesif/ HTTP/1.1" 302 - "-" "Tiny Tiny RSS/1.5.11 (http://tt-rss.org/)"
192.168.0.11 - - [10/Sep/2012:11:12:41 +0200] "GET /cas/themes/insa/media/favicon.ico;jsessionid=7AA1C0BCF5956A3F8A61A7F38E2ED4DC.dsi-vm04 HTTP/1.1" 404 284 "-" "Tiny Tiny RSS/1.5.11 (http://tt-rss.org/)"
192.168.1.87 - - [10/Sep/2012:11:12:47 +0200] "GET /temps/3IF13.html HTTP/1.1" 200 23048 "http://intranet-if.insa-lyon.fr/temps/3IF12.html" "Mozilla/5.0 (Windows NT 5.1; rv:15.0) Gecko/20100101 Firefox/15.0.1"
192.168.1.87 - - [10/Sep/2012:11:12:52 +0200] "GET /temps/3IF14.html HTTP/1.1" 200 20260 "http://intranet-if.insa-lyon.fr/temps/3IF13.html" "Mozilla/5.0 (Windows NT 5.1; rv:15.0) Gecko/20100101 Firefox/15.0.1"
192.168.1.107 - - [10/Sep/2012:11:13:59 +0200] "GET /SiteWebIF/Intranet-etudiant.php HTTP/1.1" 302 477 "http://if.insa-lyon.fr/" "Opera/9.80 (Windows NT 5.1; U; fr) Presto/2.10.289 Version/12.01"
192.168.1.107 - - [10/Sep/2012:11:13:59 +0200] "GET /SiteWebIF/Intranet-etudiant.php?ticket=ST-361184-VcIFQDrT6SarQ6zy7I4E-dsi-vm03 HTTP/1.1" 302 - "http://if.insa-lyon.fr/" "Opera/9.80 (Windows NT 5.1; U; fr) Presto/2.10.289 Version/12.01"
192.168.1.107 - - [10/Sep/2012:11:13:59 +0200] "GET /SiteWebIF/Intranet-etudiant.php HTTP/1.1" 200 3806 "http://if.insa-lyon.fr/" "Opera/9.80 (Windows NT 5.1; U; fr) Presto/2.10.289 Version/12.01"
192.168.1.107 - - [10/Sep/2012:11:13:59 +0200] "GET /SiteWebIF/Intranet-etudiant.php HTTP/1.1" 200 1815 "http://if.insa-lyon.fr/" "Opera/9.80 (Windows NT 5.1; U; fr) Presto/2.10.289 Version/12.01"
192.168.1.107 - - [10/Sep/2012:11:14:01 +0200] "GET /notesif HTTP/1.1" 301 248 "http://intranet-if.insa-lyon.fr/SiteWebIF/Intranet-etudiant.php" "Opera/9.80 (Windows NT 5.1; U; fr) Presto/2.10.289 Version/12.01"
192.168.1.107 - - [10/Sep/2012:11:14:01 +0200] "GET /notesif/ HTTP/1.1" 302 - "http://intranet-if.insa-lyon.fr/SiteWebIF/Intranet-etudiant.php" "Opera/9.80 (Windows NT 5.1; U; fr) Presto/2.10.289 Version/12.01"
192.168.0.213 - - [10/Sep/2012:11:14:16 +0200] "GET /temps/SoutenancesPFE.html HTTP/1.1" 200 95366 "-" "Mozilla/5.0 (Windows NT 6.1; WOW64; rv:11.0) Gecko/20100101 Firefox/11.0"
192.168.0.213 - - [10/Sep/2012:11:14:16 +0200] "GET /temps/loupe.gif HTTP/1.1" 200 326 "http://intranet-if.insa-lyon.fr/temps/SoutenancesPFE.html" "Mozilla/5.0 (Windows NT 6.1; WOW64; rv:11.0) Gecko/20100101 Firefox/11.0"
192.168.0.213 - - [10/Sep/2012:11:14:16 +0200] "GET /temps/style_pfe.css HTTP/1.1" 200 895 "http://intranet-if.insa-lyon.fr/temps/SoutenancesPFE.html" "Mozilla/5.0 (Windows NT 6.1; WOW64; rv:11.0) Gecko/20100101 Firefox/11.0"
192.168.0.213 - - [10/Sep/2012:11:14:16 +0200] "GET /temps/InsaIF.ico HTTP/1.1" 200 766 "-" "Mozilla/5.0 (Windows NT 6.1; WOW64; rv:11.0) Gecko/20100101 Firefox/11.0"
192.168.0.213 - - [10/Sep/2012:11:14:16 +0200] "GET /temps/FondInsa.jpg HTTP/1.1" 200 2828 "http://intranet-if.insa-lyon.fr/temps/style_pfe.css" "Mozilla/5.0 (Windows NT 6.1; WOW64; rv:11.0) Gecko/20100101 Firefox/11.0"
192.168.1.87 - - [10/Sep/2012:11:14:33 +0200] "GET /temps/TA.ics HTTP/1.1" 304 - "-" "Mozilla/5.0 (Windows NT 5.1; rv:12.0) Gecko/20120428 Thunderbird/12.0.1 Lightning/1.4"
192.168.1.108 - - [10/Sep/2012:11:14:48 +0200] "GET /temps/ HTTP/1.1" 200 6835 "http://www.google.fr/url?sa=t&rct=j&q=emploie%20du%20temps%20insa&source=web&cd=2&ved=0CCoQFjAB&url=http%3A%2F%2Fintranet-if.insa-lyon.fr%2Ftemps%2F&ei=f69NUNrXCMyBhQf8z4CwCQ&usg=AFQjCNEWrHsRdIlhli_31qYl94w-yMCjpw" "Mozilla/5.0 (Windows NT 6.1; WOW64; rv:13.0) Gecko/20100101 Firefox/13.0.1"
192.168.1.108 - - [10/Sep/2012:11:14:48 +0200] "GET /temps/style_emploi_du_temps.css HTTP/1.1" 200 1216 "http://intranet-if.insa-lyon.fr/temps/" "Mozilla/5.0 (Windows NT 6.1; WOW64; rv:13.0) Gecko/20100101 Firefox/13.0.1"
192.168.1.108 - - [10/Sep/2012:11:14:48 +0200] "GET /temps/InsaIF.ico HTTP/1.1" 200 766 "-" "Mozilla/5.0 (Windows NT 6.1; WOW64; rv:13.0) Gecko/20100101 Firefox/13.0.1"
192.168.1.108 - - [10/Sep/2012:11:14:48 +0200] "GET /temps/FondInsa.jpg HTTP/1.1" 200 2828 "http://intranet-if.insa-lyon.fr/temps/style_emploi_du_temps.css" "Mozilla/5.0 (Windows NT 6.1; WOW64; rv:13.0) Gecko/20100101 Firefox/13.0.1"
192.168.1.108 - - [10/Sep/2012:11:14:52 +0200] "GET /temps/3IF37.html HTTP/1.1" 200 17269 "http://intranet-if.insa-lyon.fr/temps/" "Mozilla/5.0 (Windows NT 6.1; WOW64; rv:13.0) Gecko/20100101 Firefox/13.0.1"
192.168.1.108 - - [10/Sep/2012:11:14:53 +0200] "GET /temps/choix.gif HTTP/1.1" 200 2836 "http://intranet-if.insa-lyon.fr/temps/3IF37.html" "Mozilla/5.0 (Windows NT 6.1; WOW64; rv:13.0) Gecko/20100101 Firefox/13.0.1"
192.168.1.108 - - [10/Sep/2012:11:14:53 +0200] "GET /temps/suivant.gif HTTP/1.1" 200 1634 "http://intranet-if.insa-lyon.fr/temps/3IF37.html" "Mozilla/5.0 (Windows NT 6.1; WOW64; rv:13.0) Gecko/20100101 Firefox/13.0.1"
192.168.1.108 - - [10/Sep/2012:11:14:53 +0200] "GET /temps/precedent.gif HTTP/1.1" 200 1906 "http://intranet-if.insa-lyon.fr/temps/3IF37.html" "Mozilla/5.0 (Windows NT 6.1; WOW64; rv:13.0) Gecko/20100101 Firefox/13.0.1"
192.168.1.108 - - [10/Sep/2012:11:15:00 +0200] "GET /temps/3IF38.html HTTP/1.1" 200 21722 "http://intranet-if.insa-lyon.fr/temps/3IF37.html" "Mozilla/5.0 (Windows NT 6.1; WOW64; rv:13.0) Gecko/20100101 Firefox/13.0.1"
192.168.1.108 - - [10/Sep/2012:11:15:02 +0200] "GET /temps/3IF39.html HTTP/1.1" 200 22495 "http://intranet-if.insa-lyon.fr/temps/3IF38.html" "Mozilla/5.0 (Windows NT 6.1; WOW64; rv:13.0) Gecko/20100101 Firefox/13.0.1"
192.168.1.108 - - [10/Sep/2012:11:15:04 +0200] "GET /temps/3IF40.html HTTP/1.1" 200 23907 "http://intranet-if.insa-lyon.fr/temps/3IF39.html" "Mozilla/5.0 (Windows NT 6.1; WOW64; rv:13.0) Gecko/20100101 Firefox/13.0.1"
192.168.1.108 - - [10/Sep/2012:11:15:05 +0200] "GET /temps/3IF41.html HTTP/1.1" 200 24047 "http://intranet-if.insa-lyon.fr/temps/3IF40.html" "Mozilla/5.0 (Windows NT 6.1; WOW64; rv:13.0) Gecko/20100101 Firefox/13.0.1"
192.168.1.108 - - [10/Sep/2012:11:15:06 +0200] "GET /temps/3IF42.html HTTP/1.1" 200 22591 "http://intranet-if.insa-lyon.fr/temps/3IF41.html" "Mozilla/5.0 (Windows NT 6.1; WOW64; rv:13.0) Gecko/20100101 Firefox/13.0.1"
192.168.1.108 - - [10/Sep/2012:11:15:08 +0200] "GET /temps/3IF43.html HTTP/1.1" 200 22193 "http://intranet-if.insa-lyon.fr/temps/3IF42.html" "Mozilla/5.0 (Windows NT 6.1; WOW64; rv:13.0) Gecko/20100101 Firefox/13.0.1"
192.168.1.108 - - [10/Sep/2012:11:15:13 +0200] "GET /favicon.ico HTTP/1.1" 200 1700 "-" "Mozilla/5.0 (Windows NT 6.1; WOW64; rv:13.0) Gecko/20100101 Firefox/13.0.1"
192.168.1.3 - - [10/Sep/2012:11:16:36 +0200] "GET /temps/3IF1.ics HTTP/1.1" 304 - "-" "DataAccess/1.0 (8C148)"
192.168.1.109 - - [10/Sep/2012:11:16:38 +0200] "GET /temps/ HTTP/1.1" 200 6835 "-" "Mozilla/5.0 (Windows NT 6.1; WOW64; rv:14.0) Gecko/20100101 Firefox/14.0.1"
192.168.1.109 - - [10/Sep/2012:11:16:39 +0200] "GET /temps/style_emploi_du_temps.css HTTP/1.1" 200 1216 "http://intranet-if.insa-lyon.fr/temps/" "Mozilla/5.0 (Windows NT 6.1; WOW64; rv:14.0) Gecko/20100101 Firefox/14.0.1"
192.168.1.109 - - [10/Sep/2012:11:16:39 +0200] "GET /temps/InsaIF.ico HTTP/1.1" 200 766 "-" "Mozilla/5.0 (Windows NT 6.1; WOW64; rv:14.0) Gecko/20100101 Firefox/14.0.1"
192.168.1.109 - - [10/Sep/2012:11:16:39 +0200] "GET /temps/FondInsa.jpg HTTP/1.1" 200 2828 "http://intranet-if.insa-lyon.fr/temps/style_emploi_du_temps.css" "Mozilla/5.0 (Windows NT 6.1; WOW64; rv:14.0) Gecko/20100101 Firefox/14.0.1"
192.168.1.109 - - [10/Sep/2012:11:16:40 +0200] "GET /temps/3IF37.html HTTP/1.1" 200 17269 "http://intranet-if.insa-lyon.fr/temps/" "Mozilla/5.0 (Windows NT 6.1; WOW64; rv:14.0) Gecko/20100101 Firefox/14.0.1"
192.168.1.109 - - [10/Sep/2012:11:16:40 +0200] "GET /temps/precedent.gif HTTP/1.1" 200 1906 "http://intranet-if.insa-lyon.fr/temps/3IF37.html" "Mozilla/5.0 (Windows NT 6.1; WOW64; rv:14.0) Gecko/20100101 Firefox/14.0.1"
192.168.1.109 - - [10/Sep/2012:11:16:40 +0200] "GET /temps/choix.gif HTTP/1.1" 200 2836 "http://intranet-if.insa-lyon.fr/temps/3IF37.html" "Mozilla/5.0 (Windows NT 6.1; WOW64; rv:14.0) Gecko/20100101 Firefox/14.0.1"
192.168.1.109 - - [10/Sep/2012:11:16:40 +0200] "GET /temps/suivant.gif HTTP/1.1" 200 1634 "http://intranet-if.insa-lyon.fr/temps/3IF37.html" "Mozilla/5.0 (Windows NT 6.1; WOW64; rv:14.0) Gecko/20100101 Firefox/14.0.1"
192.168.1.109 - - [10/Sep/2012:11:16:59 +0200] "GET /temps/3IF38.html HTTP/1.1" 200 21722 "http://intranet-if.insa-lyon.fr/temps/3IF37.html" "Mozilla/5.0 (Windows NT 6.1; WOW64; rv:14.0) Gecko/20100101 Firefox/14.0.1"
192.168.1.87 - - [10/Sep/2012:11:18:59 +0200] "GET /temps/3IF15.html HTTP/1.1" 200 24605 "http://intranet-if.insa-lyon.fr/temps/3IF14.html" "Mozilla/5.0 (Windows NT 5.1; rv:15.0) Gecko/20100101 Firefox/15.0.1"
192.168.1.110 - - [10/Sep/2012:11:20:22 +0200] "GET /temps/3IF4.ics HTTP/1.1" 200 121204 "-" "Mac OS X/10.8.1 (12B19) CalendarAgent/47"
192.168.1.81 - - [10/Sep/2012:11:22:37 +0200] "GET /temps/PL.ics HTTP/1.1" 200 10935 "-" "CalendarStore/5.0.3 (1204.1); iCal/5.0.3 (1605.3); Mac OS X/10.7.4 (11E53)"
192.168.1.111 - - [10/Sep/2012:11:25:11 +0200] "GET /SiteWebIF/Intranet-etudiant.php HTTP/1.1" 302 477 "-" "Mozilla/5.0 (Windows NT 6.1; rv:15.0) Gecko/20100101 Firefox/15.0.1"
192.168.1.111 - - [10/Sep/2012:11:25:23 +0200] "GET /SiteWebIF/Intranet-etudiant.php?ticket=ST-361364-NkbukJk1FmeakVvfvbUP-dsi-vm03 HTTP/1.1" 302 - "-" "Mozilla/5.0 (Windows NT 6.1; rv:15.0) Gecko/20100101 Firefox/15.0.1"
192.168.1.111 - - [10/Sep/2012:11:25:24 +0200] "GET /SiteWebIF/Intranet-etudiant.php HTTP/1.1" 200 3796 "-" "Mozilla/5.0 (Windows NT 6.1; rv:15.0) Gecko/20100101 Firefox/15.0.1"
192.168.1.111 - - [10/Sep/2012:11:25:24 +0200] "GET /stages/style_pfe.css HTTP/1.1" 200 895 "-" "Mozilla/5.0 (Windows NT 6.1; rv:15.0) Gecko/20100101 Firefox/15.0.1"
192.168.1.111 - - [10/Sep/2012:11:25:24 +0200] "GET /stages/InsaIF.ico HTTP/1.1" 200 766 "-" "Mozilla/5.0 (Windows NT 6.1; rv:15.0) Gecko/20100101 Firefox/15.0.1"
192.168.1.111 - - [10/Sep/2012:11:25:25 +0200] "GET /stages/FondInsa.jpg HTTP/1.1" 200 2828 "-" "Mozilla/5.0 (Windows NT 6.1; rv:15.0) Gecko/20100101 Firefox/15.0.1"
192.168.1.111 - - [10/Sep/2012:11:25:24 +0200] "GET /stages/bandeauFinal.jpg HTTP/1.1" 200 50390 "-" "Mozilla/5.0 (Windows NT 6.1; rv:15.0) Gecko/20100101 Firefox/15.0.1"
192.168.1.111 - - [10/Sep/2012:11:25:29 +0200] "GET /temps/ HTTP/1.1" 200 6835 "-" "Mozilla/5.0 (Windows NT 6.1; rv:15.0) Gecko/20100101 Firefox/15.0.1"
192.168.1.111 - - [10/Sep/2012:11:25:29 +0200] "GET /temps/style_emploi_du_temps.css HTTP/1.1" 200 1216 "-" "Mozilla/5.0 (Windows NT 6.1; rv:15.0) Gecko/20100101 Firefox/15.0.1"
192.168.1.111 - - [10/Sep/2012:11:25:29 +0200] "GET /temps/InsaIF.ico HTTP/1.1" 200 766 "-" "Mozilla/5.0 (Windows NT 6.1; rv:15.0) Gecko/20100101 Firefox/15.0.1"
192.168.1.106 - - [10/Sep/2012:11:25:30 +0200] "GET /notesif HTTP/1.1" 301 248 "http://intranet-if.insa-lyon.fr/SiteWebIF/Intranet-etudiant.php" "Mozilla/5.0 (Windows NT 5.1; rv:13.0) Gecko/20100101 Firefox/13.0.1"
192.168.1.106 - - [10/Sep/2012:11:25:30 +0200] "GET /notesif/ HTTP/1.1" 302 - "http://intranet-if.insa-lyon.fr/SiteWebIF/Intranet-etudiant.php" "Mozilla/5.0 (Windows NT 5.1; rv:13.0) Gecko/20100101 Firefox/13.0.1"
192.168.1.111 - - [10/Sep/2012:11:25:30 +0200] "GET /temps/FondInsa.jpg HTTP/1.1" 200 2828 "-" "Mozilla/5.0 (Windows NT 6.1; rv:15.0) Gecko/20100101 Firefox/15.0.1"
192.168.1.111 - - [10/Sep/2012:11:25:33 +0200] "GET /temps/3IF37.html HTTP/1.1" 200 17269 "-" "Mozilla/5.0 (Windows NT 6.1; rv:15.0) Gecko/20100101 Firefox/15.0.1"
192.168.1.111 - - [10/Sep/2012:11:25:35 +0200] "GET /temps/precedent.gif HTTP/1.1" 200 1906 "-" "Mozilla/5.0 (Windows NT 6.1; rv:15.0) Gecko/20100101 Firefox/15.0.1"
192.168.1.111 - - [10/Sep/2012:11:25:35 +0200] "GET /temps/choix.gif HTTP/1.1" 200 2836 "-" "Mozilla/5.0 (Windows NT 6.1; rv:15.0) Gecko/20100101 Firefox/15.0.1"
192.168.1.111 - - [10/Sep/2012:11:25:35 +0200] "GET /temps/suivant.gif HTTP/1.1" 200 1634 "-" "Mozilla/5.0 (Windows NT 6.1; rv:15.0) Gecko/20100101 Firefox/15.0.1"
192.168.1.111 - - [10/Sep/2012:11:25:53 +0200] "GET /favicon.ico HTTP/1.1" 200 1700 "-" "Mozilla/5.0 (Windows NT 6.1; rv:15.0) Gecko/20100101 Firefox/15.0.1"
192.168.1.111 - - [10/Sep/2012:11:25:55 +0200] "GET /temps/4IF37.html HTTP/1.1" 200 5197 "-" "Mozilla/5.0 (Windows NT 6.1; rv:15.0) Gecko/20100101 Firefox/15.0.1"
192.168.1.111 - - [10/Sep/2012:11:25:57 +0200] "GET /temps/4IF38.html HTTP/1.1" 200 15555 "-" "Mozilla/5.0 (Windows NT 6.1; rv:15.0) Gecko/20100101 Firefox/15.0.1"
192.168.1.106 - - [10/Sep/2012:11:26:12 +0200] "GET /stages/Listestage.php HTTP/1.1" 200 74695 "http://intranet-if.insa-lyon.fr/SiteWebIF/Intranet-etudiant.php" "Mozilla/5.0 (Windows NT 5.1; rv:13.0) Gecko/20100101 Firefox/13.0.1"
192.168.1.111 - - [10/Sep/2012:11:26:13 +0200] "GET /temps/INSA.jpg HTTP/1.1" 200 184548 "-" "Mozilla/5.0 (Windows NT 6.1; rv:15.0) Gecko/20100101 Firefox/15.0.1"
192.168.0.63 - - [10/Sep/2012:11:26:26 +0200] "GET /temps/3IF1.ics HTTP/1.1" 304 - "-" "DataAccess/1.0 (8C148)"
192.168.1.111 - - [10/Sep/2012:11:26:29 +0200] "GET /temps/3IF38.html HTTP/1.1" 200 21722 "-" "Mozilla/5.0 (Windows NT 6.1; rv:15.0) Gecko/20100101 Firefox/15.0.1"
192.168.1.106 - - [10/Sep/2012:11:26:39 +0200] "GET /temps/SoutenancesPFE.html HTTP/1.1" 304 - "http://intranet-if.insa-lyon.fr/SiteWebIF/Intranet-etudiant.php" "Mozilla/5.0 (Windows NT 5.1; rv:13.0) Gecko/20100101 Firefox/13.0.1"
192.168.1.111 - - [10/Sep/2012:11:26:52 +0200] "GET /temps/4IF39.html HTTP/1.1" 200 17278 "-" "Mozilla/5.0 (Windows NT 6.1; rv:15.0) Gecko/20100101 Firefox/15.0.1"
192.168.1.112 - - [10/Sep/2012:11:27:24 +0200] "GET /dns/ HTTP/1.1" 401 401 "-" "Mozilla/5.0 (Windows NT 5.1; rv:15.0) Gecko/20100101 Firefox/15.0"
192.168.0.7 - - [10/Sep/2012:11:27:25 +0200] "GET /temps/choix_3if.html HTTP/1.1" 200 5441 "-" "Mozilla/5.0 (compatible; Googlebot/2.1; +http://www.google.com/bot.html)"
192.168.1.111 - - [10/Sep/2012:11:27:27 +0200] "GET /temps/4IF40.html HTTP/1.1" 200 19097 "-" "Mozilla/5.0 (Windows NT 6.1; rv:15.0) Gecko/20100101 Firefox/15.0.1"
192.168.1.112 - - [10/Sep/2012:11:27:32 +0200] "GET /dns/ HTTP/1.1" 200 2028 "-" "Mozilla/5.0 (Windows NT 5.1; rv:15.0) Gecko/20100101 Firefox/15.0"
192.168.1.112 - - [10/Sep/2012:11:27:32 +0200] "GET /favicon.ico HTTP/1.1" 401 401 "-" "Mozilla/5.0 (Windows NT 5.1; rv:15.0) Gecko/20100101 Firefox/15.0"
192.168.1.112 - - [10/Sep/2012:11:27:32 +0200] "GET /favicon.ico HTTP/1.1" 404 209 "-" "Mozilla/5.0 (Windows NT 5.1; rv:15.0) Gecko/20100101 Firefox/15.0"
192.168.1.112 - - [10/Sep/2012:11:27:32 +0200] "GET /favicon.ico HTTP/1.1" 401 401 "-" "Mozilla/5.0 (Windows NT 5.1; rv:15.0) Gecko/20100101 Firefox/15.0"
192.168.1.112 - - [10/Sep/2012:11:27:32 +0200] "GET /favicon.ico HTTP/1.1" 404 209 "-" "Mozilla/5.0 (Windows NT 5.1; rv:15.0) Gecko/20100101 Firefox/15.0"
192.168.1.111 - - [10/Sep/2012:11:27:39 +0200] "GET /notesif HTTP/1.1" 301 248 "-" "Mozilla/5.0 (Windows NT 6.1; rv:15.0) Gecko/20100101 Firefox/15.0.1"
192.168.1.111 - - [10/Sep/2012:11:27:39 +0200] "GET /notesif/ HTTP/1.1" 302 - "-" "Mozilla/5.0 (Windows NT 6.1; rv:15.0) Gecko/20100101 Firefox/15.0.1"
192.168.0.219 - - [10/Sep/2012:11:27:58 +0200] "POST /SiteWebIF/Intranet-etudiant.php HTTP/1.1" 302 477 "-" "Java/1.6.0_26"
192.168.1.32 - - [10/Sep/2012:11:29:47 +0200] "GET /notesif HTTP/1.1" 301 248 "http://intranet-if.insa-lyon.fr/SiteWebIF/Intranet-etudiant.php" "Mozilla/5.0 (Windows NT 6.1; WOW64) AppleWebKit/537.1 (KHTML, like Gecko) Chrome/21.0.1180.89 Safari/537.1"
192.168.1.32 - - [10/Sep/2012:11:29:47 +0200] "GET /notesif/ HTTP/1.1" 302 - "http://intranet-if.insa-lyon.fr/SiteWebIF/Intranet-etudiant.php" "Mozilla/5.0 (Windows NT 6.1; WOW64) AppleWebKit/537.1 (KHTML, like Gecko) Chrome/21.0.1180.89 Safari/537.1"
192.168.0.11 - - [10/Sep/2012:11:31:22 +0200] "GET /notesif HTTP/1.1" 301 248 "-" "Tiny Tiny RSS/1.5.11 (http://tt-rss.org/)"
192.168.0.11 - - [10/Sep/2012:11:31:22 +0200] "GET /notesif/ HTTP/1.1" 302 - "-" "Tiny Tiny RSS/1.5.11 (http://tt-rss.org/)"
192.168.0.11 - - [10/Sep/2012:11:31:23 +0200] "GET /cas/themes/insa/media/favicon.ico;jsessionid=4BB71D62905B6605866374D58F0A9F87.dsi-vm03 HTTP/1.1" 404 284 "-" "Tiny Tiny RSS/1.5.11 (http://tt-rss.org/)"
192.168.1.113 - - [10/Sep/2012:11:31:46 +0200] "GET /temps/4IF4.ics HTTP/1.1" 200 78500 "-" "DataAccess/1.0 (8J2)"
192.168.1.84 - - [10/Sep/2012:11:31:46 +0200] "GET /temps/GO.ics HTTP/1.1" 200 10471 "-" "iCal/1395.7 CFNetwork/454.12.4 Darwin/10.8.0 (i386) (MacBookPro5%2C2)"
192.168.0.52 - - [10/Sep/2012:11:32:15 +0200] "GET /temps/4IF1.ics HTTP/1.1" 304 - "-" "Mozilla/4.0 (compatible; MSIE 6.0; Windows NT 5.1; SV1; .NET CLR 1.1.4322) Zimbra/2.0"
192.168.1.114 - - [10/Sep/2012:11:35:37 +0200] "GET /SiteWebIF/Intranet-etudiant.php HTTP/1.1" 302 477 "http://if.insa-lyon.fr/" "Mozilla/5.0 (Windows NT 5.1; rv:13.0) Gecko/20100101 Firefox/13.0.1"
192.168.1.99 - - [10/Sep/2012:11:35:45 +0200] "GET /SiteWebIF/Intranet-personnel.php?ticket=ST-361589-R9lLJ7Fuh4BNZwkfWRW1-dsi-vm03 HTTP/1.1" 302 - "-" "Mozilla/4.0 (compatible; MSIE 7.0; Windows NT 6.1; WOW64; Trident/5.0; SLCC2; .NET CLR 2.0.50727; .NET CLR 3.5.30729; .NET CLR 3.0.30729; Media Center PC 6.0; .NET4.0C; .NET4.0E; BRI/2; InfoPath.3; InfoPath.1)"
192.168.1.99 - - [10/Sep/2012:11:35:45 +0200] "GET /SiteWebIF/Intranet-personnel.php HTTP/1.1" 200 2667 "-" "Mozilla/4.0 (compatible; MSIE 7.0; Windows NT 6.1; WOW64; Trident/5.0; SLCC2; .NET CLR 2.0.50727; .NET CLR 3.5.30729; .NET CLR 3.0.30729; Media Center PC 6.0; .NET4.0C; .NET4.0E; BRI/2; InfoPath.3; InfoPath.1)"
192.168.1.114 - - [10/Sep/2012:11:35:48 +0200] "GET /SiteWebIF/Intranet-etudiant.php?ticket=ST-361590-dhw9ry1fA9QTT9FJ11D6-dsi-vm03 HTTP/1.1" 302 - "-" "Mozilla/5.0 (Windows NT 5.1; rv:13.0) Gecko/20100101 Firefox/13.0.1"
192.168.1.114 - - [10/Sep/2012:11:35:48 +0200] "GET /SiteWebIF/Intranet-etudiant.php HTTP/1.1" 200 3832 "-" "Mozilla/5.0 (Windows NT 5.1; rv:13.0) Gecko/20100101 Firefox/13.0.1"
192.168.1.114 - - [10/Sep/2012:11:35:48 +0200] "GET /stages/style_pfe.css HTTP/1.1" 200 895 "http://intranet-if.insa-lyon.fr/SiteWebIF/Intranet-etudiant.php" "Mozilla/5.0 (Windows NT 5.1; rv:13.0) Gecko/20100101 Firefox/13.0.1"
192.168.1.114 - - [10/Sep/2012:11:35:48 +0200] "GET /stages/InsaIF.ico HTTP/1.1" 200 766 "-" "Mozilla/5.0 (Windows NT 5.1; rv:13.0) Gecko/20100101 Firefox/13.0.1"
192.168.1.114 - - [10/Sep/2012:11:35:48 +0200] "GET /stages/bandeauFinal.jpg HTTP/1.1" 200 50390 "http://intranet-if.insa-lyon.fr/SiteWebIF/Intranet-etudiant.php" "Mozilla/5.0 (Windows NT 5.1; rv:13.0) Gecko/20100101 Firefox/13.0.1"
192.168.1.114 - - [10/Sep/2012:11:35:48 +0200] "GET /stages/FondInsa.jpg HTTP/1.1" 200 2828 "http://intranet-if.insa-lyon.fr/stages/style_pfe.css" "Mozilla/5.0 (Windows NT 5.1; rv:13.0) Gecko/20100101 Firefox/13.0.1"
192.168.1.106 - - [10/Sep/2012:11:35:49 +0200] "GET /temps/SoutenancesPFE.html HTTP/1.1" 304 - "http://intranet-if.insa-lyon.fr/SiteWebIF/Intranet-etudiant.php" "Mozilla/5.0 (Windows NT 5.1; rv:13.0) Gecko/20100101 Firefox/13.0.1"
192.168.1.114 - - [10/Sep/2012:11:35:53 +0200] "GET /notesif HTTP/1.1" 301 248 "http://intranet-if.insa-lyon.fr/SiteWebIF/Intranet-etudiant.php" "Mozilla/5.0 (Windows NT 5.1; rv:13.0) Gecko/20100101 Firefox/13.0.1"
192.168.1.114 - - [10/Sep/2012:11:35:53 +0200] "GET /notesif/ HTTP/1.1" 302 - "http://intranet-if.insa-lyon.fr/SiteWebIF/Intranet-etudiant.php" "Mozilla/5.0 (Windows NT 5.1; rv:13.0) Gecko/20100101 Firefox/13.0.1"
192.168.0.59 - - [10/Sep/2012:11:36:35 +0200] "GET /notesif/RSS/RSS_4IF.xml HTTP/1.1" 200 57760 "http://intranet-if.insa-lyon.fr/notesif/RSS/RSS_4IF.xml" "Blogtrottr/2.0"
192.168.0.12 - - [10/Sep/2012:11:39:28 +0200] "GET /notesif/RSS/RSS_3IF.xml HTTP/1.1" 200 95847 "-" "Feedfetcher-Google; (+http://www.google.com/feedfetcher.html; 2 subscribers; feed-id=16425187501328177924)"
192.168.0.12 - - [10/Sep/2012:11:41:25 +0200] "GET /notesif/RSS/RSS_4IF.xml HTTP/1.1" 200 57760 "-" "Feedfetcher-Google; (+http://www.google.com/feedfetcher.html; 1 subscribers; feed-id=16457623470660127987)"
192.168.0.147 - - [10/Sep/2012:11:41:28 +0200] "GET /temps/3IF1.ics HTTP/1.1" 304 - "-" "DataAccess/1.0 (8C148)"
192.168.1.103 - - [10/Sep/2012:11:44:21 +0200] "GET /temps/4IF40.html HTTP/1.1" 200 19097 "http://intranet-if.insa-lyon.fr/temps/4IF39.html" "Mozilla/5.0 (Macintosh; Intel Mac OS X 10_6_8) AppleWebKit/534.50 (KHTML, like Gecko) Version/5.0.5 Safari/533.21.1"
192.168.1.87 - - [10/Sep/2012:11:44:33 +0200] "GET /temps/TA.ics HTTP/1.1" 304 - "-" "Mozilla/5.0 (Windows NT 5.1; rv:12.0) Gecko/20120428 Thunderbird/12.0.1 Lightning/1.4"
192.168.1.103 - - [10/Sep/2012:11:44:40 +0200] "GET /temps/4IF41.html HTTP/1.1" 200 17673 "http://intranet-if.insa-lyon.fr/temps/4IF40.html" "Mozilla/5.0 (Macintosh; Intel Mac OS X 10_6_8) AppleWebKit/534.50 (KHTML, like Gecko) Version/5.0.5 Safari/533.21.1"
192.168.1.103 - - [10/Sep/2012:11:44:49 +0200] "GET /temps/4IF42.html HTTP/1.1" 200 18037 "http://intranet-if.insa-lyon.fr/temps/4IF41.html" "Mozilla/5.0 (Macintosh; Intel Mac OS X 10_6_8) AppleWebKit/534.50 (KHTML, like Gecko) Version/5.0.5 Safari/533.21.1"
192.168.0.13 - - [10/Sep/2012:11:45:13 +0200] "GET /temps/ HTTP/1.1" 200 6835 "-" "Mozilla/5.0 (X11; Ubuntu; Linux i686; rv:12.0) Gecko/20100101 Firefox/12.0"
192.168.0.13 - - [10/Sep/2012:11:45:13 +0200] "GET /temps/style_emploi_du_temps.css HTTP/1.1" 200 1216 "http://intranet-if.insa-lyon.fr/temps/" "Mozilla/5.0 (X11; Ubuntu; Linux i686; rv:12.0) Gecko/20100101 Firefox/12.0"
192.168.0.13 - - [10/Sep/2012:11:45:13 +0200] "GET /temps/InsaIF.ico HTTP/1.1" 200 766 "-" "Mozilla/5.0 (X11; Ubuntu; Linux i686; rv:12.0) Gecko/20100101 Firefox/12.0"
192.168.0.13 - - [10/Sep/2012:11:45:13 +0200] "GET /temps/FondInsa.jpg HTTP/1.1" 200 2828 "http://intranet-if.insa-lyon.fr/temps/style_emploi_du_temps.css" "Mozilla/5.0 (X11; Ubuntu; Linux i686; rv:12.0) Gecko/20100101 Firefox/12.0"
192.168.1.103 - - [10/Sep/2012:11:45:22 +0200] "GET /temps/4IF43.html HTTP/1.1" 200 17772 "http://intranet-if.insa-lyon.fr/temps/4IF42.html" "Mozilla/5.0 (Macintosh; Intel Mac OS X 10_6_8) AppleWebKit/534.50 (KHTML, like Gecko) Version/5.0.5 Safari/533.21.1"
192.168.1.103 - - [10/Sep/2012:11:45:44 +0200] "GET /temps/4IF44.html HTTP/1.1" 200 5207 "http://intranet-if.insa-lyon.fr/temps/4IF43.html" "Mozilla/5.0 (Macintosh; Intel Mac OS X 10_6_8) AppleWebKit/534.50 (KHTML, like Gecko) Version/5.0.5 Safari/533.21.1"
192.168.1.103 - - [10/Sep/2012:11:45:47 +0200] "GET /temps/4IF45.html HTTP/1.1" 200 17701 "http://intranet-if.insa-lyon.fr/temps/4IF44.html" "Mozilla/5.0 (Macintosh; Intel Mac OS X 10_6_8) AppleWebKit/534.50 (KHTML, like Gecko) Version/5.0.5 Safari/533.21.1"
192.168.1.103 - - [10/Sep/2012:11:45:52 +0200] "GET /temps/4IF46.html HTTP/1.1" 200 16963 "http://intranet-if.insa-lyon.fr/temps/4IF45.html" "Mozilla/5.0 (Macintosh; Intel Mac OS X 10_6_8) AppleWebKit/534.50 (KHTML, like Gecko) Version/5.0.5 Safari/533.21.1"
192.168.0.13 - - [10/Sep/2012:11:45:58 +0200] "GET /temps/3IF37.html HTTP/1.1" 200 17269 "http://intranet-if.insa-lyon.fr/temps/" "Mozilla/5.0 (X11; Ubuntu; Linux i686; rv:12.0) Gecko/20100101 Firefox/12.0"
192.168.0.13 - - [10/Sep/2012:11:45:58 +0200] "GET /temps/precedent.gif HTTP/1.1" 200 1906 "http://intranet-if.insa-lyon.fr/temps/3IF37.html" "Mozilla/5.0 (X11; Ubuntu; Linux i686; rv:12.0) Gecko/20100101 Firefox/12.0"
192.168.0.13 - - [10/Sep/2012:11:45:58 +0200] "GET /temps/suivant.gif HTTP/1.1" 200 1634 "http://intranet-if.insa-lyon.fr/temps/3IF37.html" "Mozilla/5.0 (X11; Ubuntu; Linux i686; rv:12.0) Gecko/20100101 Firefox/12.0"
192.168.0.13 - - [10/Sep/2012:11:45:58 +0200] "GET /temps/choix.gif HTTP/1.1" 200 2836 "http://intranet-if.insa-lyon.fr/temps/3IF37.html" "Mozilla/5.0 (X11; Ubuntu; Linux i686; rv:12.0) Gecko/20100101 Firefox/12.0"
192.168.1.103 - - [10/Sep/2012:11:46:01 +0200] "GET /temps/4IF47.html HTTP/1.1" 200 16572 "http://intranet-if.insa-lyon.fr/temps/4IF46.html" "Mozilla/5.0 (Macintosh; Intel Mac OS X 10_6_8) AppleWebKit/534.50 (KHTML, like Gecko) Version/5.0.5 Safari/533.21.1"
192.168.0.13 - - [10/Sep/2012:11:46:07 +0200] "GET /favicon.ico HTTP/1.1" 200 1700 "-" "Mozilla/5.0 (X11; Ubuntu; Linux i686; rv:12.0) Gecko/20100101 Firefox/12.0"
192.168.1.103 - - [10/Sep/2012:11:46:07 +0200] "GET /temps/4IF48.html HTTP/1.1" 200 17454 "http://intranet-if.insa-lyon.fr/temps/4IF47.html" "Mozilla/5.0 (Macintosh; Intel Mac OS X 10_6_8) AppleWebKit/534.50 (KHTML, like Gecko) Version/5.0.5 Safari/533.21.1"
192.168.0.13 - - [10/Sep/2012:11:46:11 +0200] "GET /temps/4IF37.html HTTP/1.1" 200 5197 "http://intranet-if.insa-lyon.fr/temps/" "Mozilla/5.0 (X11; Ubuntu; Linux i686; rv:12.0) Gecko/20100101 Firefox/12.0"
192.168.0.13 - - [10/Sep/2012:11:46:14 +0200] "GET /temps/4IF38.html HTTP/1.1" 200 15555 "http://intranet-if.insa-lyon.fr/temps/4IF37.html" "Mozilla/5.0 (X11; Ubuntu; Linux i686; rv:12.0) Gecko/20100101 Firefox/12.0"
192.168.1.103 - - [10/Sep/2012:11:46:16 +0200] "GET /temps/4IF49.html HTTP/1.1" 200 20025 "http://intranet-if.insa-lyon.fr/temps/4IF48.html" "Mozilla/5.0 (Macintosh; Intel Mac OS X 10_6_8) AppleWebKit/534.50 (KHTML, like Gecko) Version/5.0.5 Safari/533.21.1"
192.168.0.13 - - [10/Sep/2012:11:46:32 +0200] "GET /temps/4IF39.html HTTP/1.1" 200 17278 "http://intranet-if.insa-lyon.fr/temps/4IF38.html" "Mozilla/5.0 (X11; Ubuntu; Linux i686; rv:12.0) Gecko/20100101 Firefox/12.0"
192.168.1.103 - - [10/Sep/2012:11:46:32 +0200] "GET /temps/4IF50.html HTTP/1.1" 200 20052 "http://intranet-if.insa-lyon.fr/temps/4IF49.html" "Mozilla/5.0 (Macintosh; Intel Mac OS X 10_6_8) AppleWebKit/534.50 (KHTML, like Gecko) Version/5.0.5 Safari/533.21.1"
192.168.1.103 - - [10/Sep/2012:11:46:43 +0200] "GET /temps/4IF51.html HTTP/1.1" 200 17402 "http://intranet-if.insa-lyon.fr/temps/4IF50.html" "Mozilla/5.0 (Macintosh; Intel Mac OS X 10_6_8) AppleWebKit/534.50 (KHTML, like Gecko) Version/5.0.5 Safari/533.21.1"
192.168.0.13 - - [10/Sep/2012:11:46:45 +0200] "GET /temps/4IF40.html HTTP/1.1" 200 19097 "http://intranet-if.insa-lyon.fr/temps/4IF39.html" "Mozilla/5.0 (X11; Ubuntu; Linux i686; rv:12.0) Gecko/20100101 Firefox/12.0"
192.168.1.103 - - [10/Sep/2012:11:46:52 +0200] "GET /temps/4IF52.html HTTP/1.1" 200 5193 "http://intranet-if.insa-lyon.fr/temps/4IF51.html" "Mozilla/5.0 (Macintosh; Intel Mac OS X 10_6_8) AppleWebKit/534.50 (KHTML, like Gecko) Version/5.0.5 Safari/533.21.1"
192.168.0.13 - - [10/Sep/2012:11:46:53 +0200] "GET /temps/4IF41.html HTTP/1.1" 200 17673 "http://intranet-if.insa-lyon.fr/temps/4IF40.html" "Mozilla/5.0 (X11; Ubuntu; Linux i686; rv:12.0) Gecko/20100101 Firefox/12.0"
192.168.1.103 - - [10/Sep/2012:11:46:53 +0200] "GET /temps/4IF1.html HTTP/1.1" 200 5211 "http://intranet-if.insa-lyon.fr/temps/4IF52.html" "Mozilla/5.0 (Macintosh; Intel Mac OS X 10_6_8) AppleWebKit/534.50 (KHTML, like Gecko) Version/5.0.5 Safari/533.21.1"
192.168.1.103 - - [10/Sep/2012:11:46:54 +0200] "GET /temps/4IF2.html HTTP/1.1" 200 19977 "http://intranet-if.insa-lyon.fr/temps/4IF1.html" "Mozilla/5.0 (Macintosh; Intel Mac OS X 10_6_8) AppleWebKit/534.50 (KHTML, like Gecko) Version/5.0.5 Safari/533.21.1"
192.168.1.103 - - [10/Sep/2012:11:47:06 +0200] "GET /temps/4IF3.html HTTP/1.1" 200 19502 "http://intranet-if.insa-lyon.fr/temps/4IF2.html" "Mozilla/5.0 (Macintosh; Intel Mac OS X 10_6_8) AppleWebKit/534.50 (KHTML, like Gecko) Version/5.0.5 Safari/533.21.1"
192.168.1.103 - - [10/Sep/2012:11:47:11 +0200] "GET /temps/4IF4.html HTTP/1.1" 200 19366 "http://intranet-if.insa-lyon.fr/temps/4IF3.html" "Mozilla/5.0 (Macintosh; Intel Mac OS X 10_6_8) AppleWebKit/534.50 (KHTML, like Gecko) Version/5.0.5 Safari/533.21.1"
192.168.1.103 - - [10/Sep/2012:11:47:18 +0200] "GET /temps/4IF5.html HTTP/1.1" 200 19488 "http://intranet-if.insa-lyon.fr/temps/4IF4.html" "Mozilla/5.0 (Macintosh; Intel Mac OS X 10_6_8) AppleWebKit/534.50 (KHTML, like Gecko) Version/5.0.5 Safari/533.21.1"
192.168.0.11 - - [10/Sep/2012:11:47:24 +0200] "GET /notesif HTTP/1.1" 301 248 "-" "Tiny Tiny RSS/1.5.11 (http://tt-rss.org/)"
192.168.0.11 - - [10/Sep/2012:11:47:24 +0200] "GET /notesif/ HTTP/1.1" 302 - "-" "Tiny Tiny RSS/1.5.11 (http://tt-rss.org/)"
192.168.0.11 - - [10/Sep/2012:11:47:25 +0200] "GET /cas/themes/insa/media/favicon.ico;jsessionid=A5164B0D2350F6A89C1286610DA26198.dsi-vm04 HTTP/1.1" 404 284 "-" "Tiny Tiny RSS/1.5.11 (http://tt-rss.org/)"
192.168.1.103 - - [10/Sep/2012:11:47:25 +0200] "GET /temps/4IF6.html HTTP/1.1" 200 20232 "http://intranet-if.insa-lyon.fr/temps/4IF5.html" "Mozilla/5.0 (Macintosh; Intel Mac OS X 10_6_8) AppleWebKit/534.50 (KHTML, like Gecko) Version/5.0.5 Safari/533.21.1"
192.168.1.103 - - [10/Sep/2012:11:47:36 +0200] "GET /temps/4IF7.html HTTP/1.1" 200 19213 "http://intranet-if.insa-lyon.fr/temps/4IF6.html" "Mozilla/5.0 (Macintosh; Intel Mac OS X 10_6_8) AppleWebKit/534.50 (KHTML, like Gecko) Version/5.0.5 Safari/533.21.1"
192.168.1.103 - - [10/Sep/2012:11:47:47 +0200] "GET /temps/4IF8.html HTTP/1.1" 200 17579 "http://intranet-if.insa-lyon.fr/temps/4IF7.html" "Mozilla/5.0 (Macintosh; Intel Mac OS X 10_6_8) AppleWebKit/534.50 (KHTML, like Gecko) Version/5.0.5 Safari/533.21.1"
192.168.1.103 - - [10/Sep/2012:11:47:48 +0200] "GET /temps/4IF9.html HTTP/1.1" 200 5196 "http://intranet-if.insa-lyon.fr/temps/4IF8.html" "Mozilla/5.0 (Macintosh; Intel Mac OS X 10_6_8) AppleWebKit/534.50 (KHTML, like Gecko) Version/5.0.5 Safari/533.21.1"
192.168.1.103 - - [10/Sep/2012:11:47:49 +0200] "GET /temps/4IF10.html HTTP/1.1" 200 16840 "http://intranet-if.insa-lyon.fr/temps/4IF9.html" "Mozilla/5.0 (Macintosh; Intel Mac OS X 10_6_8) AppleWebKit/534.50 (KHTML, like Gecko) Version/5.0.5 Safari/533.21.1"
192.168.1.103 - - [10/Sep/2012:11:47:59 +0200] "GET /temps/4IF11.html HTTP/1.1" 200 18968 "http://intranet-if.insa-lyon.fr/temps/4IF10.html" "Mozilla/5.0 (Macintosh; Intel Mac OS X 10_6_8) AppleWebKit/534.50 (KHTML, like Gecko) Version/5.0.5 Safari/533.21.1"
192.168.1.103 - - [10/Sep/2012:11:50:03 +0200] "GET /temps/4IF12.html HTTP/1.1" 200 16102 "http://intranet-if.insa-lyon.fr/temps/4IF11.html" "Mozilla/5.0 (Macintosh; Intel Mac OS X 10_6_8) AppleWebKit/534.50 (KHTML, like Gecko) Version/5.0.5 Safari/533.21.1"
192.168.0.13 - - [10/Sep/2012:11:50:50 +0200] "GET / HTTP/1.1" 200 216 "-" "Mozilla/5.0 (X11; Ubuntu; Linux i686; rv:12.0) Gecko/20100101 Firefox/12.0"
192.168.1.103 - - [10/Sep/2012:11:50:58 +0200] "GET /temps/4IF13.html HTTP/1.1" 200 14137 "http://intranet-if.insa-lyon.fr/temps/4IF12.html" "Mozilla/5.0 (Macintosh; Intel Mac OS X 10_6_8) AppleWebKit/534.50 (KHTML, like Gecko) Version/5.0.5 Safari/533.21.1"
192.168.0.13 - - [10/Sep/2012:11:51:04 +0200] "GET /SiteWebIF/Intranet-etudiant.php HTTP/1.1" 302 477 "http://if.insa-lyon.fr/" "Mozilla/5.0 (X11; Ubuntu; Linux i686; rv:12.0) Gecko/20100101 Firefox/12.0"
192.168.0.13 - - [10/Sep/2012:11:51:04 +0200] "GET /SiteWebIF/Intranet-etudiant.php?ticket=ST-361830-7eDFBuQDtkQgHgcCIzXe-dsi-vm03 HTTP/1.1" 302 - "http://if.insa-lyon.fr/" "Mozilla/5.0 (X11; Ubuntu; Linux i686; rv:12.0) Gecko/20100101 Firefox/12.0"
192.168.0.13 - - [10/Sep/2012:11:51:04 +0200] "GET /SiteWebIF/Intranet-etudiant.php HTTP/1.1" 200 3798 "http://if.insa-lyon.fr/" "Mozilla/5.0 (X11; Ubuntu; Linux i686; rv:12.0) Gecko/20100101 Firefox/12.0"
192.168.0.13 - - [10/Sep/2012:11:51:04 +0200] "GET /stages/style_pfe.css HTTP/1.1" 200 895 "http://intranet-if.insa-lyon.fr/SiteWebIF/Intranet-etudiant.php" "Mozilla/5.0 (X11; Ubuntu; Linux i686; rv:12.0) Gecko/20100101 Firefox/12.0"
192.168.0.13 - - [10/Sep/2012:11:51:04 +0200] "GET /stages/bandeauFinal.jpg HTTP/1.1" 200 50390 "http://intranet-if.insa-lyon.fr/SiteWebIF/Intranet-etudiant.php" "Mozilla/5.0 (X11; Ubuntu; Linux i686; rv:12.0) Gecko/20100101 Firefox/12.0"
192.168.0.13 - - [10/Sep/2012:11:51:04 +0200] "GET /stages/InsaIF.ico HTTP/1.1" 200 766 "-" "Mozilla/5.0 (X11; Ubuntu; Linux i686; rv:12.0) Gecko/20100101 Firefox/12.0"
192.168.0.13 - - [10/Sep/2012:11:51:04 +0200] "GET /stages/FondInsa.jpg HTTP/1.1" 200 2828 "http://intranet-if.insa-lyon.fr/stages/style_pfe.css" "Mozilla/5.0 (X11; Ubuntu; Linux i686; rv:12.0) Gecko/20100101 Firefox/12.0"
192.168.1.103 - - [10/Sep/2012:11:51:06 +0200] "GET /temps/4IF14.html HTTP/1.1" 200 16407 "http://intranet-if.insa-lyon.fr/temps/4IF13.html" "Mozilla/5.0 (Macintosh; Intel Mac OS X 10_6_8) AppleWebKit/534.50 (KHTML, like Gecko) Version/5.0.5 Safari/533.21.1"
192.168.0.13 - - [10/Sep/2012:11:51:06 +0200] "GET /notesif HTTP/1.1" 301 248 "http://intranet-if.insa-lyon.fr/SiteWebIF/Intranet-etudiant.php" "Mozilla/5.0 (X11; Ubuntu; Linux i686; rv:12.0) Gecko/20100101 Firefox/12.0"
192.168.0.13 - - [10/Sep/2012:11:51:06 +0200] "GET /notesif/ HTTP/1.1" 302 - "http://intranet-if.insa-lyon.fr/SiteWebIF/Intranet-etudiant.php" "Mozilla/5.0 (X11; Ubuntu; Linux i686; rv:12.0) Gecko/20100101 Firefox/12.0"
192.168.1.103 - - [10/Sep/2012:11:51:11 +0200] "GET /temps/4IF15.html HTTP/1.1" 200 15639 "http://intranet-if.insa-lyon.fr/temps/4IF14.html" "Mozilla/5.0 (Macintosh; Intel Mac OS X 10_6_8) AppleWebKit/534.50 (KHTML, like Gecko) Version/5.0.5 Safari/533.21.1"
192.168.1.103 - - [10/Sep/2012:11:51:11 +0200] "GET /temps/4IF16.html HTTP/1.1" 200 12106 "http://intranet-if.insa-lyon.fr/temps/4IF15.html" "Mozilla/5.0 (Macintosh; Intel Mac OS X 10_6_8) AppleWebKit/534.50 (KHTML, like Gecko) Version/5.0.5 Safari/533.21.1"
192.168.1.103 - - [10/Sep/2012:11:51:13 +0200] "GET /temps/4IF17.html HTTP/1.1" 200 5189 "http://intranet-if.insa-lyon.fr/temps/4IF16.html" "Mozilla/5.0 (Macintosh; Intel Mac OS X 10_6_8) AppleWebKit/534.50 (KHTML, like Gecko) Version/5.0.5 Safari/533.21.1"
192.168.1.103 - - [10/Sep/2012:11:51:16 +0200] "GET /temps/4IF18.html HTTP/1.1" 200 5192 "http://intranet-if.insa-lyon.fr/temps/4IF17.html" "Mozilla/5.0 (Macintosh; Intel Mac OS X 10_6_8) AppleWebKit/534.50 (KHTML, like Gecko) Version/5.0.5 Safari/533.21.1"
192.168.1.103 - - [10/Sep/2012:11:51:16 +0200] "GET /temps/4IF19.html HTTP/1.1" 200 5179 "http://intranet-if.insa-lyon.fr/temps/4IF18.html" "Mozilla/5.0 (Macintosh; Intel Mac OS X 10_6_8) AppleWebKit/534.50 (KHTML, like Gecko) Version/5.0.5 Safari/533.21.1"
192.168.0.7 - - [10/Sep/2012:11:51:16 +0200] "GET /temps/4IF1.ics HTTP/1.1" 200 78480 "-" "Mozilla/5.0 (compatible; Googlebot/2.1; +http://www.google.com/bot.html)"
192.168.1.103 - - [10/Sep/2012:11:51:17 +0200] "GET /temps/4IF20.html HTTP/1.1" 200 5185 "http://intranet-if.insa-lyon.fr/temps/4IF19.html" "Mozilla/5.0 (Macintosh; Intel Mac OS X 10_6_8) AppleWebKit/534.50 (KHTML, like Gecko) Version/5.0.5 Safari/533.21.1"
192.168.1.103 - - [10/Sep/2012:11:51:17 +0200] "GET /temps/4IF21.html HTTP/1.1" 200 5185 "http://intranet-if.insa-lyon.fr/temps/4IF20.html" "Mozilla/5.0 (Macintosh; Intel Mac OS X 10_6_8) AppleWebKit/534.50 (KHTML, like Gecko) Version/5.0.5 Safari/533.21.1"
192.168.0.99 - - [10/Sep/2012:11:51:18 +0200] "GET /temps/3IF1.ics HTTP/1.1" 304 - "-" "DataAccess/1.0 (8C148)"
192.168.1.103 - - [10/Sep/2012:11:51:18 +0200] "GET /temps/4IF22.html HTTP/1.1" 200 5185 "http://intranet-if.insa-lyon.fr/temps/4IF21.html" "Mozilla/5.0 (Macintosh; Intel Mac OS X 10_6_8) AppleWebKit/534.50 (KHTML, like Gecko) Version/5.0.5 Safari/533.21.1"
192.168.1.103 - - [10/Sep/2012:11:51:18 +0200] "GET /temps/4IF23.html HTTP/1.1" 200 5178 "http://intranet-if.insa-lyon.fr/temps/4IF22.html" "Mozilla/5.0 (Macintosh; Intel Mac OS X 10_6_8) AppleWebKit/534.50 (KHTML, like Gecko) Version/5.0.5 Safari/533.21.1"
192.168.1.103 - - [10/Sep/2012:11:51:19 +0200] "GET /temps/4IF24.html HTTP/1.1" 200 5187 "http://intranet-if.insa-lyon.fr/temps/4IF23.html" "Mozilla/5.0 (Macintosh; Intel Mac OS X 10_6_8) AppleWebKit/534.50 (KHTML, like Gecko) Version/5.0.5 Safari/533.21.1"
192.168.1.103 - - [10/Sep/2012:11:51:19 +0200] "GET /temps/4IF25.html HTTP/1.1" 200 5187 "http://intranet-if.insa-lyon.fr/temps/4IF24.html" "Mozilla/5.0 (Macintosh; Intel Mac OS X 10_6_8) AppleWebKit/534.50 (KHTML, like Gecko) Version/5.0.5 Safari/533.21.1"
192.168.1.103 - - [10/Sep/2012:11:51:20 +0200] "GET /temps/4IF26.html HTTP/1.1" 200 5187 "http://intranet-if.insa-lyon.fr/temps/4IF25.html" "Mozilla/5.0 (Macintosh; Intel Mac OS X 10_6_8) AppleWebKit/534.50 (KHTML, like Gecko) Version/5.0.5 Safari/533.21.1"
192.168.1.103 - - [10/Sep/2012:11:51:20 +0200] "GET /temps/4IF27.html HTTP/1.1" 200 5174 "http://intranet-if.insa-lyon.fr/temps/4IF26.html" "Mozilla/5.0 (Macintosh; Intel Mac OS X 10_6_8) AppleWebKit/534.50 (KHTML, like Gecko) Version/5.0.5 Safari/533.21.1"
192.168.1.103 - - [10/Sep/2012:11:51:21 +0200] "GET /temps/.html HTTP/1.1" 403 213 "http://intranet-if.insa-lyon.fr/temps/4IF27.html" "Mozilla/5.0 (Macintosh; Intel Mac OS X 10_6_8) AppleWebKit/534.50 (KHTML, like Gecko) Version/5.0.5 Safari/533.21.1"
192.168.1.103 - - [10/Sep/2012:11:51:21 +0200] "GET /favicon.ico HTTP/1.1" 200 1700 "http://intranet-if.insa-lyon.fr/temps/.html" "Mozilla/5.0 (Macintosh; Intel Mac OS X 10_6_8) AppleWebKit/534.50 (KHTML, like Gecko) Version/5.0.5 Safari/533.21.1"
192.168.0.99 - - [10/Sep/2012:11:51:51 +0200] "GET /temps/3IF1.ics HTTP/1.1" 304 - "-" "DataAccess/1.0 (8C148)"
192.168.1.103 - - [10/Sep/2012:11:52:01 +0200] "GET /temps/4IF37.html HTTP/1.1" 200 5197 "http://intranet-if.insa-lyon.fr/temps/4IF38.html" "Mozilla/5.0 (Macintosh; Intel Mac OS X 10_6_8) AppleWebKit/534.50 (KHTML, like Gecko) Version/5.0.5 Safari/533.21.1"
192.168.0.78 - - [10/Sep/2012:11:52:51 +0200] "GET /temps/4IF1.ics HTTP/1.1" 304 - "-" "iOS/5.1.1 (9B208) dataaccessd/1.0"
192.168.1.103 - - [10/Sep/2012:11:57:19 +0200] "GET /temps/INSA.jpg HTTP/1.1" 200 184548 "-" "Mozilla/5.0 (Macintosh; Intel Mac OS X 10_6_8) AppleWebKit/534.50 (KHTML, like Gecko) Version/5.0.5 Safari/533.21.1"
