192.168.1.36 - - [09/Sep/2012:21:48:10 +0200] "GET /temps/choix.gif HTTP/1.1" 200 2836 "http://intranet-if.insa-lyon.fr/temps/4IF37.html" "Mozilla/5.0 (Windows NT 6.1) AppleWebKit/537.1 (KHTML, like Gecko) Chrome/21.0.1180.83 Safari/537.1"
192.168.1.36 - - [09/Sep/2012:21:48:10 +0200] "GET /temps/suivant.gif HTTP/1.1" 200 1634 "http://intranet-if.insa-lyon.fr/temps/4IF37.html" "Mozilla/5.0 (Windows NT 6.1) AppleWebKit/537.1 (KHTML, like Gecko) Chrome/21.0.1180.83 Safari/537.1"
192.168.1.36 - - [09/Sep/2012:21:48:11 +0200] "GET /temps/4IF38.html HTTP/1.1" 200 15555 "http://intranet-if.insa-lyon.fr/temps/4IF37.html" "Mozilla/5.0 (Windows NT 6.1) AppleWebKit/537.1 (KHTML, like Gecko) Chrome/21.0.1180.83 Safari/537.1"
192.168.1.37 - - [09/Sep/2012:21:48:30 +0200] "GET /SiteWebIF/Intranet-personnel.php HTTP/1.1" 302 478 "http://if.insa-lyon.fr/" "Mozilla/5.0 (Windows NT 6.1; WOW64; rv:14.0) Gecko/20100101 Firefox/14.0.1"
192.168.1.37 - - [09/Sep/2012:21:48:39 +0200] "GET /SiteWebIF/Intranet-personnel.php?ticket=ST-356067-bu99eCOukvewTLREuIae-dsi-vm03 HTTP/1.1" 302 - "-" "Mozilla/5.0 (Windows NT 6.1; WOW64; rv:14.0) Gecko/20100101 Firefox/14.0.1"
192.168.1.37 - - [09/Sep/2012:21:48:39 +0200] "GET /SiteWebIF/Intranet-personnel.php HTTP/1.1" 200 5078 "-" "Mozilla/5.0 (Windows NT 6.1; WOW64; rv:14.0) Gecko/20100101 Firefox/14.0.1"
192.168.1.37 - - [09/Sep/2012:21:48:48 +0200] "GET /temps/ HTTP/1.1" 200 6835 "http://intranet-if.insa-lyon.fr/SiteWebIF/Intranet-personnel.php" "Mozilla/5.0 (Windows NT 6.1; WOW64; rv:14.0) Gecko/20100101 Firefox/14.0.1"
192.168.1.37 - - [09/Sep/2012:21:48:48 +0200] "GET /temps/style_emploi_du_temps.css HTTP/1.1" 200 1216 "http://intranet-if.insa-lyon.fr/temps/" "Mozilla/5.0 (Windows NT 6.1; WOW64; rv:14.0) Gecko/20100101 Firefox/14.0.1"
192.168.1.37 - - [09/Sep/2012:21:48:48 +0200] "GET /temps/InsaIF.ico HTTP/1.1" 200 766 "-" "Mozilla/5.0 (Windows NT 6.1; WOW64; rv:14.0) Gecko/20100101 Firefox/14.0.1"
192.168.1.37 - - [09/Sep/2012:21:48:48 +0200] "GET /temps/FondInsa.jpg HTTP/1.1" 200 2828 "http://intranet-if.insa-lyon.fr/temps/style_emploi_du_temps.css" "Mozilla/5.0 (Windows NT 6.1; WOW64; rv:14.0) Gecko/20100101 Firefox/14.0.1"
192.168.1.37 - - [09/Sep/2012:21:48:51 +0200] "GET /temps/3IF37.html HTTP/1.1" 200 17269 "http://intranet-if.insa-lyon.fr/temps/" "Mozilla/5.0 (Windows NT 6.1; WOW64; rv:14.0) Gecko/20100101 Firefox/14.0.1"
192.168.1.37 - - [09/Sep/2012:21:48:51 +0200] "GET /temps/choix.gif HTTP/1.1" 200 2836 "http://intranet-if.insa-lyon.fr/temps/3IF37.html" "Mozilla/5.0 (Windows NT 6.1; WOW64; rv:14.0) Gecko/20100101 Firefox/14.0.1"
192.168.1.37 - - [09/Sep/2012:21:48:51 +0200] "GET /temps/precedent.gif HTTP/1.1" 200 1906 "http://intranet-if.insa-lyon.fr/temps/3IF37.html" "Mozilla/5.0 (Windows NT 6.1; WOW64; rv:14.0) Gecko/20100101 Firefox/14.0.1"
192.168.1.37 - - [09/Sep/2012:21:48:51 +0200] "GET /temps/suivant.gif HTTP/1.1" 200 1634 "http://intranet-if.insa-lyon.fr/temps/3IF37.html" "Mozilla/5.0 (Windows NT 6.1; WOW64; rv:14.0) Gecko/20100101 Firefox/14.0.1"
192.168.1.37 - - [09/Sep/2012:21:49:27 +0200] "GET /temps/3IF38.html HTTP/1.1" 200 21722 "http://intranet-if.insa-lyon.fr/temps/3IF37.html" "Mozilla/5.0 (Windows NT 6.1; WOW64; rv:14.0) Gecko/20100101 Firefox/14.0.1"
192.168.1.37 - - [09/Sep/2012:21:50:08 +0200] "GET /temps/3IF39.html HTTP/1.1" 200 22495 "http://intranet-if.insa-lyon.fr/temps/3IF38.html" "Mozilla/5.0 (Windows NT 6.1; WOW64; rv:14.0) Gecko/20100101 Firefox/14.0.1"
192.168.1.37 - - [09/Sep/2012:21:50:27 +0200] "GET /temps/3IF40.html HTTP/1.1" 200 23907 "http://intranet-if.insa-lyon.fr/temps/3IF39.html" "Mozilla/5.0 (Windows NT 6.1; WOW64; rv:14.0) Gecko/20100101 Firefox/14.0.1"
192.168.1.37 - - [09/Sep/2012:21:50:34 +0200] "GET /temps/3IF41.html HTTP/1.1" 200 24047 "http://intranet-if.insa-lyon.fr/temps/3IF40.html" "Mozilla/5.0 (Windows NT 6.1; WOW64; rv:14.0) Gecko/20100101 Firefox/14.0.1"
192.168.1.37 - - [09/Sep/2012:21:51:03 +0200] "GET /temps/3IF42.html HTTP/1.1" 200 22591 "http://intranet-if.insa-lyon.fr/temps/3IF41.html" "Mozilla/5.0 (Windows NT 6.1; WOW64; rv:14.0) Gecko/20100101 Firefox/14.0.1"
192.168.0.46 - - [09/Sep/2012:21:51:06 +0200] "GET / HTTP/1.1" 200 216 "-" "Opera/9.80 (Windows NT 6.1; WOW64; U; fr) Presto/2.10.289 Version/12.02"
192.168.0.46 - - [09/Sep/2012:21:51:06 +0200] "GET /favicon.ico HTTP/1.1" 200 1700 "http://intranet-if.insa-lyon.fr/" "Opera/9.80 (Windows NT 6.1; WOW64; U; fr) Presto/2.10.289 Version/12.02"
192.168.0.46 - - [09/Sep/2012:21:51:15 +0200] "GET /SiteWebIF/Intranet-etudiant.php HTTP/1.1" 302 477 "http://if.insa-lyon.fr/" "Opera/9.80 (Windows NT 6.1; WOW64; U; fr) Presto/2.10.289 Version/12.02"
192.168.0.46 - - [09/Sep/2012:21:51:17 +0200] "GET /SiteWebIF/Intranet-etudiant.php?ticket=ST-356093-XXcwh1ydBtdytqTVp7yx-dsi-vm03 HTTP/1.1" 302 - "-" "Opera/9.80 (Windows NT 6.1; WOW64; U; fr) Presto/2.10.289 Version/12.02"
192.168.0.46 - - [09/Sep/2012:21:51:17 +0200] "GET /SiteWebIF/Intranet-etudiant.php HTTP/1.1" 200 3833 "-" "Opera/9.80 (Windows NT 6.1; WOW64; U; fr) Presto/2.10.289 Version/12.02"
192.168.0.46 - - [09/Sep/2012:21:51:17 +0200] "GET /stages/style_pfe.css HTTP/1.1" 200 895 "http://intranet-if.insa-lyon.fr/SiteWebIF/Intranet-etudiant.php" "Opera/9.80 (Windows NT 6.1; WOW64; U; fr) Presto/2.10.289 Version/12.02"
192.168.0.46 - - [09/Sep/2012:21:51:17 +0200] "GET /stages/InsaIF.ico HTTP/1.1" 200 766 "http://intranet-if.insa-lyon.fr/SiteWebIF/Intranet-etudiant.php" "Opera/9.80 (Windows NT 6.1; WOW64; U; fr) Presto/2.10.289 Version/12.02"
192.168.0.46 - - [09/Sep/2012:21:51:17 +0200] "GET /stages/bandeauFinal.jpg HTTP/1.1" 200 50390 "http://intranet-if.insa-lyon.fr/SiteWebIF/Intranet-etudiant.php" "Opera/9.80 (Windows NT 6.1; WOW64; U; fr) Presto/2.10.289 Version/12.02"
192.168.0.46 - - [09/Sep/2012:21:51:17 +0200] "GET /stages/FondInsa.jpg HTTP/1.1" 200 2828 "http://intranet-if.insa-lyon.fr/SiteWebIF/Intranet-etudiant.php" "Opera/9.80 (Windows NT 6.1; WOW64; U; fr) Presto/2.10.289 Version/12.02"
192.168.0.46 - - [09/Sep/2012:21:51:21 +0200] "GET /temps/ HTTP/1.1" 200 6835 "http://intranet-if.insa-lyon.fr/SiteWebIF/Intranet-etudiant.php" "Opera/9.80 (Windows NT 6.1; WOW64; U; fr) Presto/2.10.289 Version/12.02"
192.168.0.46 - - [09/Sep/2012:21:51:21 +0200] "GET /temps/style_emploi_du_temps.css HTTP/1.1" 200 1216 "http://intranet-if.insa-lyon.fr/temps/" "Opera/9.80 (Windows NT 6.1; WOW64; U; fr) Presto/2.10.289 Version/12.02"
192.168.0.46 - - [09/Sep/2012:21:51:21 +0200] "GET /temps/InsaIF.ico HTTP/1.1" 200 766 "http://intranet-if.insa-lyon.fr/temps/" "Opera/9.80 (Windows NT 6.1; WOW64; U; fr) Presto/2.10.289 Version/12.02"
192.168.0.46 - - [09/Sep/2012:21:51:21 +0200] "GET /temps/FondInsa.jpg HTTP/1.1" 200 2828 "http://intranet-if.insa-lyon.fr/temps/" "Opera/9.80 (Windows NT 6.1; WOW64; U; fr) Presto/2.10.289 Version/12.02"
192.168.0.46 - - [09/Sep/2012:21:51:24 +0200] "GET /temps/3IF37.html HTTP/1.1" 200 17269 "http://intranet-if.insa-lyon.fr/temps/" "Opera/9.80 (Windows NT 6.1; WOW64; U; fr) Presto/2.10.289 Version/12.02"
192.168.0.46 - - [09/Sep/2012:21:51:24 +0200] "GET /temps/precedent.gif HTTP/1.1" 200 1906 "http://intranet-if.insa-lyon.fr/temps/3IF37.html" "Opera/9.80 (Windows NT 6.1; WOW64; U; fr) Presto/2.10.289 Version/12.02"
192.168.0.46 - - [09/Sep/2012:21:51:24 +0200] "GET /temps/choix.gif HTTP/1.1" 200 2836 "http://intranet-if.insa-lyon.fr/temps/3IF37.html" "Opera/9.80 (Windows NT 6.1; WOW64; U; fr) Presto/2.10.289 Version/12.02"
192.168.0.46 - - [09/Sep/2012:21:51:24 +0200] "GET /temps/suivant.gif HTTP/1.1" 200 1634 "http://intranet-if.insa-lyon.fr/temps/3IF37.html" "Opera/9.80 (Windows NT 6.1; WOW64; U; fr) Presto/2.10.289 Version/12.02"
192.168.1.32 - - [09/Sep/2012:21:51:28 +0200] "GET /temps/3IF2.ics  HTTP/1.1" 304 - "-" "iOS/5.1.1 (9B206) dataaccessd/1.0"
192.168.1.37 - - [09/Sep/2012:21:51:30 +0200] "GET /temps/3IF43.html HTTP/1.1" 200 22193 "http://intranet-if.insa-lyon.fr/temps/3IF42.html" "Mozilla/5.0 (Windows NT 6.1; WOW64; rv:14.0) Gecko/20100101 Firefox/14.0.1"
192.168.1.32 - - [09/Sep/2012:21:51:43 +0200] "GET /temps/3IF2.ics  HTTP/1.1" 304 - "-" "iOS/5.1.1 (9B206) dataaccessd/1.0"
192.168.1.37 - - [09/Sep/2012:21:51:52 +0200] "GET /temps/3IF41.html HTTP/1.1" 304 - "http://intranet-if.insa-lyon.fr/temps/3IF42.html" "Mozilla/5.0 (Windows NT 6.1; WOW64; rv:14.0) Gecko/20100101 Firefox/14.0.1"
192.168.0.7 - - [09/Sep/2012:21:52:28 +0200] "GET /temps/choix_3if.html HTTP/1.1" 200 5441 "-" "Mozilla/5.0 (compatible; Googlebot/2.1; +http://www.google.com/bot.html)"
192.168.0.46 - - [09/Sep/2012:21:52:29 +0200] "GET /temps/INSA.jpg HTTP/1.1" 200 184548 "http://intranet-if.insa-lyon.fr/temps/3IF37.html" "Opera/9.80 (Windows NT 6.1; WOW64; U; fr) Presto/2.10.289 Version/12.02"
192.168.0.15 - - [09/Sep/2012:21:53:06 +0200] "GET /temps/3IF1.ics HTTP/1.1" 304 - "-" "DataAccess/1.0 (8C148)"
192.168.0.14 - - [09/Sep/2012:21:53:44 +0200] "GET /SiteWebIF/Intranet-etudiant.php?ticket=ST-356118-Y6jmnmaM5T6F5tt9Hayf-dsi-vm03 HTTP/1.1" 302 - "http://if.insa-lyon.fr/vie-etudiante/laedi" "Mozilla/5.0 (Windows NT 6.1; WOW64; rv:15.0) Gecko/20100101 Firefox/15.0.1"
192.168.0.14 - - [09/Sep/2012:21:53:45 +0200] "GET /SiteWebIF/Intranet-etudiant.php HTTP/1.1" 200 1815 "http://if.insa-lyon.fr/vie-etudiante/laedi" "Mozilla/5.0 (Windows NT 6.1; WOW64; rv:15.0) Gecko/20100101 Firefox/15.0.1"
192.168.0.14 - - [09/Sep/2012:21:53:49 +0200] "GET /stages/Listestage.php HTTP/1.1" 200 74694 "http://intranet-if.insa-lyon.fr/SiteWebIF/Intranet-etudiant.php" "Mozilla/5.0 (Windows NT 6.1; WOW64; rv:15.0) Gecko/20100101 Firefox/15.0.1"
192.168.0.11 - - [09/Sep/2012:21:55:49 +0200] "GET /notesif HTTP/1.1" 301 248 "-" "Tiny Tiny RSS/1.5.11 (http://tt-rss.org/)"
192.168.0.11 - - [09/Sep/2012:21:55:49 +0200] "GET /notesif/ HTTP/1.1" 302 - "-" "Tiny Tiny RSS/1.5.11 (http://tt-rss.org/)"
192.168.0.11 - - [09/Sep/2012:21:55:50 +0200] "GET /cas/themes/insa/media/favicon.ico;jsessionid=5316177F5E4B0B1497B8918A8E759D7F.dsi-vm03 HTTP/1.1" 404 284 "-" "Tiny Tiny RSS/1.5.11 (http://tt-rss.org/)"
192.168.0.14 - - [09/Sep/2012:21:58:47 +0200] "GET /stages/ListePFE.php HTTP/1.1" 200 78 "http://intranet-if.insa-lyon.fr/SiteWebIF/Intranet-etudiant.php" "Mozilla/5.0 (Windows NT 6.1; WOW64; rv:15.0) Gecko/20100101 Firefox/15.0.1"
192.168.0.14 - - [09/Sep/2012:21:58:57 +0200] "GET /SiteWebIF/Intranet-etudiant.php?ticket=ST-356158-4VuLj0B4qjm4JTaBDzWO-dsi-vm03 HTTP/1.1" 302 - "http://if.insa-lyon.fr/vie-etudiante/laedi" "Mozilla/5.0 (Windows NT 6.1; WOW64; rv:15.0) Gecko/20100101 Firefox/15.0.1"
192.168.0.14 - - [09/Sep/2012:21:58:57 +0200] "GET /SiteWebIF/Intranet-etudiant.php HTTP/1.1" 200 1815 "http://if.insa-lyon.fr/vie-etudiante/laedi" "Mozilla/5.0 (Windows NT 6.1; WOW64; rv:15.0) Gecko/20100101 Firefox/15.0.1"
192.168.0.14 - - [09/Sep/2012:21:59:01 +0200] "GET /SiteWebIF/Intranet-etudiant.php?ticket=ST-356161-6fZjp1vm1QBujsODSoF0-dsi-vm03 HTTP/1.1" 302 - "http://if.insa-lyon.fr/vie-etudiante/laedi" "Mozilla/5.0 (Windows NT 6.1; WOW64; rv:15.0) Gecko/20100101 Firefox/15.0.1"
192.168.0.14 - - [09/Sep/2012:21:59:01 +0200] "GET /SiteWebIF/Intranet-etudiant.php HTTP/1.1" 200 1815 "http://if.insa-lyon.fr/vie-etudiante/laedi" "Mozilla/5.0 (Windows NT 6.1; WOW64; rv:15.0) Gecko/20100101 Firefox/15.0.1"
192.168.0.14 - - [09/Sep/2012:21:59:03 +0200] "GET /SiteWebIF/Intranet-etudiant.php?ticket=ST-356162-mEbGtLawGSB5bcBS1uiE-dsi-vm03 HTTP/1.1" 302 - "http://if.insa-lyon.fr/vie-etudiante/laedi" "Mozilla/5.0 (Windows NT 6.1; WOW64; rv:15.0) Gecko/20100101 Firefox/15.0.1"
192.168.0.14 - - [09/Sep/2012:21:59:03 +0200] "GET /SiteWebIF/Intranet-etudiant.php HTTP/1.1" 200 1815 "http://if.insa-lyon.fr/vie-etudiante/laedi" "Mozilla/5.0 (Windows NT 6.1; WOW64; rv:15.0) Gecko/20100101 Firefox/15.0.1"
192.168.1.13 - - [09/Sep/2012:22:00:13 +0200] "GET /temps/3IF39.html HTTP/1.1" 200 22495 "http://intranet-if.insa-lyon.fr/temps/3IF38.html" "Mozilla/5.0 (Windows NT 6.1; WOW64; rv:15.0) Gecko/20100101 Firefox/15.0.1"
192.168.1.38 - - [09/Sep/2012:22:02:30 +0200] "GET /temps/3IF1.ics HTTP/1.1" 304 - "-" "DataAccess/1.0 (8C148)"
192.168.1.38 - - [09/Sep/2012:22:04:12 +0200] "GET /temps/3IF1.ics HTTP/1.1" 304 - "-" "DataAccess/1.0 (8C148)"
192.168.0.11 - - [09/Sep/2012:22:12:16 +0200] "GET /notesif HTTP/1.1" 301 248 "-" "Tiny Tiny RSS/1.5.11 (http://tt-rss.org/)"
192.168.0.11 - - [09/Sep/2012:22:12:17 +0200] "GET /notesif/ HTTP/1.1" 302 - "-" "Tiny Tiny RSS/1.5.11 (http://tt-rss.org/)"
192.168.0.11 - - [09/Sep/2012:22:12:17 +0200] "GET /cas/themes/insa/media/favicon.ico;jsessionid=5645556C83346871C7A3FCBA6134186F.dsi-vm04 HTTP/1.1" 404 284 "-" "Tiny Tiny RSS/1.5.11 (http://tt-rss.org/)"
192.168.0.114 - - [09/Sep/2012:22:13:36 +0200] "GET /temps/3IF1.ics HTTP/1.1" 304 - "-" "DataAccess/1.0 (8C148)"
192.168.0.7 - - [09/Sep/2012:22:13:49 +0200] "GET /temps/4IF4.ics HTTP/1.1" 200 78500 "-" "Mozilla/5.0 (compatible; Googlebot/2.1; +http://www.google.com/bot.html)"
192.168.0.65 - - [09/Sep/2012:22:15:37 +0200] "GET /temps/4IF4.ics HTTP/1.1" 200 78500 "-" "DataAccess/1.0 (8J2)"
192.168.1.32 - - [09/Sep/2012:22:16:15 +0200] "GET /temps/3IF2.ics  HTTP/1.1" 304 - "-" "iOS/5.1.1 (9B206) dataaccessd/1.0"
192.168.1.35 - - [09/Sep/2012:22:16:15 +0200] "GET /SiteWebIF/Intranet-etudiant.php HTTP/1.1" 302 477 "http://if.insa-lyon.fr/" "Mozilla/5.0 (Windows NT 6.1; WOW64) AppleWebKit/537.1 (KHTML, like Gecko) Chrome/21.0.1180.89 Safari/537.1"
192.168.1.35 - - [09/Sep/2012:22:16:19 +0200] "GET /SiteWebIF/Intranet-etudiant.php HTTP/1.1" 302 477 "http://if.insa-lyon.fr/" "Mozilla/5.0 (Windows NT 6.1; WOW64) AppleWebKit/537.1 (KHTML, like Gecko) Chrome/21.0.1180.89 Safari/537.1"
192.168.1.35 - - [09/Sep/2012:22:16:26 +0200] "GET /SiteWebIF/Intranet-etudiant.php?ticket=ST-356345-5ZWQ0o7JO0d9Ik7wTdae-dsi-vm03 HTTP/1.1" 302 - "-" "Mozilla/5.0 (Windows NT 6.1; WOW64) AppleWebKit/537.1 (KHTML, like Gecko) Chrome/21.0.1180.89 Safari/537.1"
192.168.1.35 - - [09/Sep/2012:22:16:27 +0200] "GET /SiteWebIF/Intranet-etudiant.php HTTP/1.1" 200 3841 "-" "Mozilla/5.0 (Windows NT 6.1; WOW64) AppleWebKit/537.1 (KHTML, like Gecko) Chrome/21.0.1180.89 Safari/537.1"
192.168.1.35 - - [09/Sep/2012:22:16:27 +0200] "GET /stages/style_pfe.css HTTP/1.1" 200 895 "http://intranet-if.insa-lyon.fr/SiteWebIF/Intranet-etudiant.php" "Mozilla/5.0 (Windows NT 6.1; WOW64) AppleWebKit/537.1 (KHTML, like Gecko) Chrome/21.0.1180.89 Safari/537.1"
192.168.1.35 - - [09/Sep/2012:22:16:28 +0200] "GET /stages/FondInsa.jpg HTTP/1.1" 200 2828 "http://intranet-if.insa-lyon.fr/SiteWebIF/Intranet-etudiant.php" "Mozilla/5.0 (Windows NT 6.1; WOW64) AppleWebKit/537.1 (KHTML, like Gecko) Chrome/21.0.1180.89 Safari/537.1"
192.168.1.35 - - [09/Sep/2012:22:16:27 +0200] "GET /stages/bandeauFinal.jpg HTTP/1.1" 200 50390 "http://intranet-if.insa-lyon.fr/SiteWebIF/Intranet-etudiant.php" "Mozilla/5.0 (Windows NT 6.1; WOW64) AppleWebKit/537.1 (KHTML, like Gecko) Chrome/21.0.1180.89 Safari/537.1"
192.168.1.35 - - [09/Sep/2012:22:16:29 +0200] "GET /stages/InsaIF.ico HTTP/1.1" 200 766 "-" "Mozilla/5.0 (Windows NT 6.1; WOW64) AppleWebKit/537.1 (KHTML, like Gecko) Chrome/21.0.1180.89 Safari/537.1"
192.168.1.35 - - [09/Sep/2012:22:16:32 +0200] "GET /temps/ HTTP/1.1" 200 6835 "http://intranet-if.insa-lyon.fr/SiteWebIF/Intranet-etudiant.php" "Mozilla/5.0 (Windows NT 6.1; WOW64) AppleWebKit/537.1 (KHTML, like Gecko) Chrome/21.0.1180.89 Safari/537.1"
192.168.1.35 - - [09/Sep/2012:22:16:32 +0200] "GET /temps/style_emploi_du_temps.css HTTP/1.1" 200 1216 "http://intranet-if.insa-lyon.fr/temps/" "Mozilla/5.0 (Windows NT 6.1; WOW64) AppleWebKit/537.1 (KHTML, like Gecko) Chrome/21.0.1180.89 Safari/537.1"
192.168.1.35 - - [09/Sep/2012:22:16:32 +0200] "GET /temps/FondInsa.jpg HTTP/1.1" 200 2828 "http://intranet-if.insa-lyon.fr/temps/" "Mozilla/5.0 (Windows NT 6.1; WOW64) AppleWebKit/537.1 (KHTML, like Gecko) Chrome/21.0.1180.89 Safari/537.1"
192.168.1.35 - - [09/Sep/2012:22:16:32 +0200] "GET /temps/InsaIF.ico HTTP/1.1" 200 766 "-" "Mozilla/5.0 (Windows NT 6.1; WOW64) AppleWebKit/537.1 (KHTML, like Gecko) Chrome/21.0.1180.89 Safari/537.1"
192.168.1.35 - - [09/Sep/2012:22:16:34 +0200] "GET /temps/3IF37.html HTTP/1.1" 200 17269 "http://intranet-if.insa-lyon.fr/temps/" "Mozilla/5.0 (Windows NT 6.1; WOW64) AppleWebKit/537.1 (KHTML, like Gecko) Chrome/21.0.1180.89 Safari/537.1"
192.168.1.35 - - [09/Sep/2012:22:16:34 +0200] "GET /temps/precedent.gif HTTP/1.1" 200 1906 "http://intranet-if.insa-lyon.fr/temps/3IF37.html" "Mozilla/5.0 (Windows NT 6.1; WOW64) AppleWebKit/537.1 (KHTML, like Gecko) Chrome/21.0.1180.89 Safari/537.1"
192.168.1.35 - - [09/Sep/2012:22:16:34 +0200] "GET /temps/choix.gif HTTP/1.1" 200 2836 "http://intranet-if.insa-lyon.fr/temps/3IF37.html" "Mozilla/5.0 (Windows NT 6.1; WOW64) AppleWebKit/537.1 (KHTML, like Gecko) Chrome/21.0.1180.89 Safari/537.1"
192.168.1.35 - - [09/Sep/2012:22:16:34 +0200] "GET /temps/suivant.gif HTTP/1.1" 200 1634 "http://intranet-if.insa-lyon.fr/temps/3IF37.html" "Mozilla/5.0 (Windows NT 6.1; WOW64) AppleWebKit/537.1 (KHTML, like Gecko) Chrome/21.0.1180.89 Safari/537.1"
192.168.0.7 - - [09/Sep/2012:22:16:44 +0200] "GET /temps/5IF.ic HTTP/1.1" 404 210 "-" "Mozilla/5.0 (compatible; Googlebot/2.1; +http://www.google.com/bot.html)"
192.168.1.32 - - [09/Sep/2012:22:18:00 +0200] "GET /temps/3IF2.ics  HTTP/1.1" 304 - "-" "iOS/5.1.1 (9B206) dataaccessd/1.0"
192.168.0.7 - - [09/Sep/2012:22:18:32 +0200] "GET /temps/GL.ics HTTP/1.1" 200 10700 "-" "Mozilla/5.0 (compatible; Googlebot/2.1; +http://www.google.com/bot.html)"
192.168.1.39 - - [09/Sep/2012:22:19:53 +0200] "GET /temps/ HTTP/1.1" 200 6835 "http://www.google.fr/search?q=emploi+du+temps+if+insa+lyon&aq=f&oq=emploi+du+temps+if+insa+lyon&sugexp=chrome,mod=14&sourceid=chrome&ie=UTF-8" "Mozilla/5.0 (Windows NT 6.1; WOW64) AppleWebKit/537.8 (KHTML, like Gecko) Chrome/23.0.1255.0 Safari/537.8"
192.168.1.39 - - [09/Sep/2012:22:19:53 +0200] "GET /temps/style_emploi_du_temps.css HTTP/1.1" 200 1216 "http://intranet-if.insa-lyon.fr/temps/" "Mozilla/5.0 (Windows NT 6.1; WOW64) AppleWebKit/537.8 (KHTML, like Gecko) Chrome/23.0.1255.0 Safari/537.8"
192.168.1.39 - - [09/Sep/2012:22:19:53 +0200] "GET /temps/FondInsa.jpg HTTP/1.1" 200 2828 "http://intranet-if.insa-lyon.fr/temps/" "Mozilla/5.0 (Windows NT 6.1; WOW64) AppleWebKit/537.8 (KHTML, like Gecko) Chrome/23.0.1255.0 Safari/537.8"
192.168.1.39 - - [09/Sep/2012:22:19:55 +0200] "GET /temps/InsaIF.ico HTTP/1.1" 200 766 "-" "Mozilla/5.0 (Windows NT 6.1; WOW64) AppleWebKit/537.8 (KHTML, like Gecko) Chrome/23.0.1255.0 Safari/537.8"
192.168.1.39 - - [09/Sep/2012:22:20:05 +0200] "GET /temps/3IF37.html HTTP/1.1" 200 17269 "http://intranet-if.insa-lyon.fr/temps/" "Mozilla/5.0 (Windows NT 6.1; WOW64) AppleWebKit/537.8 (KHTML, like Gecko) Chrome/23.0.1255.0 Safari/537.8"
192.168.1.39 - - [09/Sep/2012:22:20:05 +0200] "GET /temps/precedent.gif HTTP/1.1" 200 1906 "http://intranet-if.insa-lyon.fr/temps/3IF37.html" "Mozilla/5.0 (Windows NT 6.1; WOW64) AppleWebKit/537.8 (KHTML, like Gecko) Chrome/23.0.1255.0 Safari/537.8"
192.168.1.39 - - [09/Sep/2012:22:20:05 +0200] "GET /temps/choix.gif HTTP/1.1" 200 2836 "http://intranet-if.insa-lyon.fr/temps/3IF37.html" "Mozilla/5.0 (Windows NT 6.1; WOW64) AppleWebKit/537.8 (KHTML, like Gecko) Chrome/23.0.1255.0 Safari/537.8"
192.168.1.39 - - [09/Sep/2012:22:20:05 +0200] "GET /temps/suivant.gif HTTP/1.1" 200 1634 "http://intranet-if.insa-lyon.fr/temps/3IF37.html" "Mozilla/5.0 (Windows NT 6.1; WOW64) AppleWebKit/537.8 (KHTML, like Gecko) Chrome/23.0.1255.0 Safari/537.8"
192.168.1.39 - - [09/Sep/2012:22:20:14 +0200] "GET /temps/INSA.jpg HTTP/1.1" 200 184548 "http://intranet-if.insa-lyon.fr/temps/3IF37.html" "Mozilla/5.0 (Windows NT 6.1; WOW64) AppleWebKit/537.8 (KHTML, like Gecko) Chrome/23.0.1255.0 Safari/537.8"
192.168.1.39 - - [09/Sep/2012:22:20:15 +0200] "GET /favicon.ico HTTP/1.1" 200 1700 "-" "Mozilla/5.0 (Windows NT 6.1; WOW64) AppleWebKit/537.8 (KHTML, like Gecko) Chrome/23.0.1255.0 Safari/537.8"
192.168.0.80 - - [09/Sep/2012:22:21:13 +0200] "GET /temps/ HTTP/1.1" 200 6835 "-" "Mozilla/5.0 (Windows NT 6.1; WOW64) AppleWebKit/534.57.2 (KHTML, like Gecko) Version/5.1.7 Safari/534.57.2"
192.168.1.39 - - [09/Sep/2012:22:21:14 +0200] "GET /temps/index.html HTTP/1.1" 200 6835 "http://intranet-if.insa-lyon.fr/temps/3IF37.html" "Mozilla/5.0 (Windows NT 6.1; WOW64) AppleWebKit/537.8 (KHTML, like Gecko) Chrome/23.0.1255.0 Safari/537.8"
192.168.1.27 - - [09/Sep/2012:22:21:28 +0200] "GET /SiteWebIF/Intranet-etudiant.php HTTP/1.1" 302 477 "http://if.insa-lyon.fr/" "Mozilla/5.0 (Windows NT 6.1; WOW64) AppleWebKit/537.1 (KHTML, like Gecko) Chrome/21.0.1180.89 Safari/537.1"
192.168.0.80 - - [09/Sep/2012:22:24:07 +0200] "GET /temps/ HTTP/1.1" 200 6835 "http://www.google.fr/url?sa=t&rct=j&q=intranet%20if&source=web&cd=1&ved=0CCMQFjAA&url=http%3A%2F%2Fintranet-if.insa-lyon.fr%2Ftemps%2F&ei=5fpMUKHDA4XKhAf87oHYCQ&usg=AFQjCNEWrHsRdIlhli_31qYl94w-yMCjpw" "Mozilla/5.0 (Windows NT 6.1; WOW64) AppleWebKit/534.57.2 (KHTML, like Gecko) Version/5.1.7 Safari/534.57.2"
192.168.0.80 - - [09/Sep/2012:22:24:07 +0200] "GET /temps/style_emploi_du_temps.css HTTP/1.1" 200 1216 "http://intranet-if.insa-lyon.fr/temps/" "Mozilla/5.0 (Windows NT 6.1; WOW64) AppleWebKit/534.57.2 (KHTML, like Gecko) Version/5.1.7 Safari/534.57.2"
192.168.0.80 - - [09/Sep/2012:22:24:07 +0200] "GET /temps/FondInsa.jpg HTTP/1.1" 200 2828 "http://intranet-if.insa-lyon.fr/temps/" "Mozilla/5.0 (Windows NT 6.1; WOW64) AppleWebKit/534.57.2 (KHTML, like Gecko) Version/5.1.7 Safari/534.57.2"
192.168.0.80 - - [09/Sep/2012:22:24:07 +0200] "GET /temps/InsaIF.ico HTTP/1.1" 200 766 "http://intranet-if.insa-lyon.fr/temps/" "Mozilla/5.0 (Windows NT 6.1; WOW64) AppleWebKit/534.57.2 (KHTML, like Gecko) Version/5.1.7 Safari/534.57.2"
192.168.0.80 - - [09/Sep/2012:22:24:14 +0200] "GET / HTTP/1.1" 200 216 "-" "Mozilla/5.0 (Windows NT 6.1; WOW64) AppleWebKit/534.57.2 (KHTML, like Gecko) Version/5.1.7 Safari/534.57.2"
192.168.0.80 - - [09/Sep/2012:22:24:14 +0200] "GET /favicon.ico HTTP/1.1" 200 1700 "http://intranet-if.insa-lyon.fr/" "Mozilla/5.0 (Windows NT 6.1; WOW64) AppleWebKit/534.57.2 (KHTML, like Gecko) Version/5.1.7 Safari/534.57.2"
192.168.1.40 - - [09/Sep/2012:22:24:18 +0200] "GET /temps/ HTTP/1.1" 200 6835 "http://www.google.fr/url?sa=t&rct=j&q=emploi%20du%20temps%20insa%20lyo&source=web&cd=1&ved=0CCcQFjAA&url=http%3A%2F%2Fintranet-if.insa-lyon.fr%2Ftemps%2F&ei=6_pMUK_OIZO3hAe3n4HgCQ&usg=AFQjCNEWrHsRdIlhli_31qYl94w-yMCjpw" "Mozilla/5.0 (Windows NT 6.1; WOW64) AppleWebKit/537.1 (KHTML, like Gecko) Chrome/21.0.1180.89 Safari/537.1"
192.168.1.40 - - [09/Sep/2012:22:24:19 +0200] "GET /temps/style_emploi_du_temps.css HTTP/1.1" 200 1216 "http://intranet-if.insa-lyon.fr/temps/" "Mozilla/5.0 (Windows NT 6.1; WOW64) AppleWebKit/537.1 (KHTML, like Gecko) Chrome/21.0.1180.89 Safari/537.1"
192.168.1.40 - - [09/Sep/2012:22:24:19 +0200] "GET /temps/FondInsa.jpg HTTP/1.1" 200 2828 "http://intranet-if.insa-lyon.fr/temps/" "Mozilla/5.0 (Windows NT 6.1; WOW64) AppleWebKit/537.1 (KHTML, like Gecko) Chrome/21.0.1180.89 Safari/537.1"
192.168.1.40 - - [09/Sep/2012:22:24:20 +0200] "GET /temps/InsaIF.ico HTTP/1.1" 200 766 "-" "Mozilla/5.0 (Windows NT 6.1; WOW64) AppleWebKit/537.1 (KHTML, like Gecko) Chrome/21.0.1180.89 Safari/537.1"
192.168.0.80 - - [09/Sep/2012:22:24:31 +0200] "GET /SiteWebIF/Intranet-etudiant.php HTTP/1.1" 302 477 "http://if.insa-lyon.fr/" "Mozilla/5.0 (Windows NT 6.1; WOW64) AppleWebKit/534.57.2 (KHTML, like Gecko) Version/5.1.7 Safari/534.57.2"
192.168.0.80 - - [09/Sep/2012:22:24:31 +0200] "GET /SiteWebIF/Intranet-etudiant.php?ticket=ST-33348-13hG4o3XUM3dPBhxFaLY-dsi-vm04 HTTP/1.1" 302 - "http://if.insa-lyon.fr/" "Mozilla/5.0 (Windows NT 6.1; WOW64) AppleWebKit/534.57.2 (KHTML, like Gecko) Version/5.1.7 Safari/534.57.2"
192.168.0.80 - - [09/Sep/2012:22:24:31 +0200] "GET /SiteWebIF/Intranet-etudiant.php HTTP/1.1" 200 3865 "http://if.insa-lyon.fr/" "Mozilla/5.0 (Windows NT 6.1; WOW64) AppleWebKit/534.57.2 (KHTML, like Gecko) Version/5.1.7 Safari/534.57.2"
192.168.0.80 - - [09/Sep/2012:22:24:32 +0200] "GET /stages/style_pfe.css HTTP/1.1" 200 895 "http://intranet-if.insa-lyon.fr/SiteWebIF/Intranet-etudiant.php" "Mozilla/5.0 (Windows NT 6.1; WOW64) AppleWebKit/534.57.2 (KHTML, like Gecko) Version/5.1.7 Safari/534.57.2"
192.168.0.80 - - [09/Sep/2012:22:24:32 +0200] "GET /stages/bandeauFinal.jpg HTTP/1.1" 200 50390 "http://intranet-if.insa-lyon.fr/SiteWebIF/Intranet-etudiant.php" "Mozilla/5.0 (Windows NT 6.1; WOW64) AppleWebKit/534.57.2 (KHTML, like Gecko) Version/5.1.7 Safari/534.57.2"
192.168.0.80 - - [09/Sep/2012:22:24:32 +0200] "GET /stages/FondInsa.jpg HTTP/1.1" 200 2828 "http://intranet-if.insa-lyon.fr/SiteWebIF/Intranet-etudiant.php" "Mozilla/5.0 (Windows NT 6.1; WOW64) AppleWebKit/534.57.2 (KHTML, like Gecko) Version/5.1.7 Safari/534.57.2"
192.168.0.80 - - [09/Sep/2012:22:24:32 +0200] "GET /stages/InsaIF.ico HTTP/1.1" 200 766 "http://intranet-if.insa-lyon.fr/SiteWebIF/Intranet-etudiant.php" "Mozilla/5.0 (Windows NT 6.1; WOW64) AppleWebKit/534.57.2 (KHTML, like Gecko) Version/5.1.7 Safari/534.57.2"
192.168.0.80 - - [09/Sep/2012:22:24:45 +0200] "GET /notesif HTTP/1.1" 301 248 "http://intranet-if.insa-lyon.fr/SiteWebIF/Intranet-etudiant.php" "Mozilla/5.0 (Windows NT 6.1; WOW64) AppleWebKit/534.57.2 (KHTML, like Gecko) Version/5.1.7 Safari/534.57.2"
192.168.0.80 - - [09/Sep/2012:22:24:45 +0200] "GET /notesif/ HTTP/1.1" 302 - "http://intranet-if.insa-lyon.fr/SiteWebIF/Intranet-etudiant.php" "Mozilla/5.0 (Windows NT 6.1; WOW64) AppleWebKit/534.57.2 (KHTML, like Gecko) Version/5.1.7 Safari/534.57.2"
192.168.0.85 - - [09/Sep/2012:22:24:54 +0200] "GET /temps/ HTTP/1.1" 200 6835 "http://www.google.fr/search?q=intranetif&ie=UTF-8&oe=UTF-8&hl=fr&client=safari" "Mozilla/5.0 (iPhone; CPU iPhone OS 5_1_1 like Mac OS X) AppleWebKit/534.46 (KHTML, like Gecko) Version/5.1 Mobile/9B208 Safari/7534.48.3"
192.168.0.85 - - [09/Sep/2012:22:24:55 +0200] "GET /temps/style_emploi_du_temps.css HTTP/1.1" 200 1216 "http://intranet-if.insa-lyon.fr/temps/" "Mozilla/5.0 (iPhone; CPU iPhone OS 5_1_1 like Mac OS X) AppleWebKit/534.46 (KHTML, like Gecko) Version/5.1 Mobile/9B208 Safari/7534.48.3"
192.168.0.85 - - [09/Sep/2012:22:24:55 +0200] "GET /temps/FondInsa.jpg HTTP/1.1" 200 2828 "http://intranet-if.insa-lyon.fr/temps/" "Mozilla/5.0 (iPhone; CPU iPhone OS 5_1_1 like Mac OS X) AppleWebKit/534.46 (KHTML, like Gecko) Version/5.1 Mobile/9B208 Safari/7534.48.3"
192.168.0.85 - - [09/Sep/2012:22:25:00 +0200] "GET /temps/3IF37.html HTTP/1.1" 200 17269 "http://intranet-if.insa-lyon.fr/temps/" "Mozilla/5.0 (iPhone; CPU iPhone OS 5_1_1 like Mac OS X) AppleWebKit/534.46 (KHTML, like Gecko) Version/5.1 Mobile/9B208 Safari/7534.48.3"
192.168.0.85 - - [09/Sep/2012:22:25:00 +0200] "GET /temps/precedent.gif HTTP/1.1" 200 1906 "http://intranet-if.insa-lyon.fr/temps/3IF37.html" "Mozilla/5.0 (iPhone; CPU iPhone OS 5_1_1 like Mac OS X) AppleWebKit/534.46 (KHTML, like Gecko) Version/5.1 Mobile/9B208 Safari/7534.48.3"
192.168.0.85 - - [09/Sep/2012:22:25:01 +0200] "GET /temps/choix.gif HTTP/1.1" 200 2836 "http://intranet-if.insa-lyon.fr/temps/3IF37.html" "Mozilla/5.0 (iPhone; CPU iPhone OS 5_1_1 like Mac OS X) AppleWebKit/534.46 (KHTML, like Gecko) Version/5.1 Mobile/9B208 Safari/7534.48.3"
192.168.0.85 - - [09/Sep/2012:22:25:01 +0200] "GET /temps/suivant.gif HTTP/1.1" 200 1634 "http://intranet-if.insa-lyon.fr/temps/3IF37.html" "Mozilla/5.0 (iPhone; CPU iPhone OS 5_1_1 like Mac OS X) AppleWebKit/534.46 (KHTML, like Gecko) Version/5.1 Mobile/9B208 Safari/7534.48.3"
192.168.1.41 - - [09/Sep/2012:22:26:04 +0200] "GET / HTTP/1.1" 200 216 "-" "Mozilla/5.0 (BlackBerry; U; BlackBerry 9900; fr) AppleWebKit/534.11+ (KHTML, like Gecko) Version/7.0.0.585 Mobile Safari/534.11+"
192.168.1.41 - - [09/Sep/2012:22:26:05 +0200] "GET /favicon.ico HTTP/1.1" 200 1700 "-" "Mozilla/5.0 (BlackBerry; U; BlackBerry 9900; fr) AppleWebKit/534.11+ (KHTML, like Gecko) Version/7.0.0.585 Mobile Safari/534.11+"
192.168.0.154 - - [09/Sep/2012:22:26:09 +0200] "GET /temps/INSA.jpg HTTP/1.1" 200 184548 "http://intranet-if.insa-lyon.fr/temps/3IF37.html" "Mozilla/5.0 (Windows NT 6.1; WOW64; rv:16.0) Gecko/20100101 Firefox/16.0"
192.168.1.40 - - [09/Sep/2012:22:26:17 +0200] "GET /temps/5IF37.html HTTP/1.1" 200 5197 "http://intranet-if.insa-lyon.fr/temps/" "Mozilla/5.0 (Windows NT 6.1; WOW64) AppleWebKit/537.1 (KHTML, like Gecko) Chrome/21.0.1180.89 Safari/537.1"
192.168.1.40 - - [09/Sep/2012:22:26:17 +0200] "GET /temps/precedent.gif HTTP/1.1" 200 1906 "http://intranet-if.insa-lyon.fr/temps/5IF37.html" "Mozilla/5.0 (Windows NT 6.1; WOW64) AppleWebKit/537.1 (KHTML, like Gecko) Chrome/21.0.1180.89 Safari/537.1"
192.168.1.40 - - [09/Sep/2012:22:26:17 +0200] "GET /temps/choix.gif HTTP/1.1" 200 2836 "http://intranet-if.insa-lyon.fr/temps/5IF37.html" "Mozilla/5.0 (Windows NT 6.1; WOW64) AppleWebKit/537.1 (KHTML, like Gecko) Chrome/21.0.1180.89 Safari/537.1"
192.168.1.40 - - [09/Sep/2012:22:26:17 +0200] "GET /temps/suivant.gif HTTP/1.1" 200 1634 "http://intranet-if.insa-lyon.fr/temps/5IF37.html" "Mozilla/5.0 (Windows NT 6.1; WOW64) AppleWebKit/537.1 (KHTML, like Gecko) Chrome/21.0.1180.89 Safari/537.1"
192.168.1.40 - - [09/Sep/2012:22:26:19 +0200] "GET /temps/5IF38.html HTTP/1.1" 200 5197 "http://intranet-if.insa-lyon.fr/temps/5IF37.html" "Mozilla/5.0 (Windows NT 6.1; WOW64) AppleWebKit/537.1 (KHTML, like Gecko) Chrome/21.0.1180.89 Safari/537.1"
192.168.1.40 - - [09/Sep/2012:22:26:19 +0200] "GET /temps/5IF39.html HTTP/1.1" 200 21282 "http://intranet-if.insa-lyon.fr/temps/5IF38.html" "Mozilla/5.0 (Windows NT 6.1; WOW64) AppleWebKit/537.1 (KHTML, like Gecko) Chrome/21.0.1180.89 Safari/537.1"
192.168.0.154 - - [09/Sep/2012:22:26:21 +0200] "GET /temps/3IF38.html HTTP/1.1" 200 21722 "http://intranet-if.insa-lyon.fr/temps/3IF37.html" "Mozilla/5.0 (Windows NT 6.1; WOW64; rv:16.0) Gecko/20100101 Firefox/16.0"
192.168.1.41 - - [09/Sep/2012:22:26:38 +0200] "GET /temps HTTP/1.1" 301 246 "-" "Mozilla/5.0 (BlackBerry; U; BlackBerry 9900; fr) AppleWebKit/534.11+ (KHTML, like Gecko) Version/7.0.0.585 Mobile Safari/534.11+"
192.168.0.11 - - [09/Sep/2012:22:28:09 +0200] "GET /notesif HTTP/1.1" 301 248 "-" "Tiny Tiny RSS/1.5.11 (http://tt-rss.org/)"
192.168.0.11 - - [09/Sep/2012:22:28:09 +0200] "GET /notesif/ HTTP/1.1" 302 - "-" "Tiny Tiny RSS/1.5.11 (http://tt-rss.org/)"
192.168.0.11 - - [09/Sep/2012:22:28:10 +0200] "GET /cas/themes/insa/media/favicon.ico;jsessionid=EB6179EECC38230924FB18B304D6015A.dsi-vm04 HTTP/1.1" 404 284 "-" "Tiny Tiny RSS/1.5.11 (http://tt-rss.org/)"
192.168.1.40 - - [09/Sep/2012:22:28:31 +0200] "GET /temps/5IF40.html HTTP/1.1" 200 20578 "http://intranet-if.insa-lyon.fr/temps/5IF39.html" "Mozilla/5.0 (Windows NT 6.1; WOW64) AppleWebKit/537.1 (KHTML, like Gecko) Chrome/21.0.1180.89 Safari/537.1"
192.168.0.63 - - [09/Sep/2012:22:28:43 +0200] "GET /temps/3IF1.ics HTTP/1.1" 304 - "-" "DataAccess/1.0 (8C148)"
192.168.1.40 - - [09/Sep/2012:22:28:43 +0200] "GET /temps/5IF41.html HTTP/1.1" 200 25153 "http://intranet-if.insa-lyon.fr/temps/5IF40.html" "Mozilla/5.0 (Windows NT 6.1; WOW64) AppleWebKit/537.1 (KHTML, like Gecko) Chrome/21.0.1180.89 Safari/537.1"
192.168.1.40 - - [09/Sep/2012:22:29:01 +0200] "GET /temps/5IF42.html HTTP/1.1" 200 19852 "http://intranet-if.insa-lyon.fr/temps/5IF41.html" "Mozilla/5.0 (Windows NT 6.1; WOW64) AppleWebKit/537.1 (KHTML, like Gecko) Chrome/21.0.1180.89 Safari/537.1"
192.168.1.40 - - [09/Sep/2012:22:29:17 +0200] "GET /temps/5IF43.html HTTP/1.1" 200 12447 "http://intranet-if.insa-lyon.fr/temps/5IF42.html" "Mozilla/5.0 (Windows NT 6.1; WOW64) AppleWebKit/537.1 (KHTML, like Gecko) Chrome/21.0.1180.89 Safari/537.1"
192.168.1.27 - - [09/Sep/2012:22:29:21 +0200] "GET /SiteWebIF/Intranet-etudiant.php?ticket=ST-33388-GKGH622rP26KiqQZTquA-dsi-vm04 HTTP/1.1" 302 - "-" "Mozilla/5.0 (Windows NT 6.1; WOW64) AppleWebKit/537.1 (KHTML, like Gecko) Chrome/21.0.1180.89 Safari/537.1"
192.168.1.27 - - [09/Sep/2012:22:29:21 +0200] "GET /SiteWebIF/Intranet-etudiant.php HTTP/1.1" 200 3868 "-" "Mozilla/5.0 (Windows NT 6.1; WOW64) AppleWebKit/537.1 (KHTML, like Gecko) Chrome/21.0.1180.89 Safari/537.1"
192.168.1.27 - - [09/Sep/2012:22:29:21 +0200] "GET /stages/style_pfe.css HTTP/1.1" 200 895 "http://intranet-if.insa-lyon.fr/SiteWebIF/Intranet-etudiant.php" "Mozilla/5.0 (Windows NT 6.1; WOW64) AppleWebKit/537.1 (KHTML, like Gecko) Chrome/21.0.1180.89 Safari/537.1"
192.168.1.40 - - [09/Sep/2012:22:29:21 +0200] "GET /temps/5IF44.html HTTP/1.1" 200 5207 "http://intranet-if.insa-lyon.fr/temps/5IF43.html" "Mozilla/5.0 (Windows NT 6.1; WOW64) AppleWebKit/537.1 (KHTML, like Gecko) Chrome/21.0.1180.89 Safari/537.1"
192.168.1.27 - - [09/Sep/2012:22:29:22 +0200] "GET /stages/FondInsa.jpg HTTP/1.1" 200 2828 "http://intranet-if.insa-lyon.fr/SiteWebIF/Intranet-etudiant.php" "Mozilla/5.0 (Windows NT 6.1; WOW64) AppleWebKit/537.1 (KHTML, like Gecko) Chrome/21.0.1180.89 Safari/537.1"
192.168.1.27 - - [09/Sep/2012:22:29:22 +0200] "GET /stages/bandeauFinal.jpg HTTP/1.1" 200 50390 "http://intranet-if.insa-lyon.fr/SiteWebIF/Intranet-etudiant.php" "Mozilla/5.0 (Windows NT 6.1; WOW64) AppleWebKit/537.1 (KHTML, like Gecko) Chrome/21.0.1180.89 Safari/537.1"
192.168.1.27 - - [09/Sep/2012:22:29:22 +0200] "GET /stages/InsaIF.ico HTTP/1.1" 200 766 "-" "Mozilla/5.0 (Windows NT 6.1; WOW64) AppleWebKit/537.1 (KHTML, like Gecko) Chrome/21.0.1180.89 Safari/537.1"
192.168.1.40 - - [09/Sep/2012:22:29:23 +0200] "GET /temps/5IF45.html HTTP/1.1" 200 19899 "http://intranet-if.insa-lyon.fr/temps/5IF44.html" "Mozilla/5.0 (Windows NT 6.1; WOW64) AppleWebKit/537.1 (KHTML, like Gecko) Chrome/21.0.1180.89 Safari/537.1"
192.168.1.27 - - [09/Sep/2012:22:29:30 +0200] "GET /permanences HTTP/1.1" 301 252 "http://intranet-if.insa-lyon.fr/SiteWebIF/Intranet-etudiant.php" "Mozilla/5.0 (Windows NT 6.1; WOW64) AppleWebKit/537.1 (KHTML, like Gecko) Chrome/21.0.1180.89 Safari/537.1"
192.168.1.27 - - [09/Sep/2012:22:29:31 +0200] "GET /permanences/ HTTP/1.1" 200 4985 "http://intranet-if.insa-lyon.fr/SiteWebIF/Intranet-etudiant.php" "Mozilla/5.0 (Windows NT 6.1; WOW64) AppleWebKit/537.1 (KHTML, like Gecko) Chrome/21.0.1180.89 Safari/537.1"
192.168.1.40 - - [09/Sep/2012:22:29:31 +0200] "GET /temps/5IF46.html HTTP/1.1" 200 24345 "http://intranet-if.insa-lyon.fr/temps/5IF45.html" "Mozilla/5.0 (Windows NT 6.1; WOW64) AppleWebKit/537.1 (KHTML, like Gecko) Chrome/21.0.1180.89 Safari/537.1"
192.168.1.27 - - [09/Sep/2012:22:29:32 +0200] "GET /favicon.ico HTTP/1.1" 200 1700 "-" "Mozilla/5.0 (Windows NT 6.1; WOW64) AppleWebKit/537.1 (KHTML, like Gecko) Chrome/21.0.1180.89 Safari/537.1"
192.168.1.40 - - [09/Sep/2012:22:29:41 +0200] "GET /temps/5IF47.html HTTP/1.1" 200 22865 "http://intranet-if.insa-lyon.fr/temps/5IF46.html" "Mozilla/5.0 (Windows NT 6.1; WOW64) AppleWebKit/537.1 (KHTML, like Gecko) Chrome/21.0.1180.89 Safari/537.1"
192.168.1.40 - - [09/Sep/2012:22:29:44 +0200] "GET /temps/5IF48.html HTTP/1.1" 200 18963 "http://intranet-if.insa-lyon.fr/temps/5IF47.html" "Mozilla/5.0 (Windows NT 6.1; WOW64) AppleWebKit/537.1 (KHTML, like Gecko) Chrome/21.0.1180.89 Safari/537.1"
192.168.1.40 - - [09/Sep/2012:22:29:46 +0200] "GET /temps/5IF49.html HTTP/1.1" 200 21913 "http://intranet-if.insa-lyon.fr/temps/5IF48.html" "Mozilla/5.0 (Windows NT 6.1; WOW64) AppleWebKit/537.1 (KHTML, like Gecko) Chrome/21.0.1180.89 Safari/537.1"
192.168.1.40 - - [09/Sep/2012:22:29:48 +0200] "GET /temps/5IF50.html HTTP/1.1" 200 11620 "http://intranet-if.insa-lyon.fr/temps/5IF49.html" "Mozilla/5.0 (Windows NT 6.1; WOW64) AppleWebKit/537.1 (KHTML, like Gecko) Chrome/21.0.1180.89 Safari/537.1"
192.168.1.27 - - [09/Sep/2012:22:30:08 +0200] "GET /notesif HTTP/1.1" 301 248 "http://intranet-if.insa-lyon.fr/SiteWebIF/Intranet-etudiant.php" "Mozilla/5.0 (Windows NT 6.1; WOW64) AppleWebKit/537.1 (KHTML, like Gecko) Chrome/21.0.1180.89 Safari/537.1"
192.168.1.27 - - [09/Sep/2012:22:30:08 +0200] "GET /notesif/ HTTP/1.1" 302 - "http://intranet-if.insa-lyon.fr/SiteWebIF/Intranet-etudiant.php" "Mozilla/5.0 (Windows NT 6.1; WOW64) AppleWebKit/537.1 (KHTML, like Gecko) Chrome/21.0.1180.89 Safari/537.1"
192.168.1.27 - - [09/Sep/2012:22:30:20 +0200] "GET /stages/ListePFE.php HTTP/1.1" 200 89 "http://intranet-if.insa-lyon.fr/SiteWebIF/Intranet-etudiant.php" "Mozilla/5.0 (Windows NT 6.1; WOW64) AppleWebKit/537.1 (KHTML, like Gecko) Chrome/21.0.1180.89 Safari/537.1"
192.168.1.27 - - [09/Sep/2012:22:30:28 +0200] "GET /SiteWebIF/Intranet-etudiant.php HTTP/1.1" 200 1815 "-" "Mozilla/5.0 (Windows NT 6.1; WOW64) AppleWebKit/537.1 (KHTML, like Gecko) Chrome/21.0.1180.89 Safari/537.1"
192.168.1.27 - - [09/Sep/2012:22:30:30 +0200] "GET /temps/ HTTP/1.1" 200 6835 "http://intranet-if.insa-lyon.fr/SiteWebIF/Intranet-etudiant.php" "Mozilla/5.0 (Windows NT 6.1; WOW64) AppleWebKit/537.1 (KHTML, like Gecko) Chrome/21.0.1180.89 Safari/537.1"
192.168.1.27 - - [09/Sep/2012:22:30:30 +0200] "GET /temps/style_emploi_du_temps.css HTTP/1.1" 200 1216 "http://intranet-if.insa-lyon.fr/temps/" "Mozilla/5.0 (Windows NT 6.1; WOW64) AppleWebKit/537.1 (KHTML, like Gecko) Chrome/21.0.1180.89 Safari/537.1"
192.168.1.27 - - [09/Sep/2012:22:30:30 +0200] "GET /temps/FondInsa.jpg HTTP/1.1" 200 2828 "http://intranet-if.insa-lyon.fr/temps/" "Mozilla/5.0 (Windows NT 6.1; WOW64) AppleWebKit/537.1 (KHTML, like Gecko) Chrome/21.0.1180.89 Safari/537.1"
192.168.1.27 - - [09/Sep/2012:22:30:30 +0200] "GET /temps/InsaIF.ico HTTP/1.1" 200 766 "-" "Mozilla/5.0 (Windows NT 6.1; WOW64) AppleWebKit/537.1 (KHTML, like Gecko) Chrome/21.0.1180.89 Safari/537.1"
192.168.1.27 - - [09/Sep/2012:22:30:39 +0200] "GET /temps/3IF37.html HTTP/1.1" 200 17269 "http://intranet-if.insa-lyon.fr/temps/" "Mozilla/5.0 (Windows NT 6.1; WOW64) AppleWebKit/537.1 (KHTML, like Gecko) Chrome/21.0.1180.89 Safari/537.1"
192.168.1.27 - - [09/Sep/2012:22:30:39 +0200] "GET /temps/precedent.gif HTTP/1.1" 200 1906 "http://intranet-if.insa-lyon.fr/temps/3IF37.html" "Mozilla/5.0 (Windows NT 6.1; WOW64) AppleWebKit/537.1 (KHTML, like Gecko) Chrome/21.0.1180.89 Safari/537.1"
192.168.1.27 - - [09/Sep/2012:22:30:39 +0200] "GET /temps/choix.gif HTTP/1.1" 200 2836 "http://intranet-if.insa-lyon.fr/temps/3IF37.html" "Mozilla/5.0 (Windows NT 6.1; WOW64) AppleWebKit/537.1 (KHTML, like Gecko) Chrome/21.0.1180.89 Safari/537.1"
192.168.1.27 - - [09/Sep/2012:22:30:39 +0200] "GET /temps/suivant.gif HTTP/1.1" 200 1634 "http://intranet-if.insa-lyon.fr/temps/3IF37.html" "Mozilla/5.0 (Windows NT 6.1; WOW64) AppleWebKit/537.1 (KHTML, like Gecko) Chrome/21.0.1180.89 Safari/537.1"
192.168.0.7 - - [09/Sep/2012:22:30:48 +0200] "GET /temps/4IF44.html HTTP/1.1" 200 5207 "-" "Mozilla/5.0 (compatible; Googlebot/2.1; +http://www.google.com/bot.html)"
192.168.1.40 - - [09/Sep/2012:22:31:30 +0200] "GET /temps/5IF51.html HTTP/1.1" 200 15498 "http://intranet-if.insa-lyon.fr/temps/5IF50.html" "Mozilla/5.0 (Windows NT 6.1; WOW64) AppleWebKit/537.1 (KHTML, like Gecko) Chrome/21.0.1180.89 Safari/537.1"
192.168.1.40 - - [09/Sep/2012:22:31:36 +0200] "GET /temps/5IF52.html HTTP/1.1" 200 5193 "http://intranet-if.insa-lyon.fr/temps/5IF51.html" "Mozilla/5.0 (Windows NT 6.1; WOW64) AppleWebKit/537.1 (KHTML, like Gecko) Chrome/21.0.1180.89 Safari/537.1"
192.168.1.40 - - [09/Sep/2012:22:31:37 +0200] "GET /temps/5IF1.html HTTP/1.1" 200 5281 "http://intranet-if.insa-lyon.fr/temps/5IF52.html" "Mozilla/5.0 (Windows NT 6.1; WOW64) AppleWebKit/537.1 (KHTML, like Gecko) Chrome/21.0.1180.89 Safari/537.1"
192.168.1.40 - - [09/Sep/2012:22:31:38 +0200] "GET /temps/5IF2.html HTTP/1.1" 200 17313 "http://intranet-if.insa-lyon.fr/temps/5IF1.html" "Mozilla/5.0 (Windows NT 6.1; WOW64) AppleWebKit/537.1 (KHTML, like Gecko) Chrome/21.0.1180.89 Safari/537.1"
192.168.0.10 - - [09/Sep/2012:22:32:39 +0200] "GET /notesif/RSS/RSS_4IF.xml HTTP/1.1" 200 57760 "http://intranet-if.insa-lyon.fr/notesif/RSS/RSS_4IF.xml" "Blogtrottr/2.0"
192.168.1.40 - - [09/Sep/2012:22:32:41 +0200] "GET /temps/5IF3.html HTTP/1.1" 200 19908 "http://intranet-if.insa-lyon.fr/temps/5IF2.html" "Mozilla/5.0 (Windows NT 6.1; WOW64) AppleWebKit/537.1 (KHTML, like Gecko) Chrome/21.0.1180.89 Safari/537.1"
192.168.1.40 - - [09/Sep/2012:22:32:50 +0200] "GET /temps/5IF4.html HTTP/1.1" 200 19044 "http://intranet-if.insa-lyon.fr/temps/5IF3.html" "Mozilla/5.0 (Windows NT 6.1; WOW64) AppleWebKit/537.1 (KHTML, like Gecko) Chrome/21.0.1180.89 Safari/537.1"
192.168.1.40 - - [09/Sep/2012:22:32:58 +0200] "GET /temps/5IF5.html HTTP/1.1" 200 20411 "http://intranet-if.insa-lyon.fr/temps/5IF4.html" "Mozilla/5.0 (Windows NT 6.1; WOW64) AppleWebKit/537.1 (KHTML, like Gecko) Chrome/21.0.1180.89 Safari/537.1"
192.168.1.40 - - [09/Sep/2012:22:32:59 +0200] "GET /temps/5IF6.html HTTP/1.1" 200 12024 "http://intranet-if.insa-lyon.fr/temps/5IF5.html" "Mozilla/5.0 (Windows NT 6.1; WOW64) AppleWebKit/537.1 (KHTML, like Gecko) Chrome/21.0.1180.89 Safari/537.1"
192.168.1.40 - - [09/Sep/2012:22:33:01 +0200] "GET /temps/5IF7.html HTTP/1.1" 200 13196 "http://intranet-if.insa-lyon.fr/temps/5IF6.html" "Mozilla/5.0 (Windows NT 6.1; WOW64) AppleWebKit/537.1 (KHTML, like Gecko) Chrome/21.0.1180.89 Safari/537.1"
192.168.1.40 - - [09/Sep/2012:22:33:03 +0200] "GET /temps/5IF8.html HTTP/1.1" 200 13520 "http://intranet-if.insa-lyon.fr/temps/5IF7.html" "Mozilla/5.0 (Windows NT 6.1; WOW64) AppleWebKit/537.1 (KHTML, like Gecko) Chrome/21.0.1180.89 Safari/537.1"
192.168.1.40 - - [09/Sep/2012:22:33:04 +0200] "GET /temps/5IF9.html HTTP/1.1" 200 5196 "http://intranet-if.insa-lyon.fr/temps/5IF8.html" "Mozilla/5.0 (Windows NT 6.1; WOW64) AppleWebKit/537.1 (KHTML, like Gecko) Chrome/21.0.1180.89 Safari/537.1"
192.168.1.40 - - [09/Sep/2012:22:33:05 +0200] "GET /temps/5IF10.html HTTP/1.1" 200 14397 "http://intranet-if.insa-lyon.fr/temps/5IF9.html" "Mozilla/5.0 (Windows NT 6.1; WOW64) AppleWebKit/537.1 (KHTML, like Gecko) Chrome/21.0.1180.89 Safari/537.1"
192.168.1.40 - - [09/Sep/2012:22:33:06 +0200] "GET /temps/5IF11.html HTTP/1.1" 200 13586 "http://intranet-if.insa-lyon.fr/temps/5IF10.html" "Mozilla/5.0 (Windows NT 6.1; WOW64) AppleWebKit/537.1 (KHTML, like Gecko) Chrome/21.0.1180.89 Safari/537.1"
192.168.1.40 - - [09/Sep/2012:22:33:07 +0200] "GET /temps/5IF12.html HTTP/1.1" 200 13166 "http://intranet-if.insa-lyon.fr/temps/5IF11.html" "Mozilla/5.0 (Windows NT 6.1; WOW64) AppleWebKit/537.1 (KHTML, like Gecko) Chrome/21.0.1180.89 Safari/537.1"
192.168.1.40 - - [09/Sep/2012:22:33:08 +0200] "GET /temps/5IF13.html HTTP/1.1" 200 6517 "http://intranet-if.insa-lyon.fr/temps/5IF12.html" "Mozilla/5.0 (Windows NT 6.1; WOW64) AppleWebKit/537.1 (KHTML, like Gecko) Chrome/21.0.1180.89 Safari/537.1"
192.168.1.40 - - [09/Sep/2012:22:33:09 +0200] "GET /temps/5IF14.html HTTP/1.1" 200 6390 "http://intranet-if.insa-lyon.fr/temps/5IF13.html" "Mozilla/5.0 (Windows NT 6.1; WOW64) AppleWebKit/537.1 (KHTML, like Gecko) Chrome/21.0.1180.89 Safari/537.1"
192.168.1.40 - - [09/Sep/2012:22:33:10 +0200] "GET /temps/5IF15.html HTTP/1.1" 200 6515 "http://intranet-if.insa-lyon.fr/temps/5IF14.html" "Mozilla/5.0 (Windows NT 6.1; WOW64) AppleWebKit/537.1 (KHTML, like Gecko) Chrome/21.0.1180.89 Safari/537.1"
192.168.1.40 - - [09/Sep/2012:22:33:11 +0200] "GET /temps/5IF16.html HTTP/1.1" 200 6519 "http://intranet-if.insa-lyon.fr/temps/5IF15.html" "Mozilla/5.0 (Windows NT 6.1; WOW64) AppleWebKit/537.1 (KHTML, like Gecko) Chrome/21.0.1180.89 Safari/537.1"
192.168.1.40 - - [09/Sep/2012:22:33:11 +0200] "GET /temps/5IF17.html HTTP/1.1" 200 5189 "http://intranet-if.insa-lyon.fr/temps/5IF16.html" "Mozilla/5.0 (Windows NT 6.1; WOW64) AppleWebKit/537.1 (KHTML, like Gecko) Chrome/21.0.1180.89 Safari/537.1"
192.168.1.40 - - [09/Sep/2012:22:33:12 +0200] "GET /temps/5IF18.html HTTP/1.1" 200 5192 "http://intranet-if.insa-lyon.fr/temps/5IF17.html" "Mozilla/5.0 (Windows NT 6.1; WOW64) AppleWebKit/537.1 (KHTML, like Gecko) Chrome/21.0.1180.89 Safari/537.1"
192.168.1.40 - - [09/Sep/2012:22:33:12 +0200] "GET /temps/5IF19.html HTTP/1.1" 200 6269 "http://intranet-if.insa-lyon.fr/temps/5IF18.html" "Mozilla/5.0 (Windows NT 6.1; WOW64) AppleWebKit/537.1 (KHTML, like Gecko) Chrome/21.0.1180.89 Safari/537.1"
192.168.1.40 - - [09/Sep/2012:22:33:14 +0200] "GET /temps/5IF20.html HTTP/1.1" 200 6515 "http://intranet-if.insa-lyon.fr/temps/5IF19.html" "Mozilla/5.0 (Windows NT 6.1; WOW64) AppleWebKit/537.1 (KHTML, like Gecko) Chrome/21.0.1180.89 Safari/537.1"
192.168.1.40 - - [09/Sep/2012:22:33:14 +0200] "GET /temps/5IF21.html HTTP/1.1" 200 6395 "http://intranet-if.insa-lyon.fr/temps/5IF20.html" "Mozilla/5.0 (Windows NT 6.1; WOW64) AppleWebKit/537.1 (KHTML, like Gecko) Chrome/21.0.1180.89 Safari/537.1"
192.168.1.40 - - [09/Sep/2012:22:34:10 +0200] "GET /temps/5IF22.html HTTP/1.1" 200 6395 "http://intranet-if.insa-lyon.fr/temps/5IF21.html" "Mozilla/5.0 (Windows NT 6.1; WOW64) AppleWebKit/537.1 (KHTML, like Gecko) Chrome/21.0.1180.89 Safari/537.1"
192.168.1.40 - - [09/Sep/2012:22:34:10 +0200] "GET /temps/5IF23.html HTTP/1.1" 200 6508 "http://intranet-if.insa-lyon.fr/temps/5IF22.html" "Mozilla/5.0 (Windows NT 6.1; WOW64) AppleWebKit/537.1 (KHTML, like Gecko) Chrome/21.0.1180.89 Safari/537.1"
192.168.1.40 - - [09/Sep/2012:22:34:11 +0200] "GET /temps/5IF24.html HTTP/1.1" 200 6517 "http://intranet-if.insa-lyon.fr/temps/5IF23.html" "Mozilla/5.0 (Windows NT 6.1; WOW64) AppleWebKit/537.1 (KHTML, like Gecko) Chrome/21.0.1180.89 Safari/537.1"
192.168.1.40 - - [09/Sep/2012:22:34:11 +0200] "GET /temps/5IF25.html HTTP/1.1" 200 6517 "http://intranet-if.insa-lyon.fr/temps/5IF24.html" "Mozilla/5.0 (Windows NT 6.1; WOW64) AppleWebKit/537.1 (KHTML, like Gecko) Chrome/21.0.1180.89 Safari/537.1"
192.168.1.40 - - [09/Sep/2012:22:34:11 +0200] "GET /temps/5IF26.html HTTP/1.1" 200 6517 "http://intranet-if.insa-lyon.fr/temps/5IF25.html" "Mozilla/5.0 (Windows NT 6.1; WOW64) AppleWebKit/537.1 (KHTML, like Gecko) Chrome/21.0.1180.89 Safari/537.1"
192.168.1.40 - - [09/Sep/2012:22:34:12 +0200] "GET /temps/5IF27.html HTTP/1.1" 200 6504 "http://intranet-if.insa-lyon.fr/temps/5IF26.html" "Mozilla/5.0 (Windows NT 6.1; WOW64) AppleWebKit/537.1 (KHTML, like Gecko) Chrome/21.0.1180.89 Safari/537.1"
192.168.1.40 - - [09/Sep/2012:22:34:12 +0200] "GET /temps/.html HTTP/1.1" 403 213 "http://intranet-if.insa-lyon.fr/temps/5IF27.html" "Mozilla/5.0 (Windows NT 6.1; WOW64) AppleWebKit/537.1 (KHTML, like Gecko) Chrome/21.0.1180.89 Safari/537.1"
192.168.1.40 - - [09/Sep/2012:22:34:13 +0200] "GET /favicon.ico HTTP/1.1" 200 1700 "-" "Mozilla/5.0 (Windows NT 6.1; WOW64) AppleWebKit/537.1 (KHTML, like Gecko) Chrome/21.0.1180.89 Safari/537.1"
192.168.0.139 - - [09/Sep/2012:22:38:08 +0200] "GET /temps/3IF1.ics HTTP/1.1" 304 - "-" "DataAccess/1.0 (8C148)"
192.168.1.42 - - [09/Sep/2012:22:40:31 +0200] "GET /temps HTTP/1.1" 301 246 "-" "Mozilla/5.0 (BlackBerry; U; BlackBerry 9900; fr) AppleWebKit/534.11+ (KHTML, like Gecko) Version/7.0.0.585 Mobile Safari/534.11+"
192.168.1.42 - - [09/Sep/2012:22:40:32 +0200] "GET /temps/ HTTP/1.1" 200 6835 "-" "Mozilla/5.0 (BlackBerry; U; BlackBerry 9900; fr) AppleWebKit/534.11+ (KHTML, like Gecko) Version/7.0.0.585 Mobile Safari/534.11+"
192.168.1.42 - - [09/Sep/2012:22:40:34 +0200] "GET /temps/style_emploi_du_temps.css HTTP/1.1" 200 1216 "http://intranet-if.insa-lyon.fr/temps/" "Mozilla/5.0 (BlackBerry; U; BlackBerry 9900; fr) AppleWebKit/534.11+ (KHTML, like Gecko) Version/7.0.0.585 Mobile Safari/534.11+"
192.168.1.42 - - [09/Sep/2012:22:40:35 +0200] "GET /temps/FondInsa.jpg HTTP/1.1" 200 2828 "http://intranet-if.insa-lyon.fr/temps/" "Mozilla/5.0 (BlackBerry; U; BlackBerry 9900; fr) AppleWebKit/534.11+ (KHTML, like Gecko) Version/7.0.0.585 Mobile Safari/534.11+"
192.168.1.42 - - [09/Sep/2012:22:40:44 +0200] "GET /temps/InsaIF.ico HTTP/1.1" 200 766 "-" "Mozilla/5.0 (BlackBerry; U; BlackBerry 9900; fr) AppleWebKit/534.11+ (KHTML, like Gecko) Version/7.0.0.585 Mobile Safari/534.11+"
192.168.1.42 - - [09/Sep/2012:22:41:34 +0200] "GET /temps/3IF1.ics HTTP/1.1" 200 121307 "-" "Mozilla/5.0 (BlackBerry; U; BlackBerry 9900; fr) AppleWebKit/534.11+ (KHTML, like Gecko) Version/7.0.0.585 Mobile Safari/534.11+"
192.168.0.11 - - [09/Sep/2012:22:44:51 +0200] "GET /notesif HTTP/1.1" 301 248 "-" "Tiny Tiny RSS/1.5.11 (http://tt-rss.org/)"
192.168.0.11 - - [09/Sep/2012:22:44:51 +0200] "GET /notesif/ HTTP/1.1" 302 - "-" "Tiny Tiny RSS/1.5.11 (http://tt-rss.org/)"
192.168.0.11 - - [09/Sep/2012:22:44:51 +0200] "GET /cas/themes/insa/media/favicon.ico;jsessionid=1E96412DECF89E33AB73DB68F9CA6856.dsi-vm03 HTTP/1.1" 404 284 "-" "Tiny Tiny RSS/1.5.11 (http://tt-rss.org/)"
192.168.0.65 - - [09/Sep/2012:22:48:19 +0200] "GET /temps/4IF4.ics HTTP/1.1" 200 78500 "-" "DataAccess/1.0 (8J2)"
192.168.1.43 - - [09/Sep/2012:22:48:28 +0200] "GET /SiteWebIF/Intranet-etudiant.php HTTP/1.1" 302 477 "http://if.insa-lyon.fr/" "Mozilla/5.0 (Windows NT 6.1; WOW64; rv:15.0) Gecko/20100101 Firefox/15.0.1"
192.168.1.43 - - [09/Sep/2012:22:48:29 +0200] "GET /SiteWebIF/Intranet-etudiant.php?ticket=ST-33536-7BlFpCbxpf95b7Oyg2Zc-dsi-vm04 HTTP/1.1" 302 - "http://if.insa-lyon.fr/" "Mozilla/5.0 (Windows NT 6.1; WOW64; rv:15.0) Gecko/20100101 Firefox/15.0.1"
192.168.1.43 - - [09/Sep/2012:22:48:31 +0200] "GET /SiteWebIF/Intranet-etudiant.php HTTP/1.1" 200 3809 "http://if.insa-lyon.fr/" "Mozilla/5.0 (Windows NT 6.1; WOW64; rv:15.0) Gecko/20100101 Firefox/15.0.1"
192.168.0.12 - - [09/Sep/2012:22:49:58 +0200] "GET /notesif/RSS/RSS_3IF.xml HTTP/1.1" 200 95847 "-" "Feedfetcher-Google; (+http://www.google.com/feedfetcher.html; 2 subscribers; feed-id=16425187501328177924)"
192.168.1.43 - - [09/Sep/2012:22:51:41 +0200] "GET /temps/INSA.jpg HTTP/1.1" 200 184548 "http://intranet-if.insa-lyon.fr/temps/3IF37.html" "Mozilla/5.0 (Windows NT 6.1; WOW64; rv:15.0) Gecko/20100101 Firefox/15.0.1"
192.168.0.135 - - [09/Sep/2012:22:52:27 +0200] "GET /temps/3IF1.ics HTTP/1.1" 304 - "-" "DataAccess/1.0 (8C148)"
192.168.1.44 - - [09/Sep/2012:22:52:45 +0200] "GET /SiteWebIF/Intranet-etudiant.php HTTP/1.1" 302 477 "http://if.insa-lyon.fr/" "Mozilla/5.0 (Windows NT 6.1) AppleWebKit/537.1 (KHTML, like Gecko) Chrome/21.0.1180.89 Safari/537.1"
